Archive member included to satisfy reference by file (symbol)

c:/st/stm32cubeide_1.7.0/stm32cubeide/plugins/com.st.stm32cube.ide.mcu.externaltools.gnu-tools-for-stm32.9-2020-q2-update.win32_2.0.0.202105311346/tools/bin/../lib/gcc/arm-none-eabi/9.3.1/../../../../arm-none-eabi/lib/thumb/v7-m/nofp\libc_nano.a(lib_a-errno.o)
                              ./Core/Src/syscalls.o (__errno)
c:/st/stm32cubeide_1.7.0/stm32cubeide/plugins/com.st.stm32cube.ide.mcu.externaltools.gnu-tools-for-stm32.9-2020-q2-update.win32_2.0.0.202105311346/tools/bin/../lib/gcc/arm-none-eabi/9.3.1/../../../../arm-none-eabi/lib/thumb/v7-m/nofp\libc_nano.a(lib_a-exit.o)
                              c:/st/stm32cubeide_1.7.0/stm32cubeide/plugins/com.st.stm32cube.ide.mcu.externaltools.gnu-tools-for-stm32.9-2020-q2-update.win32_2.0.0.202105311346/tools/bin/../lib/gcc/arm-none-eabi/9.3.1/../../../../arm-none-eabi/lib/thumb/v7-m/nofp/crt0.o (exit)
c:/st/stm32cubeide_1.7.0/stm32cubeide/plugins/com.st.stm32cube.ide.mcu.externaltools.gnu-tools-for-stm32.9-2020-q2-update.win32_2.0.0.202105311346/tools/bin/../lib/gcc/arm-none-eabi/9.3.1/../../../../arm-none-eabi/lib/thumb/v7-m/nofp\libc_nano.a(lib_a-impure.o)
                              c:/st/stm32cubeide_1.7.0/stm32cubeide/plugins/com.st.stm32cube.ide.mcu.externaltools.gnu-tools-for-stm32.9-2020-q2-update.win32_2.0.0.202105311346/tools/bin/../lib/gcc/arm-none-eabi/9.3.1/../../../../arm-none-eabi/lib/thumb/v7-m/nofp\libc_nano.a(lib_a-exit.o) (_global_impure_ptr)
c:/st/stm32cubeide_1.7.0/stm32cubeide/plugins/com.st.stm32cube.ide.mcu.externaltools.gnu-tools-for-stm32.9-2020-q2-update.win32_2.0.0.202105311346/tools/bin/../lib/gcc/arm-none-eabi/9.3.1/../../../../arm-none-eabi/lib/thumb/v7-m/nofp\libc_nano.a(lib_a-init.o)
                              c:/st/stm32cubeide_1.7.0/stm32cubeide/plugins/com.st.stm32cube.ide.mcu.externaltools.gnu-tools-for-stm32.9-2020-q2-update.win32_2.0.0.202105311346/tools/bin/../lib/gcc/arm-none-eabi/9.3.1/../../../../arm-none-eabi/lib/thumb/v7-m/nofp/crt0.o (__libc_init_array)
c:/st/stm32cubeide_1.7.0/stm32cubeide/plugins/com.st.stm32cube.ide.mcu.externaltools.gnu-tools-for-stm32.9-2020-q2-update.win32_2.0.0.202105311346/tools/bin/../lib/gcc/arm-none-eabi/9.3.1/../../../../arm-none-eabi/lib/thumb/v7-m/nofp\libc_nano.a(lib_a-memcpy-stub.o)
                              ./Core/Src/main.o (memcpy)
c:/st/stm32cubeide_1.7.0/stm32cubeide/plugins/com.st.stm32cube.ide.mcu.externaltools.gnu-tools-for-stm32.9-2020-q2-update.win32_2.0.0.202105311346/tools/bin/../lib/gcc/arm-none-eabi/9.3.1/../../../../arm-none-eabi/lib/thumb/v7-m/nofp\libc_nano.a(lib_a-memset.o)
                              c:/st/stm32cubeide_1.7.0/stm32cubeide/plugins/com.st.stm32cube.ide.mcu.externaltools.gnu-tools-for-stm32.9-2020-q2-update.win32_2.0.0.202105311346/tools/bin/../lib/gcc/arm-none-eabi/9.3.1/../../../../arm-none-eabi/lib/thumb/v7-m/nofp/crt0.o (memset)

Allocating common symbols
Common symbol       size              file

triggerup_taskHandle
                    0x4               ./Core/Src/main.o
valid_buffer        0x8               ./Core/Src/btn_matrix.o
hdma_usart3_rx      0x44              ./Core/Src/main.o
huart3              0x44              ./Core/Src/main.o
uwTick              0x4               ./Drivers/STM32F1xx_HAL_Driver/Src/stm32f1xx_hal.o
xQueueRegistry      0x40              ./Middlewares/Third_Party/FreeRTOS/Source/queue.o
pFlash              0x20              ./Drivers/STM32F1xx_HAL_Driver/Src/stm32f1xx_hal_flash.o
btn_taskHandle      0x4               ./Core/Src/main.o
valid_buffer_prev   0x8               ./Core/Src/btn_matrix.o
huart1              0x44              ./Core/Src/main.o
rs485_taskHandle    0x4               ./Core/Src/main.o
cmd_qHandle         0x4               ./Core/Src/main.o
debounce_buffer_1   0x8               ./Core/Src/btn_matrix.o
debounce_buffer_2   0x8               ./Core/Src/btn_matrix.o

Discarded input sections

 .text          0x0000000000000000        0x0 c:/st/stm32cubeide_1.7.0/stm32cubeide/plugins/com.st.stm32cube.ide.mcu.externaltools.gnu-tools-for-stm32.9-2020-q2-update.win32_2.0.0.202105311346/tools/bin/../lib/gcc/arm-none-eabi/9.3.1/thumb/v7-m/nofp/crti.o
 .data          0x0000000000000000        0x0 c:/st/stm32cubeide_1.7.0/stm32cubeide/plugins/com.st.stm32cube.ide.mcu.externaltools.gnu-tools-for-stm32.9-2020-q2-update.win32_2.0.0.202105311346/tools/bin/../lib/gcc/arm-none-eabi/9.3.1/thumb/v7-m/nofp/crti.o
 .bss           0x0000000000000000        0x0 c:/st/stm32cubeide_1.7.0/stm32cubeide/plugins/com.st.stm32cube.ide.mcu.externaltools.gnu-tools-for-stm32.9-2020-q2-update.win32_2.0.0.202105311346/tools/bin/../lib/gcc/arm-none-eabi/9.3.1/thumb/v7-m/nofp/crti.o
 .data          0x0000000000000000        0x4 c:/st/stm32cubeide_1.7.0/stm32cubeide/plugins/com.st.stm32cube.ide.mcu.externaltools.gnu-tools-for-stm32.9-2020-q2-update.win32_2.0.0.202105311346/tools/bin/../lib/gcc/arm-none-eabi/9.3.1/thumb/v7-m/nofp/crtbegin.o
[...]
Memory Configuration

Name             Origin             Length             Attributes
RAM              0x0000000020000000 0x0000000000005000 xrw
FLASH            0x0000000008000000 0x0000000000010000 xr
*default*        0x0000000000000000 0xffffffffffffffff

Linker script and memory map

LOAD c:/st/stm32cubeide_1.7.0/stm32cubeide/plugins/com.st.stm32cube.ide.mcu.externaltools.gnu-tools-for-stm32.9-2020-q2-update.win32_2.0.0.202105311346/tools/bin/../lib/gcc/arm-none-eabi/9.3.1/thumb/v7-m/nofp/crti.o
LOAD c:/st/stm32cubeide_1.7.0/stm32cubeide/plugins/com.st.stm32cube.ide.mcu.externaltools.gnu-tools-for-stm32.9-2020-q2-update.win32_2.0.0.202105311346/tools/bin/../lib/gcc/arm-none-eabi/9.3.1/thumb/v7-m/nofp/crtbegin.o
LOAD c:/st/stm32cubeide_1.7.0/stm32cubeide/plugins/com.st.stm32cube.ide.mcu.externaltools.gnu-tools-for-stm32.9-2020-q2-update.win32_2.0.0.202105311346/tools/bin/../lib/gcc/arm-none-eabi/9.3.1/../../../../arm-none-eabi/lib/thumb/v7-m/nofp/crt0.o
LOAD ./Core/Src/btn_matrix.o
LOAD ./Core/Src/crc.o
LOAD ./Core/Src/freertos.o
LOAD ./Core/Src/main.o
LOAD ./Core/Src/rs485.o
LOAD ./Core/Src/stm32f1xx_hal_msp.o
LOAD ./Core/Src/stm32f1xx_it.o
LOAD ./Core/Src/syscalls.o
LOAD ./Core/Src/sysmem.o
LOAD ./Core/Src/system_stm32f1xx.o
LOAD ./Core/Startup/startup_stm32f103c8tx.o
LOAD ./Drivers/STM32F1xx_HAL_Driver/Src/stm32f1xx_hal.o
LOAD ./Drivers/STM32F1xx_HAL_Driver/Src/stm32f1xx_hal_cortex.o
LOAD ./Drivers/STM32F1xx_HAL_Driver/Src/stm32f1xx_hal_dma.o
LOAD ./Drivers/STM32F1xx_HAL_Driver/Src/stm32f1xx_hal_exti.o
LOAD ./Drivers/STM32F1xx_HAL_Driver/Src/stm32f1xx_hal_flash.o
LOAD ./Drivers/STM32F1xx_HAL_Driver/Src/stm32f1xx_hal_flash_ex.o
LOAD ./Drivers/STM32F1xx_HAL_Driver/Src/stm32f1xx_hal_gpio.o
LOAD ./Drivers/STM32F1xx_HAL_Driver/Src/stm32f1xx_hal_gpio_ex.o
LOAD ./Drivers/STM32F1xx_HAL_Driver/Src/stm32f1xx_hal_pwr.o
LOAD ./Drivers/STM32F1xx_HAL_Driver/Src/stm32f1xx_hal_rcc.o
LOAD ./Drivers/STM32F1xx_HAL_Driver/Src/stm32f1xx_hal_rcc_ex.o
LOAD ./Drivers/STM32F1xx_HAL_Driver/Src/stm32f1xx_hal_tim.o
LOAD ./Drivers/STM32F1xx_HAL_Driver/Src/stm32f1xx_hal_tim_ex.o
LOAD ./Drivers/STM32F1xx_HAL_Driver/Src/stm32f1xx_hal_uart.o
LOAD ./Middlewares/Third_Party/FreeRTOS/Source/CMSIS_RTOS_V2/cmsis_os2.o
LOAD ./Middlewares/Third_Party/FreeRTOS/Source/croutine.o
LOAD ./Middlewares/Third_Party/FreeRTOS/Source/event_groups.o
LOAD ./Middlewares/Third_Party/FreeRTOS/Source/list.o
LOAD ./Middlewares/Third_Party/FreeRTOS/Source/queue.o
LOAD ./Middlewares/Third_Party/FreeRTOS/Source/stream_buffer.o
LOAD ./Middlewares/Third_Party/FreeRTOS/Source/tasks.o
LOAD ./Middlewares/Third_Party/FreeRTOS/Source/timers.o
LOAD ./Middlewares/Third_Party/FreeRTOS/Source/portable/GCC/ARM_CM3/port.o
LOAD ./Middlewares/Third_Party/FreeRTOS/Source/portable/MemMang/heap_4.o
START GROUP
LOAD c:/st/stm32cubeide_1.7.0/stm32cubeide/plugins/com.st.stm32cube.ide.mcu.externaltools.gnu-tools-for-stm32.9-2020-q2-update.win32_2.0.0.202105311346/tools/bin/../lib/gcc/arm-none-eabi/9.3.1/../../../../arm-none-eabi/lib/thumb/v7-m/nofp\libc_nano.a
LOAD c:/st/stm32cubeide_1.7.0/stm32cubeide/plugins/com.st.stm32cube.ide.mcu.externaltools.gnu-tools-for-stm32.9-2020-q2-update.win32_2.0.0.202105311346/tools/bin/../lib/gcc/arm-none-eabi/9.3.1/../../../../arm-none-eabi/lib/thumb/v7-m/nofp\libm.a
END GROUP
START GROUP
LOAD c:/st/stm32cubeide_1.7.0/stm32cubeide/plugins/com.st.stm32cube.ide.mcu.externaltools.gnu-tools-for-stm32.9-2020-q2-update.win32_2.0.0.202105311346/tools/bin/../lib/gcc/arm-none-eabi/9.3.1/thumb/v7-m/nofp\libgcc.a
LOAD c:/st/stm32cubeide_1.7.0/stm32cubeide/plugins/com.st.stm32cube.ide.mcu.externaltools.gnu-tools-for-stm32.9-2020-q2-update.win32_2.0.0.202105311346/tools/bin/../lib/gcc/arm-none-eabi/9.3.1/../../../../arm-none-eabi/lib/thumb/v7-m/nofp\libc_nano.a
END GROUP
START GROUP
LOAD c:/st/stm32cubeide_1.7.0/stm32cubeide/plugins/com.st.stm32cube.ide.mcu.externaltools.gnu-tools-for-stm32.9-2020-q2-update.win32_2.0.0.202105311346/tools/bin/../lib/gcc/arm-none-eabi/9.3.1/thumb/v7-m/nofp\libgcc.a
LOAD c:/st/stm32cubeide_1.7.0/stm32cubeide/plugins/com.st.stm32cube.ide.mcu.externaltools.gnu-tools-for-stm32.9-2020-q2-update.win32_2.0.0.202105311346/tools/bin/../lib/gcc/arm-none-eabi/9.3.1/../../../../arm-none-eabi/lib/thumb/v7-m/nofp\libc_nano.a
LOAD c:/st/stm32cubeide_1.7.0/stm32cubeide/plugins/com.st.stm32cube.ide.mcu.externaltools.gnu-tools-for-stm32.9-2020-q2-update.win32_2.0.0.202105311346/tools/bin/../lib/gcc/arm-none-eabi/9.3.1/../../../../arm-none-eabi/lib/thumb/v7-m/nofp\libnosys.a
END GROUP
START GROUP
LOAD c:/st/stm32cubeide_1.7.0/stm32cubeide/plugins/com.st.stm32cube.ide.mcu.externaltools.gnu-tools-for-stm32.9-2020-q2-update.win32_2.0.0.202105311346/tools/bin/../lib/gcc/arm-none-eabi/9.3.1/thumb/v7-m/nofp\libgcc.a
LOAD c:/st/stm32cubeide_1.7.0/stm32cubeide/plugins/com.st.stm32cube.ide.mcu.externaltools.gnu-tools-for-stm32.9-2020-q2-update.win32_2.0.0.202105311346/tools/bin/../lib/gcc/arm-none-eabi/9.3.1/../../../../arm-none-eabi/lib/thumb/v7-m/nofp\libc_nano.a
LOAD c:/st/stm32cubeide_1.7.0/stm32cubeide/plugins/com.st.stm32cube.ide.mcu.externaltools.gnu-tools-for-stm32.9-2020-q2-update.win32_2.0.0.202105311346/tools/bin/../lib/gcc/arm-none-eabi/9.3.1/../../../../arm-none-eabi/lib/thumb/v7-m/nofp\libnosys.a
END GROUP
LOAD c:/st/stm32cubeide_1.7.0/stm32cubeide/plugins/com.st.stm32cube.ide.mcu.externaltools.gnu-tools-for-stm32.9-2020-q2-update.win32_2.0.0.202105311346/tools/bin/../lib/gcc/arm-none-eabi/9.3.1/thumb/v7-m/nofp/crtend.o
LOAD c:/st/stm32cubeide_1.7.0/stm32cubeide/plugins/com.st.stm32cube.ide.mcu.externaltools.gnu-tools-for-stm32.9-2020-q2-update.win32_2.0.0.202105311346/tools/bin/../lib/gcc/arm-none-eabi/9.3.1/thumb/v7-m/nofp/crtn.o
                0x0000000020005000                _estack = (ORIGIN (RAM) + LENGTH (RAM))
                0x0000000000000200                _Min_Heap_Size = 0x200
                0x0000000000000400                _Min_Stack_Size = 0x400

.isr_vector     0x0000000008000000      0x10c
                0x0000000008000000                . = ALIGN (0x4)
 *(.isr_vector)
 .isr_vector    0x0000000008000000      0x10c ./Core/Startup/startup_stm32f103c8tx.o
                0x0000000008000000                g_pfnVectors
                0x000000000800010c                . = ALIGN (0x4)

.text           0x0000000008000110     0x52a8
                0x0000000008000110                . = ALIGN (0x4)
 *(.text)
 .text          0x0000000008000110       0x40 c:/st/stm32cubeide_1.7.0/stm32cubeide/plugins/com.st.stm32cube.ide.mcu.externaltools.gnu-tools-for-stm32.9-2020-q2-update.win32_2.0.0.202105311346/tools/bin/../lib/gcc/arm-none-eabi/9.3.1/thumb/v7-m/nofp/crtbegin.o
 *(.text*)
 .text.gpio_write_pin
                0x0000000008000150       0x24 ./Core/Src/btn_matrix.o
 .text.gpio_read_pin
                0x0000000008000174       0x20 ./Core/Src/btn_matrix.o
 .text.btn_matrix_init
                0x0000000008000194       0x88 ./Core/Src/btn_matrix.o
                0x0000000008000194                btn_matrix_init
 .text.btn_matrix_read
                0x000000000800021c      0x148 ./Core/Src/btn_matrix.o
                0x000000000800021c                btn_matrix_read
 .text.main     0x0000000008000364       0xa0 ./Core/Src/main.o
                0x0000000008000364                main
 .text.SystemClock_Config
                0x0000000008000404       0x80 ./Core/Src/main.o
                0x0000000008000404                SystemClock_Config
 .text.MX_USART1_UART_Init
                0x0000000008000484       0x54 ./Core/Src/main.o
 .text.MX_USART3_UART_Init
                0x00000000080004d8       0x54 ./Core/Src/main.o
 .text.MX_DMA_Init
                0x000000000800052c       0x3c ./Core/Src/main.o
 .text.MX_GPIO_Init
                0x0000000008000568       0xd4 ./Core/Src/main.o
 .text.trigger_uplink_handler
                0x000000000800063c       0x3c ./Core/Src/main.o
                0x000000000800063c                trigger_uplink_handler
 .text.rs485_handler
                0x0000000008000678       0x8c ./Core/Src/main.o
                0x0000000008000678                rs485_handler
 .text.btn_handler
                0x0000000008000704       0x5c ./Core/Src/main.o
                0x0000000008000704                btn_handler
 .text.Error_Handler
                0x0000000008000760        0xa ./Core/Src/main.o
                0x0000000008000760                Error_Handler
 *fill*         0x000000000800076a        0x2 
 .text.uart_send
                0x000000000800076c       0x28 ./Core/Src/rs485.o
 .text.uart_rx_buffer_clear
                0x0000000008000794       0x1c ./Core/Src/rs485.o
 .text.rs485_init
                0x00000000080007b0       0x4c ./Core/Src/rs485.o
                0x00000000080007b0                rs485_init
 .text.rs485_compose
                0x00000000080007fc       0xd8 ./Core/Src/rs485.o
                0x00000000080007fc                rs485_compose
 .text.rs485_send
                0x00000000080008d4       0x16 ./Core/Src/rs485.o
                0x00000000080008d4                rs485_send
 .text.rs485_recv_buffer_clear
                0x00000000080008ea        0xc ./Core/Src/rs485.o
                0x00000000080008ea                rs485_recv_buffer_clear
 *fill*         0x00000000080008f6        0x2 
 .text.rs485_recv_buffer_compare
                0x00000000080008f8       0x3c ./Core/Src/rs485.o
                0x00000000080008f8                rs485_recv_buffer_compare
 .text.HAL_MspInit
                0x0000000008000934       0x70 ./Core/Src/stm32f1xx_hal_msp.o
                0x0000000008000934                HAL_MspInit
 .text.HAL_UART_MspInit
                0x00000000080009a4      0x168 ./Core/Src/stm32f1xx_hal_msp.o
                0x00000000080009a4                HAL_UART_MspInit
 .text.NMI_Handler
                0x0000000008000b0c        0x6 ./Core/Src/stm32f1xx_it.o
                0x0000000008000b0c                NMI_Handler
 .text.HardFault_Handler
                0x0000000008000b12        0x6 ./Core/Src/stm32f1xx_it.o
                0x0000000008000b12                HardFault_Handler
 .text.MemManage_Handler
                0x0000000008000b18        0x6 ./Core/Src/stm32f1xx_it.o
                0x0000000008000b18                MemManage_Handler
 .text.BusFault_Handler
                0x0000000008000b1e        0x6 ./Core/Src/stm32f1xx_it.o
                0x0000000008000b1e                BusFault_Handler
 .text.UsageFault_Handler
                0x0000000008000b24        0x6 ./Core/Src/stm32f1xx_it.o
                0x0000000008000b24                UsageFault_Handler
 .text.DebugMon_Handler
                0x0000000008000b2a        0xc ./Core/Src/stm32f1xx_it.o
                0x0000000008000b2a                DebugMon_Handler
 .text.SysTick_Handler
                0x0000000008000b36       0x1a ./Core/Src/stm32f1xx_it.o
                0x0000000008000b36                SysTick_Handler
 .text.DMA1_Channel3_IRQHandler
                0x0000000008000b50       0x14 ./Core/Src/stm32f1xx_it.o
                0x0000000008000b50                DMA1_Channel3_IRQHandler
 .text.SystemInit
                0x0000000008000b64        0xc ./Core/Src/system_stm32f1xx.o
                0x0000000008000b64                SystemInit
 .text.Reset_Handler
                0x0000000008000b70       0x48 ./Core/Startup/startup_stm32f103c8tx.o
                0x0000000008000b70                Reset_Handler
 .text.Default_Handler
                0x0000000008000bb8        0x2 ./Core/Startup/startup_stm32f103c8tx.o
                0x0000000008000bb8                RTC_Alarm_IRQHandler
                0x0000000008000bb8                EXTI2_IRQHandler
                0x0000000008000bb8                TIM1_CC_IRQHandler
                0x0000000008000bb8                PVD_IRQHandler
                0x0000000008000bb8                EXTI3_IRQHandler
                0x0000000008000bb8                EXTI0_IRQHandler
                0x0000000008000bb8                I2C2_EV_IRQHandler
                0x0000000008000bb8                ADC1_2_IRQHandler
                0x0000000008000bb8                SPI1_IRQHandler
                0x0000000008000bb8                TAMPER_IRQHandler
                0x0000000008000bb8                DMA1_Channel4_IRQHandler
                0x0000000008000bb8                USART3_IRQHandler
                0x0000000008000bb8                RTC_IRQHandler
                0x0000000008000bb8                DMA1_Channel7_IRQHandler
                0x0000000008000bb8                CAN1_RX1_IRQHandler
                0x0000000008000bb8                TIM4_IRQHandler
                0x0000000008000bb8                I2C1_EV_IRQHandler
                0x0000000008000bb8                DMA1_Channel6_IRQHandler
                0x0000000008000bb8                TIM3_IRQHandler
                0x0000000008000bb8                RCC_IRQHandler
                0x0000000008000bb8                TIM1_TRG_COM_IRQHandler
                0x0000000008000bb8                DMA1_Channel1_IRQHandler
                0x0000000008000bb8                Default_Handler
                0x0000000008000bb8                EXTI15_10_IRQHandler
                0x0000000008000bb8                EXTI9_5_IRQHandler
                0x0000000008000bb8                SPI2_IRQHandler
                0x0000000008000bb8                DMA1_Channel5_IRQHandler
                0x0000000008000bb8                EXTI4_IRQHandler
                0x0000000008000bb8                USB_LP_CAN1_RX0_IRQHandler
                0x0000000008000bb8                USB_HP_CAN1_TX_IRQHandler
                0x0000000008000bb8                TIM1_UP_IRQHandler
                0x0000000008000bb8                WWDG_IRQHandler
                0x0000000008000bb8                TIM2_IRQHandler
                0x0000000008000bb8                TIM1_BRK_IRQHandler
                0x0000000008000bb8                EXTI1_IRQHandler
                0x0000000008000bb8                USART2_IRQHandler
                0x0000000008000bb8                I2C2_ER_IRQHandler
                0x0000000008000bb8                DMA1_Channel2_IRQHandler
                0x0000000008000bb8                CAN1_SCE_IRQHandler
                0x0000000008000bb8                FLASH_IRQHandler
                0x0000000008000bb8                USART1_IRQHandler
                0x0000000008000bb8                I2C1_ER_IRQHandler
                0x0000000008000bb8                USBWakeUp_IRQHandler
 *fill*         0x0000000008000bba        0x2 
 .text.HAL_Init
                0x0000000008000bbc       0x2c ./Drivers/STM32F1xx_HAL_Driver/Src/stm32f1xx_hal.o
                0x0000000008000bbc                HAL_Init
 .text.HAL_InitTick
                0x0000000008000be8       0x60 ./Drivers/STM32F1xx_HAL_Driver/Src/stm32f1xx_hal.o
                0x0000000008000be8                HAL_InitTick
 .text.HAL_IncTick
                0x0000000008000c48       0x24 ./Drivers/STM32F1xx_HAL_Driver/Src/stm32f1xx_hal.o
                0x0000000008000c48                HAL_IncTick
 .text.HAL_GetTick
                0x0000000008000c6c       0x14 ./Drivers/STM32F1xx_HAL_Driver/Src/stm32f1xx_hal.o
                0x0000000008000c6c                HAL_GetTick
 .text.__NVIC_SetPriorityGrouping
                0x0000000008000c80       0x48 ./Drivers/STM32F1xx_HAL_Driver/Src/stm32f1xx_hal_cortex.o
 .text.__NVIC_GetPriorityGrouping
                0x0000000008000cc8       0x1c ./Drivers/STM32F1xx_HAL_Driver/Src/stm32f1xx_hal_cortex.o
 .text.__NVIC_EnableIRQ
                0x0000000008000ce4       0x38 ./Drivers/STM32F1xx_HAL_Driver/Src/stm32f1xx_hal_cortex.o
 .text.__NVIC_SetPriority
                0x0000000008000d1c       0x54 ./Drivers/STM32F1xx_HAL_Driver/Src/stm32f1xx_hal_cortex.o
 .text.NVIC_EncodePriority
                0x0000000008000d70       0x64 ./Drivers/STM32F1xx_HAL_Driver/Src/stm32f1xx_hal_cortex.o
 .text.SysTick_Config
                0x0000000008000dd4       0x44 ./Drivers/STM32F1xx_HAL_Driver/Src/stm32f1xx_hal_cortex.o
 .text.HAL_NVIC_SetPriorityGrouping
                0x0000000008000e18       0x16 ./Drivers/STM32F1xx_HAL_Driver/Src/stm32f1xx_hal_cortex.o
                0x0000000008000e18                HAL_NVIC_SetPriorityGrouping
 .text.HAL_NVIC_SetPriority
                0x0000000008000e2e       0x38 ./Drivers/STM32F1xx_HAL_Driver/Src/stm32f1xx_hal_cortex.o
                0x0000000008000e2e                HAL_NVIC_SetPriority
 .text.HAL_NVIC_EnableIRQ
                0x0000000008000e66       0x1c ./Drivers/STM32F1xx_HAL_Driver/Src/stm32f1xx_hal_cortex.o
                0x0000000008000e66                HAL_NVIC_EnableIRQ
 .text.HAL_SYSTICK_Config
                0x0000000008000e82       0x18 ./Drivers/STM32F1xx_HAL_Driver/Src/stm32f1xx_hal_cortex.o
                0x0000000008000e82                HAL_SYSTICK_Config
 *fill*         0x0000000008000e9a        0x2 
 .text.HAL_DMA_Init
                0x0000000008000e9c       0xb4 ./Drivers/STM32F1xx_HAL_Driver/Src/stm32f1xx_hal_dma.o
                0x0000000008000e9c                HAL_DMA_Init
 .text.HAL_DMA_Start_IT
                0x0000000008000f50       0xbe ./Drivers/STM32F1xx_HAL_Driver/Src/stm32f1xx_hal_dma.o
                0x0000000008000f50                HAL_DMA_Start_IT
 *fill*         0x000000000800100e        0x2 
 .text.HAL_DMA_IRQHandler
                0x0000000008001010      0x20c ./Drivers/STM32F1xx_HAL_Driver/Src/stm32f1xx_hal_dma.o
                0x0000000008001010                HAL_DMA_IRQHandler
 .text.DMA_SetConfig
                0x000000000800121c       0x5a ./Drivers/STM32F1xx_HAL_Driver/Src/stm32f1xx_hal_dma.o
 *fill*         0x0000000008001276        0x2 
 .text.HAL_GPIO_Init
                0x0000000008001278      0x308 ./Drivers/STM32F1xx_HAL_Driver/Src/stm32f1xx_hal_gpio.o
                0x0000000008001278                HAL_GPIO_Init
 .text.HAL_GPIO_ReadPin
                0x0000000008001580       0x2e ./Drivers/STM32F1xx_HAL_Driver/Src/stm32f1xx_hal_gpio.o
                0x0000000008001580                HAL_GPIO_ReadPin
 .text.HAL_GPIO_WritePin
                0x00000000080015ae       0x30 ./Drivers/STM32F1xx_HAL_Driver/Src/stm32f1xx_hal_gpio.o
                0x00000000080015ae                HAL_GPIO_WritePin
 *fill*         0x00000000080015de        0x2 
 .text.HAL_RCC_OscConfig
                0x00000000080015e0      0x500 ./Drivers/STM32F1xx_HAL_Driver/Src/stm32f1xx_hal_rcc.o
                0x00000000080015e0                HAL_RCC_OscConfig
 .text.HAL_RCC_ClockConfig
                0x0000000008001ae0      0x1d4 ./Drivers/STM32F1xx_HAL_Driver/Src/stm32f1xx_hal_rcc.o
                0x0000000008001ae0                HAL_RCC_ClockConfig
 .text.HAL_RCC_GetSysClockFreq
                0x0000000008001cb4       0xc0 ./Drivers/STM32F1xx_HAL_Driver/Src/stm32f1xx_hal_rcc.o
                0x0000000008001cb4                HAL_RCC_GetSysClockFreq
 .text.HAL_RCC_GetHCLKFreq
                0x0000000008001d74       0x14 ./Drivers/STM32F1xx_HAL_Driver/Src/stm32f1xx_hal_rcc.o
                0x0000000008001d74                HAL_RCC_GetHCLKFreq
 .text.HAL_RCC_GetPCLK1Freq
                0x0000000008001d88       0x28 ./Drivers/STM32F1xx_HAL_Driver/Src/stm32f1xx_hal_rcc.o
                0x0000000008001d88                HAL_RCC_GetPCLK1Freq
 .text.HAL_RCC_GetPCLK2Freq
                0x0000000008001db0       0x28 ./Drivers/STM32F1xx_HAL_Driver/Src/stm32f1xx_hal_rcc.o
                0x0000000008001db0                HAL_RCC_GetPCLK2Freq
 .text.RCC_Delay
                0x0000000008001dd8       0x3c ./Drivers/STM32F1xx_HAL_Driver/Src/stm32f1xx_hal_rcc.o
 .text.HAL_UART_Init
                0x0000000008001e14       0x9a ./Drivers/STM32F1xx_HAL_Driver/Src/stm32f1xx_hal_uart.o
                0x0000000008001e14                HAL_UART_Init
 .text.HAL_UART_Transmit
                0x0000000008001eae      0x124 ./Drivers/STM32F1xx_HAL_Driver/Src/stm32f1xx_hal_uart.o
                0x0000000008001eae                HAL_UART_Transmit
 .text.HAL_UART_Receive_DMA
                0x0000000008001fd2       0x60 ./Drivers/STM32F1xx_HAL_Driver/Src/stm32f1xx_hal_uart.o
                0x0000000008001fd2                HAL_UART_Receive_DMA
 .text.HAL_UART_RxCpltCallback
                0x0000000008002032       0x12 ./Drivers/STM32F1xx_HAL_Driver/Src/stm32f1xx_hal_uart.o
                0x0000000008002032                HAL_UART_RxCpltCallback
 .text.HAL_UART_RxHalfCpltCallback
                0x0000000008002044       0x12 ./Drivers/STM32F1xx_HAL_Driver/Src/stm32f1xx_hal_uart.o
                0x0000000008002044                HAL_UART_RxHalfCpltCallback
 .text.HAL_UART_ErrorCallback
                0x0000000008002056       0x12 ./Drivers/STM32F1xx_HAL_Driver/Src/stm32f1xx_hal_uart.o
                0x0000000008002056                HAL_UART_ErrorCallback
 .text.HAL_UARTEx_RxEventCallback
                0x0000000008002068       0x16 ./Drivers/STM32F1xx_HAL_Driver/Src/stm32f1xx_hal_uart.o
                0x0000000008002068                HAL_UARTEx_RxEventCallback
 .text.UART_DMAReceiveCplt
                0x000000000800207e       0x96 ./Drivers/STM32F1xx_HAL_Driver/Src/stm32f1xx_hal_uart.o
 .text.UART_DMARxHalfCplt
                0x0000000008002114       0x36 ./Drivers/STM32F1xx_HAL_Driver/Src/stm32f1xx_hal_uart.o
 .text.UART_DMAError
                0x000000000800214a       0x94 ./Drivers/STM32F1xx_HAL_Driver/Src/stm32f1xx_hal_uart.o
 .text.UART_WaitOnFlagUntilTimeout
                0x00000000080021de       0x94 ./Drivers/STM32F1xx_HAL_Driver/Src/stm32f1xx_hal_uart.o
 *fill*         0x0000000008002272        0x2 
 .text.UART_Start_Receive_DMA
                0x0000000008002274       0xc8 ./Drivers/STM32F1xx_HAL_Driver/Src/stm32f1xx_hal_uart.o
                0x0000000008002274                UART_Start_Receive_DMA
 .text.UART_EndTxTransfer
                0x000000000800233c       0x2a ./Drivers/STM32F1xx_HAL_Driver/Src/stm32f1xx_hal_uart.o
 .text.UART_EndRxTransfer
                0x0000000008002366       0x58 ./Drivers/STM32F1xx_HAL_Driver/Src/stm32f1xx_hal_uart.o
 *fill*         0x00000000080023be        0x2 
 .text.UART_SetConfig
                0x00000000080023c0      0x11c ./Drivers/STM32F1xx_HAL_Driver/Src/stm32f1xx_hal_uart.o
 .text.osKernelInitialize
                0x00000000080024dc       0x64 ./Middlewares/Third_Party/FreeRTOS/Source/CMSIS_RTOS_V2/cmsis_os2.o
                0x00000000080024dc                osKernelInitialize
 .text.osKernelStart
                0x0000000008002540       0x68 ./Middlewares/Third_Party/FreeRTOS/Source/CMSIS_RTOS_V2/cmsis_os2.o
                0x0000000008002540                osKernelStart
 .text.osKernelGetSysTimerCount
                0x00000000080025a8       0x54 ./Middlewares/Third_Party/FreeRTOS/Source/CMSIS_RTOS_V2/cmsis_os2.o
                0x00000000080025a8                osKernelGetSysTimerCount
 .text.osThreadNew
                0x00000000080025fc      0x154 ./Middlewares/Third_Party/FreeRTOS/Source/CMSIS_RTOS_V2/cmsis_os2.o
                0x00000000080025fc                osThreadNew
 .text.osDelay  0x0000000008002750       0x5c ./Middlewares/Third_Party/FreeRTOS/Source/CMSIS_RTOS_V2/cmsis_os2.o
                0x0000000008002750                osDelay
 .text.osMessageQueueNew
                0x00000000080027ac      0x10c ./Middlewares/Third_Party/FreeRTOS/Source/CMSIS_RTOS_V2/cmsis_os2.o
                0x00000000080027ac                osMessageQueueNew
 .text.osMessageQueuePut
                0x00000000080028b8       0xe8 ./Middlewares/Third_Party/FreeRTOS/Source/CMSIS_RTOS_V2/cmsis_os2.o
                0x00000000080028b8                osMessageQueuePut
 .text.osMessageQueueGet
                0x00000000080029a0       0xe4 ./Middlewares/Third_Party/FreeRTOS/Source/CMSIS_RTOS_V2/cmsis_os2.o
                0x00000000080029a0                osMessageQueueGet
 .text.vApplicationGetIdleTaskMemory
                0x0000000008002a84       0x30 ./Middlewares/Third_Party/FreeRTOS/Source/CMSIS_RTOS_V2/cmsis_os2.o
                0x0000000008002a84                vApplicationGetIdleTaskMemory
 .text.vApplicationGetTimerTaskMemory
                0x0000000008002ab4       0x34 ./Middlewares/Third_Party/FreeRTOS/Source/CMSIS_RTOS_V2/cmsis_os2.o
                0x0000000008002ab4                vApplicationGetTimerTaskMemory
 .text.vListInitialise
                0x0000000008002ae8       0x3e ./Middlewares/Third_Party/FreeRTOS/Source/list.o
                0x0000000008002ae8                vListInitialise
 .text.vListInitialiseItem
                0x0000000008002b26       0x18 ./Middlewares/Third_Party/FreeRTOS/Source/list.o
                0x0000000008002b26                vListInitialiseItem
 .text.vListInsertEnd
                0x0000000008002b3e       0x46 ./Middlewares/Third_Party/FreeRTOS/Source/list.o
                0x0000000008002b3e                vListInsertEnd
 .text.vListInsert
                0x0000000008002b84       0x70 ./Middlewares/Third_Party/FreeRTOS/Source/list.o
                0x0000000008002b84                vListInsert
 .text.uxListRemove
                0x0000000008002bf4       0x52 ./Middlewares/Third_Party/FreeRTOS/Source/list.o
                0x0000000008002bf4                uxListRemove
 *fill*         0x0000000008002c46        0x2 
 .text.xQueueGenericReset
                0x0000000008002c48       0xd0 ./Middlewares/Third_Party/FreeRTOS/Source/queue.o
                0x0000000008002c48                xQueueGenericReset
 .text.xQueueGenericCreateStatic
                0x0000000008002d18       0xee ./Middlewares/Third_Party/FreeRTOS/Source/queue.o
                0x0000000008002d18                xQueueGenericCreateStatic
 .text.xQueueGenericCreate
                0x0000000008002e06       0x7c ./Middlewares/Third_Party/FreeRTOS/Source/queue.o
                0x0000000008002e06                xQueueGenericCreate
 .text.prvInitialiseNewQueue
                0x0000000008002e82       0x46 ./Middlewares/Third_Party/FreeRTOS/Source/queue.o
 .text.xQueueGenericSend
                0x0000000008002ec8      0x1fc ./Middlewares/Third_Party/FreeRTOS/Source/queue.o
                0x0000000008002ec8                xQueueGenericSend
 .text.xQueueGenericSendFromISR
                0x00000000080030c4      0x130 ./Middlewares/Third_Party/FreeRTOS/Source/queue.o
                0x00000000080030c4                xQueueGenericSendFromISR
 .text.xQueueReceive
                0x00000000080031f4      0x1c0 ./Middlewares/Third_Party/FreeRTOS/Source/queue.o
                0x00000000080031f4                xQueueReceive
 .text.xQueueReceiveFromISR
                0x00000000080033b4      0x100 ./Middlewares/Third_Party/FreeRTOS/Source/queue.o
                0x00000000080033b4                xQueueReceiveFromISR
 .text.prvCopyDataToQueue
                0x00000000080034b4       0xd4 ./Middlewares/Third_Party/FreeRTOS/Source/queue.o
 .text.prvCopyDataFromQueue
                0x0000000008003588       0x4c ./Middlewares/Third_Party/FreeRTOS/Source/queue.o
 .text.prvUnlockQueue
                0x00000000080035d4       0xa4 ./Middlewares/Third_Party/FreeRTOS/Source/queue.o
 .text.prvIsQueueEmpty
                0x0000000008003678       0x2c ./Middlewares/Third_Party/FreeRTOS/Source/queue.o
 .text.prvIsQueueFull
                0x00000000080036a4       0x30 ./Middlewares/Third_Party/FreeRTOS/Source/queue.o
 .text.vQueueAddToRegistry
                0x00000000080036d4       0x50 ./Middlewares/Third_Party/FreeRTOS/Source/queue.o
                0x00000000080036d4                vQueueAddToRegistry
 .text.vQueueWaitForMessageRestricted
                0x0000000008003724       0x68 ./Middlewares/Third_Party/FreeRTOS/Source/queue.o
                0x0000000008003724                vQueueWaitForMessageRestricted
 .text.xTaskCreateStatic
                0x000000000800378c       0xb8 ./Middlewares/Third_Party/FreeRTOS/Source/tasks.o
                0x000000000800378c                xTaskCreateStatic
 .text.xTaskCreate
                0x0000000008003844       0x8a ./Middlewares/Third_Party/FreeRTOS/Source/tasks.o
                0x0000000008003844                xTaskCreate
 .text.prvInitialiseNewTask
                0x00000000080038ce      0x10e ./Middlewares/Third_Party/FreeRTOS/Source/tasks.o
 .text.prvAddNewTaskToReadyList
                0x00000000080039dc       0xe0 ./Middlewares/Third_Party/FreeRTOS/Source/tasks.o
 .text.vTaskDelay
                0x0000000008003abc       0x68 ./Middlewares/Third_Party/FreeRTOS/Source/tasks.o
                0x0000000008003abc                vTaskDelay
 .text.vTaskStartScheduler
                0x0000000008003b24       0xcc ./Middlewares/Third_Party/FreeRTOS/Source/tasks.o
                0x0000000008003b24                vTaskStartScheduler
 .text.vTaskSuspendAll
                0x0000000008003bf0       0x1c ./Middlewares/Third_Party/FreeRTOS/Source/tasks.o
                0x0000000008003bf0                vTaskSuspendAll
 .text.xTaskResumeAll
                0x0000000008003c0c      0x13c ./Middlewares/Third_Party/FreeRTOS/Source/tasks.o
                0x0000000008003c0c                xTaskResumeAll
 .text.xTaskGetTickCount
                0x0000000008003d48       0x1c ./Middlewares/Third_Party/FreeRTOS/Source/tasks.o
                0x0000000008003d48                xTaskGetTickCount
 .text.xTaskIncrementTick
                0x0000000008003d64      0x17c ./Middlewares/Third_Party/FreeRTOS/Source/tasks.o
                0x0000000008003d64                xTaskIncrementTick
 .text.vTaskSwitchContext
                0x0000000008003ee0       0xb8 ./Middlewares/Third_Party/FreeRTOS/Source/tasks.o
                0x0000000008003ee0                vTaskSwitchContext
 .text.vTaskPlaceOnEventList
                0x0000000008003f98       0x48 ./Middlewares/Third_Party/FreeRTOS/Source/tasks.o
                0x0000000008003f98                vTaskPlaceOnEventList
 .text.vTaskPlaceOnEventListRestricted
                0x0000000008003fe0       0x58 ./Middlewares/Third_Party/FreeRTOS/Source/tasks.o
                0x0000000008003fe0                vTaskPlaceOnEventListRestricted
 .text.xTaskRemoveFromEventList
                0x0000000008004038       0xc8 ./Middlewares/Third_Party/FreeRTOS/Source/tasks.o
                0x0000000008004038                xTaskRemoveFromEventList
 .text.vTaskInternalSetTimeOutState
                0x0000000008004100       0x2c ./Middlewares/Third_Party/FreeRTOS/Source/tasks.o
                0x0000000008004100                vTaskInternalSetTimeOutState
 .text.xTaskCheckForTimeOut
                0x000000000800412c       0xc4 ./Middlewares/Third_Party/FreeRTOS/Source/tasks.o
                0x000000000800412c                xTaskCheckForTimeOut
 .text.vTaskMissedYield
                0x00000000080041f0       0x18 ./Middlewares/Third_Party/FreeRTOS/Source/tasks.o
                0x00000000080041f0                vTaskMissedYield
 .text.prvIdleTask
                0x0000000008004208       0x30 ./Middlewares/Third_Party/FreeRTOS/Source/tasks.o
 .text.prvInitialiseTaskLists
                0x0000000008004238       0x80 ./Middlewares/Third_Party/FreeRTOS/Source/tasks.o
 .text.prvCheckTasksWaitingTermination
                0x00000000080042b8       0x5c ./Middlewares/Third_Party/FreeRTOS/Source/tasks.o
 .text.prvDeleteTCB
                0x0000000008004314       0x5e ./Middlewares/Third_Party/FreeRTOS/Source/tasks.o
 *fill*         0x0000000008004372        0x2 
 .text.prvResetNextTaskUnblockTime
                0x0000000008004374       0x48 ./Middlewares/Third_Party/FreeRTOS/Source/tasks.o
 .text.xTaskGetSchedulerState
                0x00000000080043bc       0x3c ./Middlewares/Third_Party/FreeRTOS/Source/tasks.o
                0x00000000080043bc                xTaskGetSchedulerState
 .text.xTaskPriorityDisinherit
                0x00000000080043f8       0xdc ./Middlewares/Third_Party/FreeRTOS/Source/tasks.o
                0x00000000080043f8                xTaskPriorityDisinherit
 .text.prvAddCurrentTaskToDelayedList
                0x00000000080044d4       0xa8 ./Middlewares/Third_Party/FreeRTOS/Source/tasks.o
 .text.xTimerCreateTimerTask
                0x000000000800457c       0x90 ./Middlewares/Third_Party/FreeRTOS/Source/timers.o
                0x000000000800457c                xTimerCreateTimerTask
 .text.xTimerGenericCommand
                0x000000000800460c       0x9c ./Middlewares/Third_Party/FreeRTOS/Source/timers.o
                0x000000000800460c                xTimerGenericCommand
 .text.prvProcessExpiredTimer
                0x00000000080046a8       0x80 ./Middlewares/Third_Party/FreeRTOS/Source/timers.o
 .text.prvTimerTask
                0x0000000008004728       0x24 ./Middlewares/Third_Party/FreeRTOS/Source/timers.o
 .text.prvProcessTimerOrBlockTask
                0x000000000800474c       0x9c ./Middlewares/Third_Party/FreeRTOS/Source/timers.o
 .text.prvGetNextExpireTime
                0x00000000080047e8       0x48 ./Middlewares/Third_Party/FreeRTOS/Source/timers.o
 .text.prvSampleTimeNow
                0x0000000008004830       0x40 ./Middlewares/Third_Party/FreeRTOS/Source/timers.o
 .text.prvInsertTimerInActiveList
                0x0000000008004870       0x84 ./Middlewares/Third_Party/FreeRTOS/Source/timers.o
 .text.prvProcessReceivedCommands
                0x00000000080048f4      0x168 ./Middlewares/Third_Party/FreeRTOS/Source/timers.o
 .text.prvSwitchTimerLists
                0x0000000008004a5c       0xc4 ./Middlewares/Third_Party/FreeRTOS/Source/timers.o
 .text.prvCheckForValidListAndQueue
                0x0000000008004b20       0x80 ./Middlewares/Third_Party/FreeRTOS/Source/timers.o
 .text.pxPortInitialiseStack
                0x0000000008004ba0       0x58 ./Middlewares/Third_Party/FreeRTOS/Source/portable/GCC/ARM_CM3/port.o
                0x0000000008004ba0                pxPortInitialiseStack
 .text.prvTaskExitError
                0x0000000008004bf8       0x58 ./Middlewares/Third_Party/FreeRTOS/Source/portable/GCC/ARM_CM3/port.o
 .text.SVC_Handler
                0x0000000008004c50       0x28 ./Middlewares/Third_Party/FreeRTOS/Source/portable/GCC/ARM_CM3/port.o
                0x0000000008004c50                SVC_Handler
 .text.prvPortStartFirstTask
                0x0000000008004c78       0x20 ./Middlewares/Third_Party/FreeRTOS/Source/portable/GCC/ARM_CM3/port.o
 .text.xPortStartScheduler
                0x0000000008004c98       0xe4 ./Middlewares/Third_Party/FreeRTOS/Source/portable/GCC/ARM_CM3/port.o
                0x0000000008004c98                xPortStartScheduler
 .text.vPortEnterCritical
                0x0000000008004d7c       0x60 ./Middlewares/Third_Party/FreeRTOS/Source/portable/GCC/ARM_CM3/port.o
                0x0000000008004d7c                vPortEnterCritical
 .text.vPortExitCritical
                0x0000000008004ddc       0x50 ./Middlewares/Third_Party/FreeRTOS/Source/portable/GCC/ARM_CM3/port.o
                0x0000000008004ddc                vPortExitCritical
 *fill*         0x0000000008004e2c        0x4 
 .text.PendSV_Handler
                0x0000000008004e30       0x48 ./Middlewares/Third_Party/FreeRTOS/Source/portable/GCC/ARM_CM3/port.o
                0x0000000008004e30                PendSV_Handler
 .text.xPortSysTickHandler
                0x0000000008004e78       0x44 ./Middlewares/Third_Party/FreeRTOS/Source/portable/GCC/ARM_CM3/port.o
                0x0000000008004e78                xPortSysTickHandler
 .text.vPortSetupTimerInterrupt
                0x0000000008004ebc       0x44 ./Middlewares/Third_Party/FreeRTOS/Source/portable/GCC/ARM_CM3/port.o
                0x0000000008004ebc                vPortSetupTimerInterrupt
 .text.vPortValidateInterruptPriority
                0x0000000008004f00       0x7c ./Middlewares/Third_Party/FreeRTOS/Source/portable/GCC/ARM_CM3/port.o
                0x0000000008004f00                vPortValidateInterruptPriority
 .text.pvPortMalloc
                0x0000000008004f7c      0x188 ./Middlewares/Third_Party/FreeRTOS/Source/portable/MemMang/heap_4.o
                0x0000000008004f7c                pvPortMalloc
 .text.vPortFree
                0x0000000008005104       0xb4 ./Middlewares/Third_Party/FreeRTOS/Source/portable/MemMang/heap_4.o
                0x0000000008005104                vPortFree
 .text.prvHeapInit
                0x00000000080051b8       0xc4 ./Middlewares/Third_Party/FreeRTOS/Source/portable/MemMang/heap_4.o
 .text.prvInsertBlockIntoFreeList
                0x000000000800527c       0xb0 ./Middlewares/Third_Party/FreeRTOS/Source/portable/MemMang/heap_4.o
 .text.__libc_init_array
                0x000000000800532c       0x48 c:/st/stm32cubeide_1.7.0/stm32cubeide/plugins/com.st.stm32cube.ide.mcu.externaltools.gnu-tools-for-stm32.9-2020-q2-update.win32_2.0.0.202105311346/tools/bin/../lib/gcc/arm-none-eabi/9.3.1/../../../../arm-none-eabi/lib/thumb/v7-m/nofp\libc_nano.a(lib_a-init.o)
                0x000000000800532c                __libc_init_array
 .text.memcpy   0x0000000008005374       0x1c c:/st/stm32cubeide_1.7.0/stm32cubeide/plugins/com.st.stm32cube.ide.mcu.externaltools.gnu-tools-for-stm32.9-2020-q2-update.win32_2.0.0.202105311346/tools/bin/../lib/gcc/arm-none-eabi/9.3.1/../../../../arm-none-eabi/lib/thumb/v7-m/nofp\libc_nano.a(lib_a-memcpy-stub.o)
                0x0000000008005374                memcpy
 .text.memset   0x0000000008005390       0x10 c:/st/stm32cubeide_1.7.0/stm32cubeide/plugins/com.st.stm32cube.ide.mcu.externaltools.gnu-tools-for-stm32.9-2020-q2-update.win32_2.0.0.202105311346/tools/bin/../lib/gcc/arm-none-eabi/9.3.1/../../../../arm-none-eabi/lib/thumb/v7-m/nofp\libc_nano.a(lib_a-memset.o)
                0x0000000008005390                memset
 *(.glue_7)
 .glue_7        0x00000000080053a0        0x0 linker stubs
 *(.glue_7t)
 .glue_7t       0x00000000080053a0        0x0 linker stubs
 *(.eh_frame)
 .eh_frame      0x00000000080053a0        0x0 c:/st/stm32cubeide_1.7.0/stm32cubeide/plugins/com.st.stm32cube.ide.mcu.externaltools.gnu-tools-for-stm32.9-2020-q2-update.win32_2.0.0.202105311346/tools/bin/../lib/gcc/arm-none-eabi/9.3.1/thumb/v7-m/nofp/crtbegin.o
 *(.init)
 .init          0x00000000080053a0        0x4 c:/st/stm32cubeide_1.7.0/stm32cubeide/plugins/com.st.stm32cube.ide.mcu.externaltools.gnu-tools-for-stm32.9-2020-q2-update.win32_2.0.0.202105311346/tools/bin/../lib/gcc/arm-none-eabi/9.3.1/thumb/v7-m/nofp/crti.o
                0x00000000080053a0                _init
 .init          0x00000000080053a4        0x8 c:/st/stm32cubeide_1.7.0/stm32cubeide/plugins/com.st.stm32cube.ide.mcu.externaltools.gnu-tools-for-stm32.9-2020-q2-update.win32_2.0.0.202105311346/tools/bin/../lib/gcc/arm-none-eabi/9.3.1/thumb/v7-m/nofp/crtn.o
 *(.fini)
 .fini          0x00000000080053ac        0x4 c:/st/stm32cubeide_1.7.0/stm32cubeide/plugins/com.st.stm32cube.ide.mcu.externaltools.gnu-tools-for-stm32.9-2020-q2-update.win32_2.0.0.202105311346/tools/bin/../lib/gcc/arm-none-eabi/9.3.1/thumb/v7-m/nofp/crti.o
                0x00000000080053ac                _fini
 .fini          0x00000000080053b0        0x8 c:/st/stm32cubeide_1.7.0/stm32cubeide/plugins/com.st.stm32cube.ide.mcu.externaltools.gnu-tools-for-stm32.9-2020-q2-update.win32_2.0.0.202105311346/tools/bin/../lib/gcc/arm-none-eabi/9.3.1/thumb/v7-m/nofp/crtn.o
                0x00000000080053b8                . = ALIGN (0x4)
                0x00000000080053b8                _etext = .

.vfp11_veneer   0x00000000080053b8        0x0
 .vfp11_veneer  0x00000000080053b8        0x0 linker stubs

.v4_bx          0x00000000080053b8        0x0
 .v4_bx         0x00000000080053b8        0x0 linker stubs

.iplt           0x00000000080053b8        0x0
 .iplt          0x00000000080053b8        0x0 c:/st/stm32cubeide_1.7.0/stm32cubeide/plugins/com.st.stm32cube.ide.mcu.externaltools.gnu-tools-for-stm32.9-2020-q2-update.win32_2.0.0.202105311346/tools/bin/../lib/gcc/arm-none-eabi/9.3.1/thumb/v7-m/nofp/crtbegin.o

.rodata         0x00000000080053b8       0xf4
                0x00000000080053b8                . = ALIGN (0x4)
 *(.rodata)
 .rodata        0x00000000080053b8       0x2e ./Core/Src/main.o
 *fill*         0x00000000080053e6        0x2 
 .rodata        0x00000000080053e8       0x10 ./Drivers/STM32F1xx_HAL_Driver/Src/stm32f1xx_hal_rcc.o
 .rodata        0x00000000080053f8        0x5 ./Middlewares/Third_Party/FreeRTOS/Source/tasks.o
 *fill*         0x00000000080053fd        0x3 
 .rodata        0x0000000008005400        0xd ./Middlewares/Third_Party/FreeRTOS/Source/timers.o
 *(.rodata*)
 *fill*         0x000000000800540d        0x3 
 .rodata.triggerup_task_attributes
                0x0000000008005410       0x24 ./Core/Src/main.o
                0x0000000008005410                triggerup_task_attributes
 .rodata.rs485_task_attributes
                0x0000000008005434       0x24 ./Core/Src/main.o
                0x0000000008005434                rs485_task_attributes
 .rodata.btn_task_attributes
                0x0000000008005458       0x24 ./Core/Src/main.o
                0x0000000008005458                btn_task_attributes
 .rodata.cmd_q_attributes
                0x000000000800547c       0x18 ./Core/Src/main.o
                0x000000000800547c                cmd_q_attributes
 .rodata.AHBPrescTable
                0x0000000008005494       0x10 ./Core/Src/system_stm32f1xx.o
                0x0000000008005494                AHBPrescTable
 .rodata.APBPrescTable
                0x00000000080054a4        0x8 ./Core/Src/system_stm32f1xx.o
                0x00000000080054a4                APBPrescTable
                0x00000000080054ac                . = ALIGN (0x4)

.rel.dyn        0x00000000080054ac        0x0
 .rel.iplt      0x00000000080054ac        0x0 c:/st/stm32cubeide_1.7.0/stm32cubeide/plugins/com.st.stm32cube.ide.mcu.externaltools.gnu-tools-for-stm32.9-2020-q2-update.win32_2.0.0.202105311346/tools/bin/../lib/gcc/arm-none-eabi/9.3.1/thumb/v7-m/nofp/crtbegin.o

.ARM.extab      0x00000000080054ac        0x0
                0x00000000080054ac                . = ALIGN (0x4)
 *(.ARM.extab* .gnu.linkonce.armextab.*)
                0x00000000080054ac                . = ALIGN (0x4)

.ARM            0x00000000080054ac        0x0
                0x00000000080054ac                . = ALIGN (0x4)
                0x00000000080054ac                __exidx_start = .
 *(.ARM.exidx*)
                0x00000000080054ac                __exidx_end = .
                0x00000000080054ac                . = ALIGN (0x4)

.preinit_array  0x00000000080054ac        0x0
                0x00000000080054ac                . = ALIGN (0x4)
                0x00000000080054ac                PROVIDE (__preinit_array_start = .)
 *(.preinit_array*)
                0x00000000080054ac                PROVIDE (__preinit_array_end = .)
                0x00000000080054ac                . = ALIGN (0x4)

.init_array     0x00000000080054ac        0x4
                0x00000000080054ac                . = ALIGN (0x4)
                0x00000000080054ac                PROVIDE (__init_array_start = .)
 *(SORT_BY_NAME(.init_array.*))
 *(.init_array*)
 .init_array    0x00000000080054ac        0x4 c:/st/stm32cubeide_1.7.0/stm32cubeide/plugins/com.st.stm32cube.ide.mcu.externaltools.gnu-tools-for-stm32.9-2020-q2-update.win32_2.0.0.202105311346/tools/bin/../lib/gcc/arm-none-eabi/9.3.1/thumb/v7-m/nofp/crtbegin.o
                0x00000000080054b0                PROVIDE (__init_array_end = .)
                0x00000000080054b0                . = ALIGN (0x4)

.fini_array     0x00000000080054b0        0x4
                0x00000000080054b0                . = ALIGN (0x4)
                [!provide]                        PROVIDE (__fini_array_start = .)
 *(SORT_BY_NAME(.fini_array.*))
 *(.fini_array*)
 .fini_array    0x00000000080054b0        0x4 c:/st/stm32cubeide_1.7.0/stm32cubeide/plugins/com.st.stm32cube.ide.mcu.externaltools.gnu-tools-for-stm32.9-2020-q2-update.win32_2.0.0.202105311346/tools/bin/../lib/gcc/arm-none-eabi/9.3.1/thumb/v7-m/nofp/crtbegin.o
                [!provide]                        PROVIDE (__fini_array_end = .)
                0x00000000080054b4                . = ALIGN (0x4)
                0x00000000080054b4                _sidata = LOADADDR (.data)

.data           0x0000000020000000       0x84 load address 0x00000000080054b4
                0x0000000020000000                . = ALIGN (0x4)
                0x0000000020000000                _sdata = .
 *(.data)
 *(.data*)
 .data.cmd_mapper
                0x0000000020000000       0x68 ./Core/Src/btn_matrix.o
                0x0000000020000000                cmd_mapper
 .data.out_pin_mapper
                0x0000000020000068        0x8 ./Core/Src/btn_matrix.o
                0x0000000020000068                out_pin_mapper
 .data.in_pin_mapper
                0x0000000020000070        0x4 ./Core/Src/btn_matrix.o
                0x0000000020000070                in_pin_mapper
 .data.SystemCoreClock
                0x0000000020000074        0x4 ./Core/Src/system_stm32f1xx.o
                0x0000000020000074                SystemCoreClock
 .data.uwTickPrio
                0x0000000020000078        0x4 ./Drivers/STM32F1xx_HAL_Driver/Src/stm32f1xx_hal.o
                0x0000000020000078                uwTickPrio
 .data.uwTickFreq
                0x000000002000007c        0x1 ./Drivers/STM32F1xx_HAL_Driver/Src/stm32f1xx_hal.o
                0x000000002000007c                uwTickFreq
 *fill*         0x000000002000007d        0x3 
 .data.uxCriticalNesting
                0x0000000020000080        0x4 ./Middlewares/Third_Party/FreeRTOS/Source/portable/GCC/ARM_CM3/port.o
 *(.RamFunc)
 *(.RamFunc*)
                0x0000000020000084                . = ALIGN (0x4)
                0x0000000020000084                _edata = .

.igot.plt       0x0000000020000084        0x0 load address 0x0000000008005538
 .igot.plt      0x0000000020000084        0x0 c:/st/stm32cubeide_1.7.0/stm32cubeide/plugins/com.st.stm32cube.ide.mcu.externaltools.gnu-tools-for-stm32.9-2020-q2-update.win32_2.0.0.202105311346/tools/bin/../lib/gcc/arm-none-eabi/9.3.1/thumb/v7-m/nofp/crtbegin.o
                0x0000000020000084                . = ALIGN (0x4)

.bss            0x0000000020000084     0x1af0 load address 0x0000000008005538
                0x0000000020000084                _sbss = .
                0x0000000020000084                __bss_start__ = _sbss
 *(.bss)
 .bss           0x0000000020000084       0x1c c:/st/stm32cubeide_1.7.0/stm32cubeide/plugins/com.st.stm32cube.ide.mcu.externaltools.gnu-tools-for-stm32.9-2020-q2-update.win32_2.0.0.202105311346/tools/bin/../lib/gcc/arm-none-eabi/9.3.1/thumb/v7-m/nofp/crtbegin.o
 *(.bss*)
 .bss.trigger_uplink_flag
                0x00000000200000a0        0x1 ./Core/Src/main.o
                0x00000000200000a0                trigger_uplink_flag
 *fill*         0x00000000200000a1        0x3 
 .bss.huart     0x00000000200000a4        0x4 ./Core/Src/rs485.o
 .bss.rx_buffer
                0x00000000200000a8       0x81 ./Core/Src/rs485.o
 *fill*         0x0000000020000129        0x3 
 .bss.KernelState
                0x000000002000012c        0x4 ./Middlewares/Third_Party/FreeRTOS/Source/CMSIS_RTOS_V2/cmsis_os2.o
 .bss.Idle_TCB  0x0000000020000130       0x5c ./Middlewares/Third_Party/FreeRTOS/Source/CMSIS_RTOS_V2/cmsis_os2.o
 .bss.Idle_Stack
                0x000000002000018c      0x200 ./Middlewares/Third_Party/FreeRTOS/Source/CMSIS_RTOS_V2/cmsis_os2.o
 .bss.Timer_TCB
                0x000000002000038c       0x5c ./Middlewares/Third_Party/FreeRTOS/Source/CMSIS_RTOS_V2/cmsis_os2.o
 .bss.Timer_Stack
                0x00000000200003e8      0x400 ./Middlewares/Third_Party/FreeRTOS/Source/CMSIS_RTOS_V2/cmsis_os2.o
 .bss.pxCurrentTCB
                0x00000000200007e8        0x4 ./Middlewares/Third_Party/FreeRTOS/Source/tasks.o
                0x00000000200007e8                pxCurrentTCB
 .bss.pxReadyTasksLists
                0x00000000200007ec      0x460 ./Middlewares/Third_Party/FreeRTOS/Source/tasks.o
 .bss.xDelayedTaskList1
                0x0000000020000c4c       0x14 ./Middlewares/Third_Party/FreeRTOS/Source/tasks.o
 .bss.xDelayedTaskList2
                0x0000000020000c60       0x14 ./Middlewares/Third_Party/FreeRTOS/Source/tasks.o
 .bss.pxDelayedTaskList
                0x0000000020000c74        0x4 ./Middlewares/Third_Party/FreeRTOS/Source/tasks.o
 .bss.pxOverflowDelayedTaskList
                0x0000000020000c78        0x4 ./Middlewares/Third_Party/FreeRTOS/Source/tasks.o
 .bss.xPendingReadyList
                0x0000000020000c7c       0x14 ./Middlewares/Third_Party/FreeRTOS/Source/tasks.o
 .bss.xTasksWaitingTermination
                0x0000000020000c90       0x14 ./Middlewares/Third_Party/FreeRTOS/Source/tasks.o
 .bss.uxDeletedTasksWaitingCleanUp
                0x0000000020000ca4        0x4 ./Middlewares/Third_Party/FreeRTOS/Source/tasks.o
 .bss.xSuspendedTaskList
                0x0000000020000ca8       0x14 ./Middlewares/Third_Party/FreeRTOS/Source/tasks.o
 .bss.uxCurrentNumberOfTasks
                0x0000000020000cbc        0x4 ./Middlewares/Third_Party/FreeRTOS/Source/tasks.o
 .bss.xTickCount
                0x0000000020000cc0        0x4 ./Middlewares/Third_Party/FreeRTOS/Source/tasks.o
 .bss.uxTopReadyPriority
                0x0000000020000cc4        0x4 ./Middlewares/Third_Party/FreeRTOS/Source/tasks.o
 .bss.xSchedulerRunning
                0x0000000020000cc8        0x4 ./Middlewares/Third_Party/FreeRTOS/Source/tasks.o
 .bss.uxPendedTicks
                0x0000000020000ccc        0x4 ./Middlewares/Third_Party/FreeRTOS/Source/tasks.o
 .bss.xYieldPending
                0x0000000020000cd0        0x4 ./Middlewares/Third_Party/FreeRTOS/Source/tasks.o
 .bss.xNumOfOverflows
                0x0000000020000cd4        0x4 ./Middlewares/Third_Party/FreeRTOS/Source/tasks.o
 .bss.uxTaskNumber
                0x0000000020000cd8        0x4 ./Middlewares/Third_Party/FreeRTOS/Source/tasks.o
 .bss.xNextTaskUnblockTime
                0x0000000020000cdc        0x4 ./Middlewares/Third_Party/FreeRTOS/Source/tasks.o
 .bss.xIdleTaskHandle
                0x0000000020000ce0        0x4 ./Middlewares/Third_Party/FreeRTOS/Source/tasks.o
 .bss.uxSchedulerSuspended
                0x0000000020000ce4        0x4 ./Middlewares/Third_Party/FreeRTOS/Source/tasks.o
 .bss.xActiveTimerList1
                0x0000000020000ce8       0x14 ./Middlewares/Third_Party/FreeRTOS/Source/timers.o
 .bss.xActiveTimerList2
                0x0000000020000cfc       0x14 ./Middlewares/Third_Party/FreeRTOS/Source/timers.o
 .bss.pxCurrentTimerList
                0x0000000020000d10        0x4 ./Middlewares/Third_Party/FreeRTOS/Source/timers.o
 .bss.pxOverflowTimerList
                0x0000000020000d14        0x4 ./Middlewares/Third_Party/FreeRTOS/Source/timers.o
 .bss.xTimerQueue
                0x0000000020000d18        0x4 ./Middlewares/Third_Party/FreeRTOS/Source/timers.o
 .bss.xTimerTaskHandle
                0x0000000020000d1c        0x4 ./Middlewares/Third_Party/FreeRTOS/Source/timers.o
 .bss.xLastTime.5526
                0x0000000020000d20        0x4 ./Middlewares/Third_Party/FreeRTOS/Source/timers.o
 .bss.ucStaticTimerQueueStorage.5577
                0x0000000020000d24       0xa0 ./Middlewares/Third_Party/FreeRTOS/Source/timers.o
 .bss.xStaticTimerQueue.5576
                0x0000000020000dc4       0x50 ./Middlewares/Third_Party/FreeRTOS/Source/timers.o
 .bss.ucMaxSysCallPriority
                0x0000000020000e14        0x1 ./Middlewares/Third_Party/FreeRTOS/Source/portable/GCC/ARM_CM3/port.o
 *fill*         0x0000000020000e15        0x3 
 .bss.ulMaxPRIGROUPValue
                0x0000000020000e18        0x4 ./Middlewares/Third_Party/FreeRTOS/Source/portable/GCC/ARM_CM3/port.o
 .bss.ucHeap    0x0000000020000e1c      0xc00 ./Middlewares/Third_Party/FreeRTOS/Source/portable/MemMang/heap_4.o
 .bss.xStart    0x0000000020001a1c        0x8 ./Middlewares/Third_Party/FreeRTOS/Source/portable/MemMang/heap_4.o
 .bss.pxEnd     0x0000000020001a24        0x4 ./Middlewares/Third_Party/FreeRTOS/Source/portable/MemMang/heap_4.o
 .bss.xFreeBytesRemaining
                0x0000000020001a28        0x4 ./Middlewares/Third_Party/FreeRTOS/Source/portable/MemMang/heap_4.o
 .bss.xMinimumEverFreeBytesRemaining
                0x0000000020001a2c        0x4 ./Middlewares/Third_Party/FreeRTOS/Source/portable/MemMang/heap_4.o
 .bss.xBlockAllocatedBit
                0x0000000020001a30        0x4 ./Middlewares/Third_Party/FreeRTOS/Source/portable/MemMang/heap_4.o
 *(COMMON)
 COMMON         0x0000000020001a34       0x20 ./Core/Src/btn_matrix.o
                0x0000000020001a34                valid_buffer
                0x0000000020001a3c                valid_buffer_prev
                0x0000000020001a44                debounce_buffer_1
                0x0000000020001a4c                debounce_buffer_2
 COMMON         0x0000000020001a54       0xdc ./Core/Src/main.o
                0x0000000020001a54                triggerup_taskHandle
                0x0000000020001a58                hdma_usart3_rx
                0x0000000020001a9c                huart3
                0x0000000020001ae0                btn_taskHandle
                0x0000000020001ae4                huart1
                0x0000000020001b28                rs485_taskHandle
                0x0000000020001b2c                cmd_qHandle
 COMMON         0x0000000020001b30        0x4 ./Drivers/STM32F1xx_HAL_Driver/Src/stm32f1xx_hal.o
                0x0000000020001b30                uwTick
 COMMON         0x0000000020001b34       0x40 ./Middlewares/Third_Party/FreeRTOS/Source/queue.o
                0x0000000020001b34                xQueueRegistry
                0x0000000020001b74                . = ALIGN (0x4)
                0x0000000020001b74                _ebss = .
                0x0000000020001b74                __bss_end__ = _ebss

._user_heap_stack
                0x0000000020001b74      0x604 load address 0x0000000008005538
                0x0000000020001b78                . = ALIGN (0x8)
 *fill*         0x0000000020001b74        0x4 
                [!provide]                        PROVIDE (end = .)
                0x0000000020001b78                PROVIDE (_end = .)
                0x0000000020001d78                . = (. + _Min_Heap_Size)
 *fill*         0x0000000020001b78      0x200 
                0x0000000020002178                . = (. + _Min_Stack_Size)
 *fill*         0x0000000020001d78      0x400 
                0x0000000020002178                . = ALIGN (0x8)

/DISCARD/
 libc.a(*)
 libm.a(*)
 libgcc.a(*)

.ARM.attributes
                0x0000000000000000       0x29
 *(.ARM.attributes)
 .ARM.attributes
                0x0000000000000000       0x1d c:/st/stm32cubeide_1.7.0/stm32cubeide/plugins/com.st.stm32cube.ide.mcu.externaltools.gnu-tools-for-stm32.9-2020-q2-update.win32_2.0.0.202105311346/tools/bin/../lib/gcc/arm-none-eabi/9.3.1/thumb/v7-m/nofp/crti.o
 .ARM.attributes
                0x000000000000001d       0x2d c:/st/stm32cubeide_1.7.0/stm32cubeide/plugins/com.st.stm32cube.ide.mcu.externaltools.gnu-tools-for-stm32.9-2020-q2-update.win32_2.0.0.202105311346/tools/bin/../lib/gcc/arm-none-eabi/9.3.1/thumb/v7-m/nofp/crtbegin.o
 .ARM.attributes
                0x000000000000004a       0x2d ./Core/Src/btn_matrix.o
 .ARM.attributes
                0x0000000000000077       0x2d ./Core/Src/main.o
 .ARM.attributes
                0x00000000000000a4       0x2d ./Core/Src/rs485.o
 .ARM.attributes
                0x00000000000000d1       0x2d ./Core/Src/stm32f1xx_hal_msp.o
 .ARM.attributes
                0x00000000000000fe       0x2d ./Core/Src/stm32f1xx_it.o
 .ARM.attributes
                0x000000000000012b       0x2d ./Core/Src/system_stm32f1xx.o
 .ARM.attributes
                0x0000000000000158       0x21 ./Core/Startup/startup_stm32f103c8tx.o
 .ARM.attributes
                0x0000000000000179       0x2d ./Drivers/STM32F1xx_HAL_Driver/Src/stm32f1xx_hal.o
 .ARM.attributes
                0x00000000000001a6       0x2d ./Drivers/STM32F1xx_HAL_Driver/Src/stm32f1xx_hal_cortex.o
 .ARM.attributes
                0x00000000000001d3       0x2d ./Drivers/STM32F1xx_HAL_Driver/Src/stm32f1xx_hal_dma.o
 .ARM.attributes
                0x0000000000000200       0x2d ./Drivers/STM32F1xx_HAL_Driver/Src/stm32f1xx_hal_gpio.o
 .ARM.attributes
                0x000000000000022d       0x2d ./Drivers/STM32F1xx_HAL_Driver/Src/stm32f1xx_hal_rcc.o
 .ARM.attributes
                0x000000000000025a       0x2d ./Drivers/STM32F1xx_HAL_Driver/Src/stm32f1xx_hal_uart.o
 .ARM.attributes
                0x0000000000000287       0x2d ./Middlewares/Third_Party/FreeRTOS/Source/CMSIS_RTOS_V2/cmsis_os2.o
 .ARM.attributes
                0x00000000000002b4       0x2d ./Middlewares/Third_Party/FreeRTOS/Source/list.o
 .ARM.attributes
                0x00000000000002e1       0x2d ./Middlewares/Third_Party/FreeRTOS/Source/queue.o
 .ARM.attributes
                0x000000000000030e       0x2d ./Middlewares/Third_Party/FreeRTOS/Source/tasks.o
 .ARM.attributes
                0x000000000000033b       0x2d ./Middlewares/Third_Party/FreeRTOS/Source/timers.o
 .ARM.attributes
                0x0000000000000368       0x2d ./Middlewares/Third_Party/FreeRTOS/Source/portable/GCC/ARM_CM3/port.o
 .ARM.attributes
                0x0000000000000395       0x2d ./Middlewares/Third_Party/FreeRTOS/Source/portable/MemMang/heap_4.o
 .ARM.attributes
                0x00000000000003c2       0x2d c:/st/stm32cubeide_1.7.0/stm32cubeide/plugins/com.st.stm32cube.ide.mcu.externaltools.gnu-tools-for-stm32.9-2020-q2-update.win32_2.0.0.202105311346/tools/bin/../lib/gcc/arm-none-eabi/9.3.1/../../../../arm-none-eabi/lib/thumb/v7-m/nofp\libc_nano.a(lib_a-init.o)
 .ARM.attributes
                0x00000000000003ef       0x2d c:/st/stm32cubeide_1.7.0/stm32cubeide/plugins/com.st.stm32cube.ide.mcu.externaltools.gnu-tools-for-stm32.9-2020-q2-update.win32_2.0.0.202105311346/tools/bin/../lib/gcc/arm-none-eabi/9.3.1/../../../../arm-none-eabi/lib/thumb/v7-m/nofp\libc_nano.a(lib_a-memcpy-stub.o)
 .ARM.attributes
                0x000000000000041c       0x2d c:/st/stm32cubeide_1.7.0/stm32cubeide/plugins/com.st.stm32cube.ide.mcu.externaltools.gnu-tools-for-stm32.9-2020-q2-update.win32_2.0.0.202105311346/tools/bin/../lib/gcc/arm-none-eabi/9.3.1/../../../../arm-none-eabi/lib/thumb/v7-m/nofp\libc_nano.a(lib_a-memset.o)
 .ARM.attributes
                0x0000000000000449       0x1d c:/st/stm32cubeide_1.7.0/stm32cubeide/plugins/com.st.stm32cube.ide.mcu.externaltools.gnu-tools-for-stm32.9-2020-q2-update.win32_2.0.0.202105311346/tools/bin/../lib/gcc/arm-none-eabi/9.3.1/thumb/v7-m/nofp/crtn.o
OUTPUT(physical-io.elf elf32-littlearm)
LOAD linker stubs
LOAD c:/st/stm32cubeide_1.7.0/stm32cubeide/plugins/com.st.stm32cube.ide.mcu.externaltools.gnu-tools-for-stm32.9-2020-q2-update.win32_2.0.0.202105311346/tools/bin/../lib/gcc/arm-none-eabi/9.3.1/../../../../arm-none-eabi/lib/thumb/v7-m/nofp\libc.a
LOAD c:/st/stm32cubeide_1.7.0/stm32cubeide/plugins/com.st.stm32cube.ide.mcu.externaltools.gnu-tools-for-stm32.9-2020-q2-update.win32_2.0.0.202105311346/tools/bin/../lib/gcc/arm-none-eabi/9.3.1/../../../../arm-none-eabi/lib/thumb/v7-m/nofp\libm.a
LOAD c:/st/stm32cubeide_1.7.0/stm32cubeide/plugins/com.st.stm32cube.ide.mcu.externaltools.gnu-tools-for-stm32.9-2020-q2-update.win32_2.0.0.202105311346/tools/bin/../lib/gcc/arm-none-eabi/9.3.1/thumb/v7-m/nofp\libgcc.a

.debug_info     0x0000000000000000    0x15d52
 .debug_info    0x0000000000000000      0xd59 ./Core/Src/btn_matrix.o
 .debug_info    0x0000000000000d59     0x1978 ./Core/Src/main.o
 .debug_info    0x00000000000026d1     0x1189 ./Core/Src/rs485.o
 .debug_info    0x000000000000385a     0x132b ./Core/Src/stm32f1xx_hal_msp.o
 .debug_info    0x0000000000004b85      0xcf2 ./Core/Src/stm32f1xx_it.o
 .debug_info    0x0000000000005877      0x2be ./Core/Src/system_stm32f1xx.o
 .debug_info    0x0000000000005b35       0x22 ./Core/Startup/startup_stm32f103c8tx.o
 .debug_info    0x0000000000005b57      0x76a ./Drivers/STM32F1xx_HAL_Driver/Src/stm32f1xx_hal.o
 .debug_info    0x00000000000062c1      0xbdc ./Drivers/STM32F1xx_HAL_Driver/Src/stm32f1xx_hal_cortex.o
 .debug_info    0x0000000000006e9d      0x81e ./Drivers/STM32F1xx_HAL_Driver/Src/stm32f1xx_hal_dma.o
 .debug_info    0x00000000000076bb      0x701 ./Drivers/STM32F1xx_HAL_Driver/Src/stm32f1xx_hal_gpio.o
 .debug_info    0x0000000000007dbc      0x88e ./Drivers/STM32F1xx_HAL_Driver/Src/stm32f1xx_hal_rcc.o
 .debug_info    0x000000000000864a     0x161a ./Drivers/STM32F1xx_HAL_Driver/Src/stm32f1xx_hal_uart.o
 .debug_info    0x0000000000009c64     0x3cd3 ./Middlewares/Third_Party/FreeRTOS/Source/CMSIS_RTOS_V2/cmsis_os2.o
 .debug_info    0x000000000000d937      0xb7c ./Middlewares/Third_Party/FreeRTOS/Source/list.o
 .debug_info    0x000000000000e4b3     0x22de ./Middlewares/Third_Party/FreeRTOS/Source/queue.o
 .debug_info    0x0000000000010791     0x29ae ./Middlewares/Third_Party/FreeRTOS/Source/tasks.o
 .debug_info    0x000000000001313f     0x1afb ./Middlewares/Third_Party/FreeRTOS/Source/timers.o
 .debug_info    0x0000000000014c3a      0x4a1 ./Middlewares/Third_Party/FreeRTOS/Source/portable/GCC/ARM_CM3/port.o
 .debug_info    0x00000000000150db      0xc77 ./Middlewares/Third_Party/FreeRTOS/Source/portable/MemMang/heap_4.o

.debug_abbrev   0x0000000000000000     0x30fa
 .debug_abbrev  0x0000000000000000      0x269 ./Core/Src/btn_matrix.o
 .debug_abbrev  0x0000000000000269      0x318 ./Core/Src/main.o
 .debug_abbrev  0x0000000000000581      0x2d1 ./Core/Src/rs485.o
 .debug_abbrev  0x0000000000000852      0x221 ./Core/Src/stm32f1xx_hal_msp.o
 .debug_abbrev  0x0000000000000a73      0x1e0 ./Core/Src/stm32f1xx_it.o
 .debug_abbrev  0x0000000000000c53      0x14e ./Core/Src/system_stm32f1xx.o
 .debug_abbrev  0x0000000000000da1       0x12 ./Core/Startup/startup_stm32f103c8tx.o
 .debug_abbrev  0x0000000000000db3      0x1ed ./Drivers/STM32F1xx_HAL_Driver/Src/stm32f1xx_hal.o
 .debug_abbrev  0x0000000000000fa0      0x313 ./Drivers/STM32F1xx_HAL_Driver/Src/stm32f1xx_hal_cortex.o
 .debug_abbrev  0x00000000000012b3      0x228 ./Drivers/STM32F1xx_HAL_Driver/Src/stm32f1xx_hal_dma.o
 .debug_abbrev  0x00000000000014db      0x1e8 ./Drivers/STM32F1xx_HAL_Driver/Src/stm32f1xx_hal_gpio.o
 .debug_abbrev  0x00000000000016c3      0x273 ./Drivers/STM32F1xx_HAL_Driver/Src/stm32f1xx_hal_rcc.o
 .debug_abbrev  0x0000000000001936      0x28b ./Drivers/STM32F1xx_HAL_Driver/Src/stm32f1xx_hal_uart.o
 .debug_abbrev  0x0000000000001bc1      0x3ed ./Middlewares/Third_Party/FreeRTOS/Source/CMSIS_RTOS_V2/cmsis_os2.o
 .debug_abbrev  0x0000000000001fae      0x1f7 ./Middlewares/Third_Party/FreeRTOS/Source/list.o
 .debug_abbrev  0x00000000000021a5      0x3a2 ./Middlewares/Third_Party/FreeRTOS/Source/queue.o
 .debug_abbrev  0x0000000000002547      0x39a ./Middlewares/Third_Party/FreeRTOS/Source/tasks.o
 .debug_abbrev  0x00000000000028e1      0x317 ./Middlewares/Third_Party/FreeRTOS/Source/timers.o
 .debug_abbrev  0x0000000000002bf8      0x22f ./Middlewares/Third_Party/FreeRTOS/Source/portable/GCC/ARM_CM3/port.o
 .debug_abbrev  0x0000000000002e27      0x2d3 ./Middlewares/Third_Party/FreeRTOS/Source/portable/MemMang/heap_4.o

.debug_aranges  0x0000000000000000      0xe90
 .debug_aranges
                0x0000000000000000       0x38 ./Core/Src/btn_matrix.o
 .debug_aranges
                0x0000000000000038       0x68 ./Core/Src/main.o
 .debug_aranges
                0x00000000000000a0       0x70 ./Core/Src/rs485.o
 .debug_aranges
                0x0000000000000110       0x30 ./Core/Src/stm32f1xx_hal_msp.o
 .debug_aranges
                0x0000000000000140       0x58 ./Core/Src/stm32f1xx_it.o
 .debug_aranges
                0x0000000000000198       0x28 ./Core/Src/system_stm32f1xx.o
 .debug_aranges
                0x00000000000001c0       0x28 ./Core/Startup/startup_stm32f103c8tx.o
 .debug_aranges
                0x00000000000001e8       0xe0 ./Drivers/STM32F1xx_HAL_Driver/Src/stm32f1xx_hal.o
 .debug_aranges
                0x00000000000002c8      0x100 ./Drivers/STM32F1xx_HAL_Driver/Src/stm32f1xx_hal_cortex.o
 .debug_aranges
                0x00000000000003c8       0x80 ./Drivers/STM32F1xx_HAL_Driver/Src/stm32f1xx_hal_dma.o
 .debug_aranges
                0x0000000000000448       0x58 ./Drivers/STM32F1xx_HAL_Driver/Src/stm32f1xx_hal_gpio.o
 .debug_aranges
                0x00000000000004a0       0x90 ./Drivers/STM32F1xx_HAL_Driver/Src/stm32f1xx_hal_rcc.o
 .debug_aranges
                0x0000000000000530      0x200 ./Drivers/STM32F1xx_HAL_Driver/Src/stm32f1xx_hal_uart.o
 .debug_aranges
                0x0000000000000730      0x228 ./Middlewares/Third_Party/FreeRTOS/Source/CMSIS_RTOS_V2/cmsis_os2.o
 .debug_aranges
                0x0000000000000958       0x40 ./Middlewares/Third_Party/FreeRTOS/Source/list.o
 .debug_aranges
                0x0000000000000998      0x158 ./Middlewares/Third_Party/FreeRTOS/Source/queue.o
 .debug_aranges
                0x0000000000000af0      0x1f8 ./Middlewares/Third_Party/FreeRTOS/Source/tasks.o
 .debug_aranges
                0x0000000000000ce8       0xe0 ./Middlewares/Third_Party/FreeRTOS/Source/timers.o
 .debug_aranges
                0x0000000000000dc8       0x78 ./Middlewares/Third_Party/FreeRTOS/Source/portable/GCC/ARM_CM3/port.o
 .debug_aranges
                0x0000000000000e40       0x50 ./Middlewares/Third_Party/FreeRTOS/Source/portable/MemMang/heap_4.o

.debug_ranges   0x0000000000000000      0xd88
 .debug_ranges  0x0000000000000000       0x28 ./Core/Src/btn_matrix.o
 .debug_ranges  0x0000000000000028       0x58 ./Core/Src/main.o
 .debug_ranges  0x0000000000000080       0x60 ./Core/Src/rs485.o
 .debug_ranges  0x00000000000000e0       0x20 ./Core/Src/stm32f1xx_hal_msp.o
 .debug_ranges  0x0000000000000100       0x48 ./Core/Src/stm32f1xx_it.o
 .debug_ranges  0x0000000000000148       0x18 ./Core/Src/system_stm32f1xx.o
 .debug_ranges  0x0000000000000160       0x20 ./Core/Startup/startup_stm32f103c8tx.o
 .debug_ranges  0x0000000000000180       0xd0 ./Drivers/STM32F1xx_HAL_Driver/Src/stm32f1xx_hal.o
 .debug_ranges  0x0000000000000250       0xf0 ./Drivers/STM32F1xx_HAL_Driver/Src/stm32f1xx_hal_cortex.o
 .debug_ranges  0x0000000000000340       0x70 ./Drivers/STM32F1xx_HAL_Driver/Src/stm32f1xx_hal_dma.o
 .debug_ranges  0x00000000000003b0       0x48 ./Drivers/STM32F1xx_HAL_Driver/Src/stm32f1xx_hal_gpio.o
 .debug_ranges  0x00000000000003f8       0x80 ./Drivers/STM32F1xx_HAL_Driver/Src/stm32f1xx_hal_rcc.o
 .debug_ranges  0x0000000000000478      0x220 ./Drivers/STM32F1xx_HAL_Driver/Src/stm32f1xx_hal_uart.o
 .debug_ranges  0x0000000000000698      0x218 ./Middlewares/Third_Party/FreeRTOS/Source/CMSIS_RTOS_V2/cmsis_os2.o
 .debug_ranges  0x00000000000008b0       0x30 ./Middlewares/Third_Party/FreeRTOS/Source/list.o
 .debug_ranges  0x00000000000008e0      0x148 ./Middlewares/Third_Party/FreeRTOS/Source/queue.o
 .debug_ranges  0x0000000000000a28      0x1e8 ./Middlewares/Third_Party/FreeRTOS/Source/tasks.o
 .debug_ranges  0x0000000000000c10       0xd0 ./Middlewares/Third_Party/FreeRTOS/Source/timers.o
 .debug_ranges  0x0000000000000ce0       0x68 ./Middlewares/Third_Party/FreeRTOS/Source/portable/GCC/ARM_CM3/port.o
 .debug_ranges  0x0000000000000d48       0x40 ./Middlewares/Third_Party/FreeRTOS/Source/portable/MemMang/heap_4.o

.debug_macro    0x0000000000000000    0x1893e
 .debug_macro   0x0000000000000000      0x34d ./Core/Src/btn_matrix.o
 .debug_macro   0x000000000000034d      0xa9c ./Core/Src/btn_matrix.o
 .debug_macro   0x0000000000000de9      0x21b ./Core/Src/btn_matrix.o
 .debug_macro   0x0000000000001004       0x2e ./Core/Src/btn_matrix.o
 .debug_macro   0x0000000000001032       0x22 ./Core/Src/btn_matrix.o
 .debug_macro   0x0000000000001054       0x22 ./Core/Src/btn_matrix.o
 .debug_macro   0x0000000000001076       0x8e ./Core/Src/btn_matrix.o
 .debug_macro   0x0000000000001104       0x51 ./Core/Src/btn_matrix.o
 .debug_macro   0x0000000000001155      0x103 ./Core/Src/btn_matrix.o
 .debug_macro   0x0000000000001258       0x6a ./Core/Src/btn_matrix.o
 .debug_macro   0x00000000000012c2      0x1df ./Core/Src/btn_matrix.o
 .debug_macro   0x00000000000014a1       0x1c ./Core/Src/btn_matrix.o
 .debug_macro   0x00000000000014bd       0x22 ./Core/Src/btn_matrix.o
 .debug_macro   0x00000000000014df       0xc3 ./Core/Src/btn_matrix.o
 .debug_macro   0x00000000000015a2      0xd23 ./Core/Src/btn_matrix.o
 .debug_macro   0x00000000000022c5     0xe09e ./Core/Src/btn_matrix.o
 .debug_macro   0x0000000000010363       0x6d ./Core/Src/btn_matrix.o
 .debug_macro   0x00000000000103d0     0x3468 ./Core/Src/btn_matrix.o
 .debug_macro   0x0000000000013838      0x174 ./Core/Src/btn_matrix.o
 .debug_macro   0x00000000000139ac       0x5c ./Core/Src/btn_matrix.o
 .debug_macro   0x0000000000013a08      0x5be ./Core/Src/btn_matrix.o
 .debug_macro   0x0000000000013fc6      0x289 ./Core/Src/btn_matrix.o
 .debug_macro   0x000000000001424f      0x1cb ./Core/Src/btn_matrix.o
 .debug_macro   0x000000000001441a      0x114 ./Core/Src/btn_matrix.o
 .debug_macro   0x000000000001452e      0x1b2 ./Core/Src/btn_matrix.o
 .debug_macro   0x00000000000146e0       0x27 ./Core/Src/btn_matrix.o
 .debug_macro   0x0000000000014707      0x136 ./Core/Src/btn_matrix.o
 .debug_macro   0x000000000001483d      0x1bc ./Core/Src/btn_matrix.o
 .debug_macro   0x00000000000149f9       0x34 ./Core/Src/btn_matrix.o
 .debug_macro   0x0000000000014a2d       0x3c ./Core/Src/btn_matrix.o
 .debug_macro   0x0000000000014a69       0x57 ./Core/Src/btn_matrix.o
 .debug_macro   0x0000000000014ac0       0x88 ./Core/Src/btn_matrix.o
 .debug_macro   0x0000000000014b48      0x241 ./Core/Src/btn_matrix.o
 .debug_macro   0x0000000000014d89      0x141 ./Core/Src/btn_matrix.o
 .debug_macro   0x0000000000014eca      0x279 ./Core/Src/btn_matrix.o
 .debug_macro   0x0000000000015143       0x83 ./Core/Src/btn_matrix.o
 .debug_macro   0x00000000000151c6       0x52 ./Core/Src/btn_matrix.o
 .debug_macro   0x0000000000015218       0x18 ./Core/Src/btn_matrix.o
 .debug_macro   0x0000000000015230       0x3c ./Core/Src/btn_matrix.o
 .debug_macro   0x000000000001526c       0x34 ./Core/Src/btn_matrix.o
 .debug_macro   0x00000000000152a0       0x16 ./Core/Src/btn_matrix.o
 .debug_macro   0x00000000000152b6       0x43 ./Core/Src/btn_matrix.o
 .debug_macro   0x00000000000152f9       0x34 ./Core/Src/btn_matrix.o
 .debug_macro   0x000000000001532d       0x10 ./Core/Src/btn_matrix.o
 .debug_macro   0x000000000001533d       0x58 ./Core/Src/btn_matrix.o
 .debug_macro   0x0000000000015395       0x71 ./Core/Src/btn_matrix.o
 .debug_macro   0x0000000000015406       0x1c ./Core/Src/btn_matrix.o
 .debug_macro   0x0000000000015422      0x12a ./Core/Src/btn_matrix.o
 .debug_macro   0x000000000001554c      0x333 ./Core/Src/btn_matrix.o
 .debug_macro   0x000000000001587f       0x10 ./Core/Src/btn_matrix.o
 .debug_macro   0x000000000001588f       0x35 ./Core/Src/btn_matrix.o
 .debug_macro   0x00000000000158c4       0x20 ./Core/Src/btn_matrix.o
 .debug_macro   0x00000000000158e4       0x1c ./Core/Src/btn_matrix.o
 .debug_macro   0x0000000000015900       0x10 ./Core/Src/btn_matrix.o
 .debug_macro   0x0000000000015910       0x10 ./Core/Src/btn_matrix.o
 .debug_macro   0x0000000000015920       0x1c ./Core/Src/btn_matrix.o
 .debug_macro   0x000000000001593c       0x52 ./Core/Src/btn_matrix.o
 .debug_macro   0x000000000001598e       0x22 ./Core/Src/btn_matrix.o
 .debug_macro   0x00000000000159b0       0x10 ./Core/Src/btn_matrix.o
 .debug_macro   0x00000000000159c0       0x40 ./Core/Src/btn_matrix.o
 .debug_macro   0x0000000000015a00       0xd5 ./Core/Src/btn_matrix.o
 .debug_macro   0x0000000000015ad5       0x1c ./Core/Src/btn_matrix.o
 .debug_macro   0x0000000000015af1       0x3d ./Core/Src/btn_matrix.o
 .debug_macro   0x0000000000015b2e       0x16 ./Core/Src/btn_matrix.o
 .debug_macro   0x0000000000015b44      0x145 ./Core/Src/btn_matrix.o
 .debug_macro   0x0000000000015c89       0x1c ./Core/Src/btn_matrix.o
 .debug_macro   0x0000000000015ca5       0x6a ./Core/Src/btn_matrix.o
 .debug_macro   0x0000000000015d0f      0x3c5 ./Core/Src/main.o
 .debug_macro   0x00000000000160d4       0x5b ./Core/Src/main.o
 .debug_macro   0x000000000001612f       0x74 ./Core/Src/main.o
 .debug_macro   0x00000000000161a3      0x11c ./Core/Src/main.o
 .debug_macro   0x00000000000162bf       0xdd ./Core/Src/main.o
 .debug_macro   0x000000000001639c       0x10 ./Core/Src/main.o
 .debug_macro   0x00000000000163ac      0x358 ./Core/Src/rs485.o
 .debug_macro   0x0000000000016704      0x327 ./Core/Src/stm32f1xx_hal_msp.o
 .debug_macro   0x0000000000016a2b      0x399 ./Core/Src/stm32f1xx_it.o
 .debug_macro   0x0000000000016dc4      0x18e ./Core/Src/system_stm32f1xx.o
 .debug_macro   0x0000000000016f52      0x1b2 ./Drivers/STM32F1xx_HAL_Driver/Src/stm32f1xx_hal.o
 .debug_macro   0x0000000000017104      0x18e ./Drivers/STM32F1xx_HAL_Driver/Src/stm32f1xx_hal_cortex.o
 .debug_macro   0x0000000000017292      0x18e ./Drivers/STM32F1xx_HAL_Driver/Src/stm32f1xx_hal_dma.o
 .debug_macro   0x0000000000017420      0x1f9 ./Drivers/STM32F1xx_HAL_Driver/Src/stm32f1xx_hal_gpio.o
 .debug_macro   0x0000000000017619      0x1a0 ./Drivers/STM32F1xx_HAL_Driver/Src/stm32f1xx_hal_rcc.o
 .debug_macro   0x00000000000177b9      0x18f ./Drivers/STM32F1xx_HAL_Driver/Src/stm32f1xx_hal_uart.o
 .debug_macro   0x0000000000017948      0x247 ./Middlewares/Third_Party/FreeRTOS/Source/CMSIS_RTOS_V2/cmsis_os2.o
 .debug_macro   0x0000000000017b8f       0x10 ./Middlewares/Third_Party/FreeRTOS/Source/CMSIS_RTOS_V2/cmsis_os2.o
 .debug_macro   0x0000000000017b9f       0xb7 ./Middlewares/Third_Party/FreeRTOS/Source/CMSIS_RTOS_V2/cmsis_os2.o
 .debug_macro   0x0000000000017c56       0x91 ./Middlewares/Third_Party/FreeRTOS/Source/CMSIS_RTOS_V2/cmsis_os2.o
 .debug_macro   0x0000000000017ce7       0x8d ./Middlewares/Third_Party/FreeRTOS/Source/CMSIS_RTOS_V2/cmsis_os2.o
 .debug_macro   0x0000000000017d74       0x9a ./Middlewares/Third_Party/FreeRTOS/Source/CMSIS_RTOS_V2/cmsis_os2.o
 .debug_macro   0x0000000000017e0e      0x187 ./Middlewares/Third_Party/FreeRTOS/Source/list.o
 .debug_macro   0x0000000000017f95      0x212 ./Middlewares/Third_Party/FreeRTOS/Source/queue.o
 .debug_macro   0x00000000000181a7       0x16 ./Middlewares/Third_Party/FreeRTOS/Source/queue.o
 .debug_macro   0x00000000000181bd      0x287 ./Middlewares/Third_Party/FreeRTOS/Source/tasks.o
 .debug_macro   0x0000000000018444       0x10 ./Middlewares/Third_Party/FreeRTOS/Source/tasks.o
 .debug_macro   0x0000000000018454      0x1ca ./Middlewares/Third_Party/FreeRTOS/Source/timers.o
 .debug_macro   0x000000000001861e      0x172 ./Middlewares/Third_Party/FreeRTOS/Source/portable/GCC/ARM_CM3/port.o
 .debug_macro   0x0000000000018790      0x1ae ./Middlewares/Third_Party/FreeRTOS/Source/portable/MemMang/heap_4.o

.debug_line     0x0000000000000000    0x10871
 .debug_line    0x0000000000000000      0x94b ./Core/Src/btn_matrix.o
 .debug_line    0x000000000000094b      0xbd4 ./Core/Src/main.o
 .debug_line    0x000000000000151f      0xb3b ./Core/Src/rs485.o
 .debug_line    0x000000000000205a      0x90f ./Core/Src/stm32f1xx_hal_msp.o
 .debug_line    0x0000000000002969      0xa1e ./Core/Src/stm32f1xx_it.o
 .debug_line    0x0000000000003387      0x6ca ./Core/Src/system_stm32f1xx.o
 .debug_line    0x0000000000003a51       0x87 ./Core/Startup/startup_stm32f103c8tx.o
 .debug_line    0x0000000000003ad8      0x8f7 ./Drivers/STM32F1xx_HAL_Driver/Src/stm32f1xx_hal.o
 .debug_line    0x00000000000043cf      0xadf ./Drivers/STM32F1xx_HAL_Driver/Src/stm32f1xx_hal_cortex.o
 .debug_line    0x0000000000004eae      0xd4f ./Drivers/STM32F1xx_HAL_Driver/Src/stm32f1xx_hal_dma.o
 .debug_line    0x0000000000005bfd      0x98e ./Drivers/STM32F1xx_HAL_Driver/Src/stm32f1xx_hal_gpio.o
 .debug_line    0x000000000000658b      0xd05 ./Drivers/STM32F1xx_HAL_Driver/Src/stm32f1xx_hal_rcc.o
 .debug_line    0x0000000000007290     0x19d2 ./Drivers/STM32F1xx_HAL_Driver/Src/stm32f1xx_hal_uart.o
 .debug_line    0x0000000000008c62     0x2458 ./Middlewares/Third_Party/FreeRTOS/Source/CMSIS_RTOS_V2/cmsis_os2.o
 .debug_line    0x000000000000b0ba      0x70a ./Middlewares/Third_Party/FreeRTOS/Source/list.o
 .debug_line    0x000000000000b7c4     0x16cd ./Middlewares/Third_Party/FreeRTOS/Source/queue.o
 .debug_line    0x000000000000ce91     0x1d25 ./Middlewares/Third_Party/FreeRTOS/Source/tasks.o
 .debug_line    0x000000000000ebb6      0xc9a ./Middlewares/Third_Party/FreeRTOS/Source/timers.o
 .debug_line    0x000000000000f850      0x755 ./Middlewares/Third_Party/FreeRTOS/Source/portable/GCC/ARM_CM3/port.o
 .debug_line    0x000000000000ffa5      0x8cc ./Middlewares/Third_Party/FreeRTOS/Source/portable/MemMang/heap_4.o

.debug_str      0x0000000000000000    0x8c4aa
 .debug_str     0x0000000000000000    0x807c3 ./Core/Src/btn_matrix.o
                                      0x80bd8 (size before relaxing)
 .debug_str     0x00000000000807c3     0x44cf ./Core/Src/main.o
                                      0x850b5 (size before relaxing)
 .debug_str     0x0000000000084c92       0xeb ./Core/Src/rs485.o
                                      0x80e4c (size before relaxing)
 .debug_str     0x0000000000084d7d       0x7e ./Core/Src/stm32f1xx_hal_msp.o
                                      0x810c9 (size before relaxing)
 .debug_str     0x0000000000084dfb      0xdf9 ./Core/Src/stm32f1xx_it.o
                                      0x84472 (size before relaxing)
 .debug_str     0x0000000000085bf4       0x52 ./Core/Src/system_stm32f1xx.o
                                      0x7c843 (size before relaxing)
 .debug_str     0x0000000000085c46       0x36 ./Core/Startup/startup_stm32f103c8tx.o
                                         0x9f (size before relaxing)
 .debug_str     0x0000000000085c7c      0x304 ./Drivers/STM32F1xx_HAL_Driver/Src/stm32f1xx_hal.o
                                      0x7ced4 (size before relaxing)
 .debug_str     0x0000000000085f80      0x2f7 ./Drivers/STM32F1xx_HAL_Driver/Src/stm32f1xx_hal_cortex.o
                                      0x7cedc (size before relaxing)
 .debug_str     0x0000000000086277      0x23a ./Drivers/STM32F1xx_HAL_Driver/Src/stm32f1xx_hal_dma.o
                                      0x7cc1e (size before relaxing)
 .debug_str     0x00000000000864b1      0x302 ./Drivers/STM32F1xx_HAL_Driver/Src/stm32f1xx_hal_gpio.o
                                      0x7cc07 (size before relaxing)
 .debug_str     0x00000000000867b3      0x24f ./Drivers/STM32F1xx_HAL_Driver/Src/stm32f1xx_hal_rcc.o
                                      0x7cc40 (size before relaxing)
 .debug_str     0x0000000000086a02      0x5f9 ./Drivers/STM32F1xx_HAL_Driver/Src/stm32f1xx_hal_uart.o
                                      0x7d232 (size before relaxing)
 .debug_str     0x0000000000086ffb     0x27ba ./Middlewares/Third_Party/FreeRTOS/Source/CMSIS_RTOS_V2/cmsis_os2.o
                                       0xe0c3 (size before relaxing)
 .debug_str     0x00000000000897b5      0x225 ./Middlewares/Third_Party/FreeRTOS/Source/list.o
                                       0xa71c (size before relaxing)
 .debug_str     0x00000000000899da      0x8fd ./Middlewares/Third_Party/FreeRTOS/Source/queue.o
                                       0xbf46 (size before relaxing)
 .debug_str     0x000000000008a2d7     0x12fa ./Middlewares/Third_Party/FreeRTOS/Source/tasks.o
                                       0xcb5c (size before relaxing)
 .debug_str     0x000000000008b5d1      0x586 ./Middlewares/Third_Party/FreeRTOS/Source/timers.o
                                       0xc464 (size before relaxing)
 .debug_str     0x000000000008bb57      0x702 ./Middlewares/Third_Party/FreeRTOS/Source/portable/GCC/ARM_CM3/port.o
                                       0x807a (size before relaxing)
 .debug_str     0x000000000008c259      0x251 ./Middlewares/Third_Party/FreeRTOS/Source/portable/MemMang/heap_4.o
                                       0xae3f (size before relaxing)

.comment        0x0000000000000000       0x53
 .comment       0x0000000000000000       0x53 ./Core/Src/btn_matrix.o
                                         0x54 (size before relaxing)
 .comment       0x0000000000000053       0x54 ./Core/Src/main.o
 .comment       0x0000000000000053       0x54 ./Core/Src/rs485.o
 .comment       0x0000000000000053       0x54 ./Core/Src/stm32f1xx_hal_msp.o
 .comment       0x0000000000000053       0x54 ./Core/Src/stm32f1xx_it.o
 .comment       0x0000000000000053       0x54 ./Core/Src/system_stm32f1xx.o
 .comment       0x0000000000000053       0x54 ./Drivers/STM32F1xx_HAL_Driver/Src/stm32f1xx_hal.o
 .comment       0x0000000000000053       0x54 ./Drivers/STM32F1xx_HAL_Driver/Src/stm32f1xx_hal_cortex.o
 .comment       0x0000000000000053       0x54 ./Drivers/STM32F1xx_HAL_Driver/Src/stm32f1xx_hal_dma.o
 .comment       0x0000000000000053       0x54 ./Drivers/STM32F1xx_HAL_Driver/Src/stm32f1xx_hal_gpio.o
 .comment       0x0000000000000053       0x54 ./Drivers/STM32F1xx_HAL_Driver/Src/stm32f1xx_hal_rcc.o
 .comment       0x0000000000000053       0x54 ./Drivers/STM32F1xx_HAL_Driver/Src/stm32f1xx_hal_uart.o
 .comment       0x0000000000000053       0x54 ./Middlewares/Third_Party/FreeRTOS/Source/CMSIS_RTOS_V2/cmsis_os2.o
 .comment       0x0000000000000053       0x54 ./Middlewares/Third_Party/FreeRTOS/Source/list.o
 .comment       0x0000000000000053       0x54 ./Middlewares/Third_Party/FreeRTOS/Source/queue.o
 .comment       0x0000000000000053       0x54 ./Middlewares/Third_Party/FreeRTOS/Source/tasks.o
 .comment       0x0000000000000053       0x54 ./Middlewares/Third_Party/FreeRTOS/Source/timers.o
 .comment       0x0000000000000053       0x54 ./Middlewares/Third_Party/FreeRTOS/Source/portable/GCC/ARM_CM3/port.o
 .comment       0x0000000000000053       0x54 ./Middlewares/Third_Party/FreeRTOS/Source/portable/MemMang/heap_4.o

.debug_frame    0x0000000000000000     0x3acc
 .debug_frame   0x0000000000000000       0xa4 ./Core/Src/btn_matrix.o
 .debug_frame   0x00000000000000a4      0x148 ./Core/Src/main.o
 .debug_frame   0x00000000000001ec      0x198 ./Core/Src/rs485.o
 .debug_frame   0x0000000000000384       0x7c ./Core/Src/stm32f1xx_hal_msp.o
 .debug_frame   0x0000000000000400       0xe0 ./Core/Src/stm32f1xx_it.o
 .debug_frame   0x00000000000004e0       0x58 ./Core/Src/system_stm32f1xx.o
 .debug_frame   0x0000000000000538      0x334 ./Drivers/STM32F1xx_HAL_Driver/Src/stm32f1xx_hal.o
 .debug_frame   0x000000000000086c      0x428 ./Drivers/STM32F1xx_HAL_Driver/Src/stm32f1xx_hal_cortex.o
 .debug_frame   0x0000000000000c94      0x208 ./Drivers/STM32F1xx_HAL_Driver/Src/stm32f1xx_hal_dma.o
 .debug_frame   0x0000000000000e9c      0x14c ./Drivers/STM32F1xx_HAL_Driver/Src/stm32f1xx_hal_gpio.o
 .debug_frame   0x0000000000000fe8      0x21c ./Drivers/STM32F1xx_HAL_Driver/Src/stm32f1xx_hal_rcc.o
 .debug_frame   0x0000000000001204      0x914 ./Drivers/STM32F1xx_HAL_Driver/Src/stm32f1xx_hal_uart.o
 .debug_frame   0x0000000000001b18      0x980 ./Middlewares/Third_Party/FreeRTOS/Source/CMSIS_RTOS_V2/cmsis_os2.o
 .debug_frame   0x0000000000002498       0xd8 ./Middlewares/Third_Party/FreeRTOS/Source/list.o
 .debug_frame   0x0000000000002570      0x5ec ./Middlewares/Third_Party/FreeRTOS/Source/queue.o
 .debug_frame   0x0000000000002b5c      0x8a8 ./Middlewares/Third_Party/FreeRTOS/Source/tasks.o
 .debug_frame   0x0000000000003404      0x3b4 ./Middlewares/Third_Party/FreeRTOS/Source/timers.o
 .debug_frame   0x00000000000037b8      0x198 ./Middlewares/Third_Party/FreeRTOS/Source/portable/GCC/ARM_CM3/port.o
 .debug_frame   0x0000000000003950      0x108 ./Middlewares/Third_Party/FreeRTOS/Source/portable/MemMang/heap_4.o
 .debug_frame   0x0000000000003a58       0x2c c:/st/stm32cubeide_1.7.0/stm32cubeide/plugins/com.st.stm32cube.ide.mcu.externaltools.gnu-tools-for-stm32.9-2020-q2-update.win32_2.0.0.202105311346/tools/bin/../lib/gcc/arm-none-eabi/9.3.1/../../../../arm-none-eabi/lib/thumb/v7-m/nofp\libc_nano.a(lib_a-init.o)
 .debug_frame   0x0000000000003a84       0x28 c:/st/stm32cubeide_1.7.0/stm32cubeide/plugins/com.st.stm32cube.ide.mcu.externaltools.gnu-tools-for-stm32.9-2020-q2-update.win32_2.0.0.202105311346/tools/bin/../lib/gcc/arm-none-eabi/9.3.1/../../../../arm-none-eabi/lib/thumb/v7-m/nofp\libc_nano.a(lib_a-memcpy-stub.o)
 .debug_frame   0x0000000000003aac       0x20 c:/st/stm32cubeide_1.7.0/stm32cubeide/plugins/com.st.stm32cube.ide.mcu.externaltools.gnu-tools-for-stm32.9-2020-q2-update.win32_2.0.0.202105311346/tools/bin/../lib/gcc/arm-none-eabi/9.3.1/../../../../arm-none-eabi/lib/thumb/v7-m/nofp\libc_nano.a(lib_a-memset.o)
