Archive member included to satisfy reference by file (symbol)

c:/st/stm32cubeide_1.7.0/stm32cubeide/plugins/com.st.stm32cube.ide.mcu.externaltools.gnu-tools-for-stm32.9-2020-q2-update.win32_2.0.0.202105311346/tools/bin/../lib/gcc/arm-none-eabi/9.3.1/../../../../arm-none-eabi/lib/thumb/v7-m/nofp\libc_nano.a(lib_a-errno.o)
                              ./Core/Src/syscalls.o (__errno)
c:/st/stm32cubeide_1.7.0/stm32cubeide/plugins/com.st.stm32cube.ide.mcu.externaltools.gnu-tools-for-stm32.9-2020-q2-update.win32_2.0.0.202105311346/tools/bin/../lib/gcc/arm-none-eabi/9.3.1/../../../../arm-none-eabi/lib/thumb/v7-m/nofp\libc_nano.a(lib_a-exit.o)
                              c:/st/stm32cubeide_1.7.0/stm32cubeide/plugins/com.st.stm32cube.ide.mcu.externaltools.gnu-tools-for-stm32.9-2020-q2-update.win32_2.0.0.202105311346/tools/bin/../lib/gcc/arm-none-eabi/9.3.1/../../../../arm-none-eabi/lib/thumb/v7-m/nofp/crt0.o (exit)
c:/st/stm32cubeide_1.7.0/stm32cubeide/plugins/com.st.stm32cube.ide.mcu.externaltools.gnu-tools-for-stm32.9-2020-q2-update.win32_2.0.0.202105311346/tools/bin/../lib/gcc/arm-none-eabi/9.3.1/../../../../arm-none-eabi/lib/thumb/v7-m/nofp\libc_nano.a(lib_a-impure.o)
                              c:/st/stm32cubeide_1.7.0/stm32cubeide/plugins/com.st.stm32cube.ide.mcu.externaltools.gnu-tools-for-stm32.9-2020-q2-update.win32_2.0.0.202105311346/tools/bin/../lib/gcc/arm-none-eabi/9.3.1/../../../../arm-none-eabi/lib/thumb/v7-m/nofp\libc_nano.a(lib_a-exit.o) (_global_impure_ptr)
c:/st/stm32cubeide_1.7.0/stm32cubeide/plugins/com.st.stm32cube.ide.mcu.externaltools.gnu-tools-for-stm32.9-2020-q2-update.win32_2.0.0.202105311346/tools/bin/../lib/gcc/arm-none-eabi/9.3.1/../../../../arm-none-eabi/lib/thumb/v7-m/nofp\libc_nano.a(lib_a-init.o)
                              c:/st/stm32cubeide_1.7.0/stm32cubeide/plugins/com.st.stm32cube.ide.mcu.externaltools.gnu-tools-for-stm32.9-2020-q2-update.win32_2.0.0.202105311346/tools/bin/../lib/gcc/arm-none-eabi/9.3.1/../../../../arm-none-eabi/lib/thumb/v7-m/nofp/crt0.o (__libc_init_array)
c:/st/stm32cubeide_1.7.0/stm32cubeide/plugins/com.st.stm32cube.ide.mcu.externaltools.gnu-tools-for-stm32.9-2020-q2-update.win32_2.0.0.202105311346/tools/bin/../lib/gcc/arm-none-eabi/9.3.1/../../../../arm-none-eabi/lib/thumb/v7-m/nofp\libc_nano.a(lib_a-memcpy-stub.o)
                              ./Core/Src/main.o (memcpy)
c:/st/stm32cubeide_1.7.0/stm32cubeide/plugins/com.st.stm32cube.ide.mcu.externaltools.gnu-tools-for-stm32.9-2020-q2-update.win32_2.0.0.202105311346/tools/bin/../lib/gcc/arm-none-eabi/9.3.1/../../../../arm-none-eabi/lib/thumb/v7-m/nofp\libc_nano.a(lib_a-memset.o)
                              c:/st/stm32cubeide_1.7.0/stm32cubeide/plugins/com.st.stm32cube.ide.mcu.externaltools.gnu-tools-for-stm32.9-2020-q2-update.win32_2.0.0.202105311346/tools/bin/../lib/gcc/arm-none-eabi/9.3.1/../../../../arm-none-eabi/lib/thumb/v7-m/nofp/crt0.o (memset)

Allocating common symbols
Common symbol       size              file

triggerup_taskHandle
                    0x4               ./Core/Src/main.o
valid_buffer        0x8               ./Core/Src/btn_matrix.o
hdma_usart3_rx      0x44              ./Core/Src/main.o
huart3              0x44              ./Core/Src/main.o
uwTick              0x4               ./Drivers/STM32F1xx_HAL_Driver/Src/stm32f1xx_hal.o
xQueueRegistry      0x40              ./Middlewares/Third_Party/FreeRTOS/Source/queue.o
pFlash              0x20              ./Drivers/STM32F1xx_HAL_Driver/Src/stm32f1xx_hal_flash.o
btn_taskHandle      0x4               ./Core/Src/main.o
valid_buffer_prev   0x8               ./Core/Src/btn_matrix.o
huart1              0x44              ./Core/Src/main.o
rs485_taskHandle    0x4               ./Core/Src/main.o
cmd_qHandle         0x4               ./Core/Src/main.o
debounce_buffer_1   0x8               ./Core/Src/btn_matrix.o
debounce_buffer_2   0x8               ./Core/Src/btn_matrix.o

Discarded input sections

 .text          0x0000000000000000        0x0 c:/st/stm32cubeide_1.7.0/stm32cubeide/plugins/com.st.stm32cube.ide.mcu.externaltools.gnu-tools-for-stm32.9-2020-q2-update.win32_2.0.0.202105311346/tools/bin/../lib/gcc/arm-none-eabi/9.3.1/thumb/v7-m/nofp/crti.o
 .data          0x0000000000000000        0x0 c:/st/stm32cubeide_1.7.0/stm32cubeide/plugins/com.st.stm32cube.ide.mcu.externaltools.gnu-tools-for-stm32.9-2020-q2-update.win32_2.0.0.202105311346/tools/bin/../lib/gcc/arm-none-eabi/9.3.1/thumb/v7-m/nofp/crti.o
 .bss           0x0000000000000000        0x0 c:/st/stm32cubeide_1.7.0/stm32cubeide/plugins/com.st.stm32cube.ide.mcu.externaltools.gnu-tools-for-stm32.9-2020-q2-update.win32_2.0.0.202105311346/tools/bin/../lib/gcc/arm-none-eabi/9.3.1/thumb/v7-m/nofp/crti.o
 .data          0x0000000000000000        0x4 c:/st/stm32cubeide_1.7.0/stm32cubeide/plugins/com.st.stm32cube.ide.mcu.externaltools.gnu-tools-for-stm32.9-2020-q2-update.win32_2.0.0.202105311346/tools/bin/../lib/gcc/arm-none-eabi/9.3.1/thumb/v7-m/nofp/crtbegin.o
[...]
Memory Configuration

Name             Origin             Length             Attributes
RAM              0x0000000020000000 0x0000000000005000 xrw
FLASH            0x0000000008000000 0x0000000000010000 xr
*default*        0x0000000000000000 0xffffffffffffffff

Linker script and memory map

LOAD c:/st/stm32cubeide_1.7.0/stm32cubeide/plugins/com.st.stm32cube.ide.mcu.externaltools.gnu-tools-for-stm32.9-2020-q2-update.win32_2.0.0.202105311346/tools/bin/../lib/gcc/arm-none-eabi/9.3.1/thumb/v7-m/nofp/crti.o
LOAD c:/st/stm32cubeide_1.7.0/stm32cubeide/plugins/com.st.stm32cube.ide.mcu.externaltools.gnu-tools-for-stm32.9-2020-q2-update.win32_2.0.0.202105311346/tools/bin/../lib/gcc/arm-none-eabi/9.3.1/thumb/v7-m/nofp/crtbegin.o
LOAD c:/st/stm32cubeide_1.7.0/stm32cubeide/plugins/com.st.stm32cube.ide.mcu.externaltools.gnu-tools-for-stm32.9-2020-q2-update.win32_2.0.0.202105311346/tools/bin/../lib/gcc/arm-none-eabi/9.3.1/../../../../arm-none-eabi/lib/thumb/v7-m/nofp/crt0.o
LOAD ./Core/Src/btn_matrix.o
LOAD ./Core/Src/crc.o
LOAD ./Core/Src/freertos.o
LOAD ./Core/Src/main.o
LOAD ./Core/Src/rs485.o
LOAD ./Core/Src/stm32f1xx_hal_msp.o
LOAD ./Core/Src/stm32f1xx_it.o
LOAD ./Core/Src/syscalls.o
LOAD ./Core/Src/sysmem.o
LOAD ./Core/Src/system_stm32f1xx.o
LOAD ./Core/Startup/startup_stm32f103c8tx.o
LOAD ./Drivers/STM32F1xx_HAL_Driver/Src/stm32f1xx_hal.o
LOAD ./Drivers/STM32F1xx_HAL_Driver/Src/stm32f1xx_hal_cortex.o
LOAD ./Drivers/STM32F1xx_HAL_Driver/Src/stm32f1xx_hal_dma.o
LOAD ./Drivers/STM32F1xx_HAL_Driver/Src/stm32f1xx_hal_exti.o
LOAD ./Drivers/STM32F1xx_HAL_Driver/Src/stm32f1xx_hal_flash.o
LOAD ./Drivers/STM32F1xx_HAL_Driver/Src/stm32f1xx_hal_flash_ex.o
LOAD ./Drivers/STM32F1xx_HAL_Driver/Src/stm32f1xx_hal_gpio.o
LOAD ./Drivers/STM32F1xx_HAL_Driver/Src/stm32f1xx_hal_gpio_ex.o
LOAD ./Drivers/STM32F1xx_HAL_Driver/Src/stm32f1xx_hal_pwr.o
LOAD ./Drivers/STM32F1xx_HAL_Driver/Src/stm32f1xx_hal_rcc.o
LOAD ./Drivers/STM32F1xx_HAL_Driver/Src/stm32f1xx_hal_rcc_ex.o
LOAD ./Drivers/STM32F1xx_HAL_Driver/Src/stm32f1xx_hal_tim.o
LOAD ./Drivers/STM32F1xx_HAL_Driver/Src/stm32f1xx_hal_tim_ex.o
LOAD ./Drivers/STM32F1xx_HAL_Driver/Src/stm32f1xx_hal_uart.o
LOAD ./Middlewares/Third_Party/FreeRTOS/Source/CMSIS_RTOS_V2/cmsis_os2.o
LOAD ./Middlewares/Third_Party/FreeRTOS/Source/croutine.o
LOAD ./Middlewares/Third_Party/FreeRTOS/Source/event_groups.o
LOAD ./Middlewares/Third_Party/FreeRTOS/Source/list.o
LOAD ./Middlewares/Third_Party/FreeRTOS/Source/queue.o
LOAD ./Middlewares/Third_Party/FreeRTOS/Source/stream_buffer.o
LOAD ./Middlewares/Third_Party/FreeRTOS/Source/tasks.o
LOAD ./Middlewares/Third_Party/FreeRTOS/Source/timers.o
LOAD ./Middlewares/Third_Party/FreeRTOS/Source/portable/GCC/ARM_CM3/port.o
LOAD ./Middlewares/Third_Party/FreeRTOS/Source/portable/MemMang/heap_4.o
START GROUP
LOAD c:/st/stm32cubeide_1.7.0/stm32cubeide/plugins/com.st.stm32cube.ide.mcu.externaltools.gnu-tools-for-stm32.9-2020-q2-update.win32_2.0.0.202105311346/tools/bin/../lib/gcc/arm-none-eabi/9.3.1/../../../../arm-none-eabi/lib/thumb/v7-m/nofp\libc_nano.a
LOAD c:/st/stm32cubeide_1.7.0/stm32cubeide/plugins/com.st.stm32cube.ide.mcu.externaltools.gnu-tools-for-stm32.9-2020-q2-update.win32_2.0.0.202105311346/tools/bin/../lib/gcc/arm-none-eabi/9.3.1/../../../../arm-none-eabi/lib/thumb/v7-m/nofp\libm.a
END GROUP
START GROUP
LOAD c:/st/stm32cubeide_1.7.0/stm32cubeide/plugins/com.st.stm32cube.ide.mcu.externaltools.gnu-tools-for-stm32.9-2020-q2-update.win32_2.0.0.202105311346/tools/bin/../lib/gcc/arm-none-eabi/9.3.1/thumb/v7-m/nofp\libgcc.a
LOAD c:/st/stm32cubeide_1.7.0/stm32cubeide/plugins/com.st.stm32cube.ide.mcu.externaltools.gnu-tools-for-stm32.9-2020-q2-update.win32_2.0.0.202105311346/tools/bin/../lib/gcc/arm-none-eabi/9.3.1/../../../../arm-none-eabi/lib/thumb/v7-m/nofp\libc_nano.a
END GROUP
START GROUP
LOAD c:/st/stm32cubeide_1.7.0/stm32cubeide/plugins/com.st.stm32cube.ide.mcu.externaltools.gnu-tools-for-stm32.9-2020-q2-update.win32_2.0.0.202105311346/tools/bin/../lib/gcc/arm-none-eabi/9.3.1/thumb/v7-m/nofp\libgcc.a
LOAD c:/st/stm32cubeide_1.7.0/stm32cubeide/plugins/com.st.stm32cube.ide.mcu.externaltools.gnu-tools-for-stm32.9-2020-q2-update.win32_2.0.0.202105311346/tools/bin/../lib/gcc/arm-none-eabi/9.3.1/../../../../arm-none-eabi/lib/thumb/v7-m/nofp\libc_nano.a
LOAD c:/st/stm32cubeide_1.7.0/stm32cubeide/plugins/com.st.stm32cube.ide.mcu.externaltools.gnu-tools-for-stm32.9-2020-q2-update.win32_2.0.0.202105311346/tools/bin/../lib/gcc/arm-none-eabi/9.3.1/../../../../arm-none-eabi/lib/thumb/v7-m/nofp\libnosys.a
END GROUP
START GROUP
LOAD c:/st/stm32cubeide_1.7.0/stm32cubeide/plugins/com.st.stm32cube.ide.mcu.externaltools.gnu-tools-for-stm32.9-2020-q2-update.win32_2.0.0.202105311346/tools/bin/../lib/gcc/arm-none-eabi/9.3.1/thumb/v7-m/nofp\libgcc.a
LOAD c:/st/stm32cubeide_1.7.0/stm32cubeide/plugins/com.st.stm32cube.ide.mcu.externaltools.gnu-tools-for-stm32.9-2020-q2-update.win32_2.0.0.202105311346/tools/bin/../lib/gcc/arm-none-eabi/9.3.1/../../../../arm-none-eabi/lib/thumb/v7-m/nofp\libc_nano.a
LOAD c:/st/stm32cubeide_1.7.0/stm32cubeide/plugins/com.st.stm32cube.ide.mcu.externaltools.gnu-tools-for-stm32.9-2020-q2-update.win32_2.0.0.202105311346/tools/bin/../lib/gcc/arm-none-eabi/9.3.1/../../../../arm-none-eabi/lib/thumb/v7-m/nofp\libnosys.a
END GROUP
LOAD c:/st/stm32cubeide_1.7.0/stm32cubeide/plugins/com.st.stm32cube.ide.mcu.externaltools.gnu-tools-for-stm32.9-2020-q2-update.win32_2.0.0.202105311346/tools/bin/../lib/gcc/arm-none-eabi/9.3.1/thumb/v7-m/nofp/crtend.o
LOAD c:/st/stm32cubeide_1.7.0/stm32cubeide/plugins/com.st.stm32cube.ide.mcu.externaltools.gnu-tools-for-stm32.9-2020-q2-update.win32_2.0.0.202105311346/tools/bin/../lib/gcc/arm-none-eabi/9.3.1/thumb/v7-m/nofp/crtn.o
                0x0000000020005000                _estack = (ORIGIN (RAM) + LENGTH (RAM))
                0x0000000000000200                _Min_Heap_Size = 0x200
                0x0000000000000400                _Min_Stack_Size = 0x400

.isr_vector     0x0000000008000000      0x10c
                0x0000000008000000                . = ALIGN (0x4)
 *(.isr_vector)
 .isr_vector    0x0000000008000000      0x10c ./Core/Startup/startup_stm32f103c8tx.o
                0x0000000008000000                g_pfnVectors
                0x000000000800010c                . = ALIGN (0x4)

.text           0x0000000008000110     0x4d18
                0x0000000008000110                . = ALIGN (0x4)
 *(.text)
 .text          0x0000000008000110       0x40 c:/st/stm32cubeide_1.7.0/stm32cubeide/plugins/com.st.stm32cube.ide.mcu.externaltools.gnu-tools-for-stm32.9-2020-q2-update.win32_2.0.0.202105311346/tools/bin/../lib/gcc/arm-none-eabi/9.3.1/thumb/v7-m/nofp/crtbegin.o
 *(.text*)
 .text.gpio_write_pin
                0x0000000008000150       0x24 ./Core/Src/btn_matrix.o
 .text.gpio_read_pin
                0x0000000008000174       0x20 ./Core/Src/btn_matrix.o
 .text.btn_matrix_init
                0x0000000008000194       0x88 ./Core/Src/btn_matrix.o
                0x0000000008000194                btn_matrix_init
 .text.btn_matrix_read
                0x000000000800021c      0x148 ./Core/Src/btn_matrix.o
                0x000000000800021c                btn_matrix_read
 .text.main     0x0000000008000364       0xa0 ./Core/Src/main.o
                0x0000000008000364                main
 .text.SystemClock_Config
                0x0000000008000404       0x80 ./Core/Src/main.o
                0x0000000008000404                SystemClock_Config
 .text.MX_USART1_UART_Init
                0x0000000008000484       0x54 ./Core/Src/main.o
 .text.MX_USART3_UART_Init
                0x00000000080004d8       0x54 ./Core/Src/main.o
 .text.MX_DMA_Init
                0x000000000800052c       0x3c ./Core/Src/main.o
 .text.MX_GPIO_Init
                0x0000000008000568       0xd4 ./Core/Src/main.o
 .text.trigger_uplink_handler
                0x000000000800063c       0x3c ./Core/Src/main.o
                0x000000000800063c                trigger_uplink_handler
 .text.rs485_handler
                0x0000000008000678       0x58 ./Core/Src/main.o
                0x0000000008000678                rs485_handler
 .text.btn_handler
                0x00000000080006d0       0x5c ./Core/Src/main.o
                0x00000000080006d0                btn_handler
 .text.Error_Handler
                0x000000000800072c        0xa ./Core/Src/main.o
                0x000000000800072c                Error_Handler
 *fill*         0x0000000008000736        0x2 
 .text.uart_send
                0x0000000008000738       0x28 ./Core/Src/rs485.o
 .text.rs485_init
                0x0000000008000760       0x1c ./Core/Src/rs485.o
                0x0000000008000760                rs485_init
 .text.rs485_compose
                0x000000000800077c       0xd8 ./Core/Src/rs485.o
                0x000000000800077c                rs485_compose
 .text.rs485_send
                0x0000000008000854       0x16 ./Core/Src/rs485.o
                0x0000000008000854                rs485_send
 *fill*         0x000000000800086a        0x2 
 .text.HAL_MspInit
                0x000000000800086c       0x70 ./Core/Src/stm32f1xx_hal_msp.o
                0x000000000800086c                HAL_MspInit
 .text.HAL_UART_MspInit
                0x00000000080008dc      0x168 ./Core/Src/stm32f1xx_hal_msp.o
                0x00000000080008dc                HAL_UART_MspInit
 .text.NMI_Handler
                0x0000000008000a44        0x6 ./Core/Src/stm32f1xx_it.o
                0x0000000008000a44                NMI_Handler
 .text.HardFault_Handler
                0x0000000008000a4a        0x6 ./Core/Src/stm32f1xx_it.o
                0x0000000008000a4a                HardFault_Handler
 .text.MemManage_Handler
                0x0000000008000a50        0x6 ./Core/Src/stm32f1xx_it.o
                0x0000000008000a50                MemManage_Handler
 .text.BusFault_Handler
                0x0000000008000a56        0x6 ./Core/Src/stm32f1xx_it.o
                0x0000000008000a56                BusFault_Handler
 .text.UsageFault_Handler
                0x0000000008000a5c        0x6 ./Core/Src/stm32f1xx_it.o
                0x0000000008000a5c                UsageFault_Handler
 .text.DebugMon_Handler
                0x0000000008000a62        0xc ./Core/Src/stm32f1xx_it.o
                0x0000000008000a62                DebugMon_Handler
 .text.SysTick_Handler
                0x0000000008000a6e       0x1a ./Core/Src/stm32f1xx_it.o
                0x0000000008000a6e                SysTick_Handler
 .text.DMA1_Channel3_IRQHandler
                0x0000000008000a88       0x14 ./Core/Src/stm32f1xx_it.o
                0x0000000008000a88                DMA1_Channel3_IRQHandler
 .text.SystemInit
                0x0000000008000a9c        0xc ./Core/Src/system_stm32f1xx.o
                0x0000000008000a9c                SystemInit
 .text.Reset_Handler
                0x0000000008000aa8       0x48 ./Core/Startup/startup_stm32f103c8tx.o
                0x0000000008000aa8                Reset_Handler
 .text.Default_Handler
                0x0000000008000af0        0x2 ./Core/Startup/startup_stm32f103c8tx.o
                0x0000000008000af0                RTC_Alarm_IRQHandler
                0x0000000008000af0                EXTI2_IRQHandler
                0x0000000008000af0                TIM1_CC_IRQHandler
                0x0000000008000af0                PVD_IRQHandler
                0x0000000008000af0                EXTI3_IRQHandler
                0x0000000008000af0                EXTI0_IRQHandler
                0x0000000008000af0                I2C2_EV_IRQHandler
                0x0000000008000af0                ADC1_2_IRQHandler
                0x0000000008000af0                SPI1_IRQHandler
                0x0000000008000af0                TAMPER_IRQHandler
                0x0000000008000af0                DMA1_Channel4_IRQHandler
                0x0000000008000af0                USART3_IRQHandler
                0x0000000008000af0                RTC_IRQHandler
                0x0000000008000af0                DMA1_Channel7_IRQHandler
                0x0000000008000af0                CAN1_RX1_IRQHandler
                0x0000000008000af0                TIM4_IRQHandler
                0x0000000008000af0                I2C1_EV_IRQHandler
                0x0000000008000af0                DMA1_Channel6_IRQHandler
                0x0000000008000af0                TIM3_IRQHandler
                0x0000000008000af0                RCC_IRQHandler
                0x0000000008000af0                TIM1_TRG_COM_IRQHandler
                0x0000000008000af0                DMA1_Channel1_IRQHandler
                0x0000000008000af0                Default_Handler
                0x0000000008000af0                EXTI15_10_IRQHandler
                0x0000000008000af0                EXTI9_5_IRQHandler
                0x0000000008000af0                SPI2_IRQHandler
                0x0000000008000af0                DMA1_Channel5_IRQHandler
                0x0000000008000af0                EXTI4_IRQHandler
                0x0000000008000af0                USB_LP_CAN1_RX0_IRQHandler
                0x0000000008000af0                USB_HP_CAN1_TX_IRQHandler
                0x0000000008000af0                TIM1_UP_IRQHandler
                0x0000000008000af0                WWDG_IRQHandler
                0x0000000008000af0                TIM2_IRQHandler
                0x0000000008000af0                TIM1_BRK_IRQHandler
                0x0000000008000af0                EXTI1_IRQHandler
                0x0000000008000af0                USART2_IRQHandler
                0x0000000008000af0                I2C2_ER_IRQHandler
                0x0000000008000af0                DMA1_Channel2_IRQHandler
                0x0000000008000af0                CAN1_SCE_IRQHandler
                0x0000000008000af0                FLASH_IRQHandler
                0x0000000008000af0                USART1_IRQHandler
                0x0000000008000af0                I2C1_ER_IRQHandler
                0x0000000008000af0                USBWakeUp_IRQHandler
 *fill*         0x0000000008000af2        0x2 
 .text.HAL_Init
                0x0000000008000af4       0x2c ./Drivers/STM32F1xx_HAL_Driver/Src/stm32f1xx_hal.o
                0x0000000008000af4                HAL_Init
 .text.HAL_InitTick
                0x0000000008000b20       0x60 ./Drivers/STM32F1xx_HAL_Driver/Src/stm32f1xx_hal.o
                0x0000000008000b20                HAL_InitTick
 .text.HAL_IncTick
                0x0000000008000b80       0x24 ./Drivers/STM32F1xx_HAL_Driver/Src/stm32f1xx_hal.o
                0x0000000008000b80                HAL_IncTick
 .text.HAL_GetTick
                0x0000000008000ba4       0x14 ./Drivers/STM32F1xx_HAL_Driver/Src/stm32f1xx_hal.o
                0x0000000008000ba4                HAL_GetTick
 .text.__NVIC_SetPriorityGrouping
                0x0000000008000bb8       0x48 ./Drivers/STM32F1xx_HAL_Driver/Src/stm32f1xx_hal_cortex.o
 .text.__NVIC_GetPriorityGrouping
                0x0000000008000c00       0x1c ./Drivers/STM32F1xx_HAL_Driver/Src/stm32f1xx_hal_cortex.o
 .text.__NVIC_EnableIRQ
                0x0000000008000c1c       0x38 ./Drivers/STM32F1xx_HAL_Driver/Src/stm32f1xx_hal_cortex.o
 .text.__NVIC_SetPriority
                0x0000000008000c54       0x54 ./Drivers/STM32F1xx_HAL_Driver/Src/stm32f1xx_hal_cortex.o
 .text.NVIC_EncodePriority
                0x0000000008000ca8       0x64 ./Drivers/STM32F1xx_HAL_Driver/Src/stm32f1xx_hal_cortex.o
 .text.SysTick_Config
                0x0000000008000d0c       0x44 ./Drivers/STM32F1xx_HAL_Driver/Src/stm32f1xx_hal_cortex.o
 .text.HAL_NVIC_SetPriorityGrouping
                0x0000000008000d50       0x16 ./Drivers/STM32F1xx_HAL_Driver/Src/stm32f1xx_hal_cortex.o
                0x0000000008000d50                HAL_NVIC_SetPriorityGrouping
 .text.HAL_NVIC_SetPriority
                0x0000000008000d66       0x38 ./Drivers/STM32F1xx_HAL_Driver/Src/stm32f1xx_hal_cortex.o
                0x0000000008000d66                HAL_NVIC_SetPriority
 .text.HAL_NVIC_EnableIRQ
                0x0000000008000d9e       0x1c ./Drivers/STM32F1xx_HAL_Driver/Src/stm32f1xx_hal_cortex.o
                0x0000000008000d9e                HAL_NVIC_EnableIRQ
 .text.HAL_SYSTICK_Config
                0x0000000008000dba       0x18 ./Drivers/STM32F1xx_HAL_Driver/Src/stm32f1xx_hal_cortex.o
                0x0000000008000dba                HAL_SYSTICK_Config
 *fill*         0x0000000008000dd2        0x2 
 .text.HAL_DMA_Init
                0x0000000008000dd4       0xb4 ./Drivers/STM32F1xx_HAL_Driver/Src/stm32f1xx_hal_dma.o
                0x0000000008000dd4                HAL_DMA_Init
 .text.HAL_DMA_IRQHandler
                0x0000000008000e88      0x20c ./Drivers/STM32F1xx_HAL_Driver/Src/stm32f1xx_hal_dma.o
                0x0000000008000e88                HAL_DMA_IRQHandler
 .text.HAL_GPIO_Init
                0x0000000008001094      0x308 ./Drivers/STM32F1xx_HAL_Driver/Src/stm32f1xx_hal_gpio.o
                0x0000000008001094                HAL_GPIO_Init
 .text.HAL_GPIO_ReadPin
                0x000000000800139c       0x2e ./Drivers/STM32F1xx_HAL_Driver/Src/stm32f1xx_hal_gpio.o
                0x000000000800139c                HAL_GPIO_ReadPin
 .text.HAL_GPIO_WritePin
                0x00000000080013ca       0x30 ./Drivers/STM32F1xx_HAL_Driver/Src/stm32f1xx_hal_gpio.o
                0x00000000080013ca                HAL_GPIO_WritePin
 *fill*         0x00000000080013fa        0x2 
 .text.HAL_RCC_OscConfig
                0x00000000080013fc      0x500 ./Drivers/STM32F1xx_HAL_Driver/Src/stm32f1xx_hal_rcc.o
                0x00000000080013fc                HAL_RCC_OscConfig
 .text.HAL_RCC_ClockConfig
                0x00000000080018fc      0x1d4 ./Drivers/STM32F1xx_HAL_Driver/Src/stm32f1xx_hal_rcc.o
                0x00000000080018fc                HAL_RCC_ClockConfig
 .text.HAL_RCC_GetSysClockFreq
                0x0000000008001ad0       0xc0 ./Drivers/STM32F1xx_HAL_Driver/Src/stm32f1xx_hal_rcc.o
                0x0000000008001ad0                HAL_RCC_GetSysClockFreq
 .text.HAL_RCC_GetHCLKFreq
                0x0000000008001b90       0x14 ./Drivers/STM32F1xx_HAL_Driver/Src/stm32f1xx_hal_rcc.o
                0x0000000008001b90                HAL_RCC_GetHCLKFreq
 .text.HAL_RCC_GetPCLK1Freq
                0x0000000008001ba4       0x28 ./Drivers/STM32F1xx_HAL_Driver/Src/stm32f1xx_hal_rcc.o
                0x0000000008001ba4                HAL_RCC_GetPCLK1Freq
 .text.HAL_RCC_GetPCLK2Freq
                0x0000000008001bcc       0x28 ./Drivers/STM32F1xx_HAL_Driver/Src/stm32f1xx_hal_rcc.o
                0x0000000008001bcc                HAL_RCC_GetPCLK2Freq
 .text.RCC_Delay
                0x0000000008001bf4       0x3c ./Drivers/STM32F1xx_HAL_Driver/Src/stm32f1xx_hal_rcc.o
 .text.HAL_UART_Init
                0x0000000008001c30       0x9a ./Drivers/STM32F1xx_HAL_Driver/Src/stm32f1xx_hal_uart.o
                0x0000000008001c30                HAL_UART_Init
 .text.HAL_UART_Transmit
                0x0000000008001cca      0x124 ./Drivers/STM32F1xx_HAL_Driver/Src/stm32f1xx_hal_uart.o
                0x0000000008001cca                HAL_UART_Transmit
 .text.UART_WaitOnFlagUntilTimeout
                0x0000000008001dee       0x94 ./Drivers/STM32F1xx_HAL_Driver/Src/stm32f1xx_hal_uart.o
 *fill*         0x0000000008001e82        0x2 
 .text.UART_SetConfig
                0x0000000008001e84      0x11c ./Drivers/STM32F1xx_HAL_Driver/Src/stm32f1xx_hal_uart.o
 .text.osKernelInitialize
                0x0000000008001fa0       0x64 ./Middlewares/Third_Party/FreeRTOS/Source/CMSIS_RTOS_V2/cmsis_os2.o
                0x0000000008001fa0                osKernelInitialize
 .text.osKernelStart
                0x0000000008002004       0x68 ./Middlewares/Third_Party/FreeRTOS/Source/CMSIS_RTOS_V2/cmsis_os2.o
                0x0000000008002004                osKernelStart
 .text.osThreadNew
                0x000000000800206c      0x154 ./Middlewares/Third_Party/FreeRTOS/Source/CMSIS_RTOS_V2/cmsis_os2.o
                0x000000000800206c                osThreadNew
 .text.osDelay  0x00000000080021c0       0x5c ./Middlewares/Third_Party/FreeRTOS/Source/CMSIS_RTOS_V2/cmsis_os2.o
                0x00000000080021c0                osDelay
 .text.osMessageQueueNew
                0x000000000800221c      0x10c ./Middlewares/Third_Party/FreeRTOS/Source/CMSIS_RTOS_V2/cmsis_os2.o
                0x000000000800221c                osMessageQueueNew
 .text.osMessageQueuePut
                0x0000000008002328       0xe8 ./Middlewares/Third_Party/FreeRTOS/Source/CMSIS_RTOS_V2/cmsis_os2.o
                0x0000000008002328                osMessageQueuePut
 .text.osMessageQueueGet
                0x0000000008002410       0xe4 ./Middlewares/Third_Party/FreeRTOS/Source/CMSIS_RTOS_V2/cmsis_os2.o
                0x0000000008002410                osMessageQueueGet
 .text.vApplicationGetIdleTaskMemory
                0x00000000080024f4       0x30 ./Middlewares/Third_Party/FreeRTOS/Source/CMSIS_RTOS_V2/cmsis_os2.o
                0x00000000080024f4                vApplicationGetIdleTaskMemory
 .text.vApplicationGetTimerTaskMemory
                0x0000000008002524       0x34 ./Middlewares/Third_Party/FreeRTOS/Source/CMSIS_RTOS_V2/cmsis_os2.o
                0x0000000008002524                vApplicationGetTimerTaskMemory
 .text.vListInitialise
                0x0000000008002558       0x3e ./Middlewares/Third_Party/FreeRTOS/Source/list.o
                0x0000000008002558                vListInitialise
 .text.vListInitialiseItem
                0x0000000008002596       0x18 ./Middlewares/Third_Party/FreeRTOS/Source/list.o
                0x0000000008002596                vListInitialiseItem
 .text.vListInsertEnd
                0x00000000080025ae       0x46 ./Middlewares/Third_Party/FreeRTOS/Source/list.o
                0x00000000080025ae                vListInsertEnd
 .text.vListInsert
                0x00000000080025f4       0x70 ./Middlewares/Third_Party/FreeRTOS/Source/list.o
                0x00000000080025f4                vListInsert
 .text.uxListRemove
                0x0000000008002664       0x52 ./Middlewares/Third_Party/FreeRTOS/Source/list.o
                0x0000000008002664                uxListRemove
 *fill*         0x00000000080026b6        0x2 
 .text.xQueueGenericReset
                0x00000000080026b8       0xd0 ./Middlewares/Third_Party/FreeRTOS/Source/queue.o
                0x00000000080026b8                xQueueGenericReset
 .text.xQueueGenericCreateStatic
                0x0000000008002788       0xee ./Middlewares/Third_Party/FreeRTOS/Source/queue.o
                0x0000000008002788                xQueueGenericCreateStatic
 .text.xQueueGenericCreate
                0x0000000008002876       0x7c ./Middlewares/Third_Party/FreeRTOS/Source/queue.o
                0x0000000008002876                xQueueGenericCreate
 .text.prvInitialiseNewQueue
                0x00000000080028f2       0x46 ./Middlewares/Third_Party/FreeRTOS/Source/queue.o
 .text.xQueueGenericSend
                0x0000000008002938      0x1fc ./Middlewares/Third_Party/FreeRTOS/Source/queue.o
                0x0000000008002938                xQueueGenericSend
 .text.xQueueGenericSendFromISR
                0x0000000008002b34      0x130 ./Middlewares/Third_Party/FreeRTOS/Source/queue.o
                0x0000000008002b34                xQueueGenericSendFromISR
 .text.xQueueReceive
                0x0000000008002c64      0x1c0 ./Middlewares/Third_Party/FreeRTOS/Source/queue.o
                0x0000000008002c64                xQueueReceive
 .text.xQueueReceiveFromISR
                0x0000000008002e24      0x100 ./Middlewares/Third_Party/FreeRTOS/Source/queue.o
                0x0000000008002e24                xQueueReceiveFromISR
 .text.prvCopyDataToQueue
                0x0000000008002f24       0xd4 ./Middlewares/Third_Party/FreeRTOS/Source/queue.o
 .text.prvCopyDataFromQueue
                0x0000000008002ff8       0x4c ./Middlewares/Third_Party/FreeRTOS/Source/queue.o
 .text.prvUnlockQueue
                0x0000000008003044       0xa4 ./Middlewares/Third_Party/FreeRTOS/Source/queue.o
 .text.prvIsQueueEmpty
                0x00000000080030e8       0x2c ./Middlewares/Third_Party/FreeRTOS/Source/queue.o
 .text.prvIsQueueFull
                0x0000000008003114       0x30 ./Middlewares/Third_Party/FreeRTOS/Source/queue.o
 .text.vQueueAddToRegistry
                0x0000000008003144       0x50 ./Middlewares/Third_Party/FreeRTOS/Source/queue.o
                0x0000000008003144                vQueueAddToRegistry
 .text.vQueueWaitForMessageRestricted
                0x0000000008003194       0x68 ./Middlewares/Third_Party/FreeRTOS/Source/queue.o
                0x0000000008003194                vQueueWaitForMessageRestricted
 .text.xTaskCreateStatic
                0x00000000080031fc       0xb8 ./Middlewares/Third_Party/FreeRTOS/Source/tasks.o
                0x00000000080031fc                xTaskCreateStatic
 .text.xTaskCreate
                0x00000000080032b4       0x8a ./Middlewares/Third_Party/FreeRTOS/Source/tasks.o
                0x00000000080032b4                xTaskCreate
 .text.prvInitialiseNewTask
                0x000000000800333e      0x10e ./Middlewares/Third_Party/FreeRTOS/Source/tasks.o
 .text.prvAddNewTaskToReadyList
                0x000000000800344c       0xe0 ./Middlewares/Third_Party/FreeRTOS/Source/tasks.o
 .text.vTaskDelay
                0x000000000800352c       0x68 ./Middlewares/Third_Party/FreeRTOS/Source/tasks.o
                0x000000000800352c                vTaskDelay
 .text.vTaskStartScheduler
                0x0000000008003594       0xcc ./Middlewares/Third_Party/FreeRTOS/Source/tasks.o
                0x0000000008003594                vTaskStartScheduler
 .text.vTaskSuspendAll
                0x0000000008003660       0x1c ./Middlewares/Third_Party/FreeRTOS/Source/tasks.o
                0x0000000008003660                vTaskSuspendAll
 .text.xTaskResumeAll
                0x000000000800367c      0x13c ./Middlewares/Third_Party/FreeRTOS/Source/tasks.o
                0x000000000800367c                xTaskResumeAll
 .text.xTaskGetTickCount
                0x00000000080037b8       0x1c ./Middlewares/Third_Party/FreeRTOS/Source/tasks.o
                0x00000000080037b8                xTaskGetTickCount
 .text.xTaskIncrementTick
                0x00000000080037d4      0x17c ./Middlewares/Third_Party/FreeRTOS/Source/tasks.o
                0x00000000080037d4                xTaskIncrementTick
 .text.vTaskSwitchContext
                0x0000000008003950       0xb8 ./Middlewares/Third_Party/FreeRTOS/Source/tasks.o
                0x0000000008003950                vTaskSwitchContext
 .text.vTaskPlaceOnEventList
                0x0000000008003a08       0x48 ./Middlewares/Third_Party/FreeRTOS/Source/tasks.o
                0x0000000008003a08                vTaskPlaceOnEventList
 .text.vTaskPlaceOnEventListRestricted
                0x0000000008003a50       0x58 ./Middlewares/Third_Party/FreeRTOS/Source/tasks.o
                0x0000000008003a50                vTaskPlaceOnEventListRestricted
 .text.xTaskRemoveFromEventList
                0x0000000008003aa8       0xc8 ./Middlewares/Third_Party/FreeRTOS/Source/tasks.o
                0x0000000008003aa8                xTaskRemoveFromEventList
 .text.vTaskInternalSetTimeOutState
                0x0000000008003b70       0x2c ./Middlewares/Third_Party/FreeRTOS/Source/tasks.o
                0x0000000008003b70                vTaskInternalSetTimeOutState
 .text.xTaskCheckForTimeOut
                0x0000000008003b9c       0xc4 ./Middlewares/Third_Party/FreeRTOS/Source/tasks.o
                0x0000000008003b9c                xTaskCheckForTimeOut
 .text.vTaskMissedYield
                0x0000000008003c60       0x18 ./Middlewares/Third_Party/FreeRTOS/Source/tasks.o
                0x0000000008003c60                vTaskMissedYield
 .text.prvIdleTask
                0x0000000008003c78       0x30 ./Middlewares/Third_Party/FreeRTOS/Source/tasks.o
 .text.prvInitialiseTaskLists
                0x0000000008003ca8       0x80 ./Middlewares/Third_Party/FreeRTOS/Source/tasks.o
 .text.prvCheckTasksWaitingTermination
                0x0000000008003d28       0x5c ./Middlewares/Third_Party/FreeRTOS/Source/tasks.o
 .text.prvDeleteTCB
                0x0000000008003d84       0x5e ./Middlewares/Third_Party/FreeRTOS/Source/tasks.o
 *fill*         0x0000000008003de2        0x2 
 .text.prvResetNextTaskUnblockTime
                0x0000000008003de4       0x48 ./Middlewares/Third_Party/FreeRTOS/Source/tasks.o
 .text.xTaskGetSchedulerState
                0x0000000008003e2c       0x3c ./Middlewares/Third_Party/FreeRTOS/Source/tasks.o
                0x0000000008003e2c                xTaskGetSchedulerState
 .text.xTaskPriorityDisinherit
                0x0000000008003e68       0xdc ./Middlewares/Third_Party/FreeRTOS/Source/tasks.o
                0x0000000008003e68                xTaskPriorityDisinherit
 .text.prvAddCurrentTaskToDelayedList
                0x0000000008003f44       0xa8 ./Middlewares/Third_Party/FreeRTOS/Source/tasks.o
 .text.xTimerCreateTimerTask
                0x0000000008003fec       0x90 ./Middlewares/Third_Party/FreeRTOS/Source/timers.o
                0x0000000008003fec                xTimerCreateTimerTask
 .text.xTimerGenericCommand
                0x000000000800407c       0x9c ./Middlewares/Third_Party/FreeRTOS/Source/timers.o
                0x000000000800407c                xTimerGenericCommand
 .text.prvProcessExpiredTimer
                0x0000000008004118       0x80 ./Middlewares/Third_Party/FreeRTOS/Source/timers.o
 .text.prvTimerTask
                0x0000000008004198       0x24 ./Middlewares/Third_Party/FreeRTOS/Source/timers.o
 .text.prvProcessTimerOrBlockTask
                0x00000000080041bc       0x9c ./Middlewares/Third_Party/FreeRTOS/Source/timers.o
 .text.prvGetNextExpireTime
                0x0000000008004258       0x48 ./Middlewares/Third_Party/FreeRTOS/Source/timers.o
 .text.prvSampleTimeNow
                0x00000000080042a0       0x40 ./Middlewares/Third_Party/FreeRTOS/Source/timers.o
 .text.prvInsertTimerInActiveList
                0x00000000080042e0       0x84 ./Middlewares/Third_Party/FreeRTOS/Source/timers.o
 .text.prvProcessReceivedCommands
                0x0000000008004364      0x168 ./Middlewares/Third_Party/FreeRTOS/Source/timers.o
 .text.prvSwitchTimerLists
                0x00000000080044cc       0xc4 ./Middlewares/Third_Party/FreeRTOS/Source/timers.o
 .text.prvCheckForValidListAndQueue
                0x0000000008004590       0x80 ./Middlewares/Third_Party/FreeRTOS/Source/timers.o
 .text.pxPortInitialiseStack
                0x0000000008004610       0x58 ./Middlewares/Third_Party/FreeRTOS/Source/portable/GCC/ARM_CM3/port.o
                0x0000000008004610                pxPortInitialiseStack
 .text.prvTaskExitError
                0x0000000008004668       0x58 ./Middlewares/Third_Party/FreeRTOS/Source/portable/GCC/ARM_CM3/port.o
 .text.SVC_Handler
                0x00000000080046c0       0x28 ./Middlewares/Third_Party/FreeRTOS/Source/portable/GCC/ARM_CM3/port.o
                0x00000000080046c0                SVC_Handler
 .text.prvPortStartFirstTask
                0x00000000080046e8       0x20 ./Middlewares/Third_Party/FreeRTOS/Source/portable/GCC/ARM_CM3/port.o
 .text.xPortStartScheduler
                0x0000000008004708       0xe4 ./Middlewares/Third_Party/FreeRTOS/Source/portable/GCC/ARM_CM3/port.o
                0x0000000008004708                xPortStartScheduler
 .text.vPortEnterCritical
                0x00000000080047ec       0x60 ./Middlewares/Third_Party/FreeRTOS/Source/portable/GCC/ARM_CM3/port.o
                0x00000000080047ec                vPortEnterCritical
 .text.vPortExitCritical
                0x000000000800484c       0x50 ./Middlewares/Third_Party/FreeRTOS/Source/portable/GCC/ARM_CM3/port.o
                0x000000000800484c                vPortExitCritical
 *fill*         0x000000000800489c        0x4 
 .text.PendSV_Handler
                0x00000000080048a0       0x48 ./Middlewares/Third_Party/FreeRTOS/Source/portable/GCC/ARM_CM3/port.o
                0x00000000080048a0                PendSV_Handler
 .text.xPortSysTickHandler
                0x00000000080048e8       0x44 ./Middlewares/Third_Party/FreeRTOS/Source/portable/GCC/ARM_CM3/port.o
                0x00000000080048e8                xPortSysTickHandler
 .text.vPortSetupTimerInterrupt
                0x000000000800492c       0x44 ./Middlewares/Third_Party/FreeRTOS/Source/portable/GCC/ARM_CM3/port.o
                0x000000000800492c                vPortSetupTimerInterrupt
 .text.vPortValidateInterruptPriority
                0x0000000008004970       0x7c ./Middlewares/Third_Party/FreeRTOS/Source/portable/GCC/ARM_CM3/port.o
                0x0000000008004970                vPortValidateInterruptPriority
 .text.pvPortMalloc
                0x00000000080049ec      0x188 ./Middlewares/Third_Party/FreeRTOS/Source/portable/MemMang/heap_4.o
                0x00000000080049ec                pvPortMalloc
 .text.vPortFree
                0x0000000008004b74       0xb4 ./Middlewares/Third_Party/FreeRTOS/Source/portable/MemMang/heap_4.o
                0x0000000008004b74                vPortFree
 .text.prvHeapInit
                0x0000000008004c28       0xc4 ./Middlewares/Third_Party/FreeRTOS/Source/portable/MemMang/heap_4.o
 .text.prvInsertBlockIntoFreeList
                0x0000000008004cec       0xb0 ./Middlewares/Third_Party/FreeRTOS/Source/portable/MemMang/heap_4.o
 .text.__libc_init_array
                0x0000000008004d9c       0x48 c:/st/stm32cubeide_1.7.0/stm32cubeide/plugins/com.st.stm32cube.ide.mcu.externaltools.gnu-tools-for-stm32.9-2020-q2-update.win32_2.0.0.202105311346/tools/bin/../lib/gcc/arm-none-eabi/9.3.1/../../../../arm-none-eabi/lib/thumb/v7-m/nofp\libc_nano.a(lib_a-init.o)
                0x0000000008004d9c                __libc_init_array
 .text.memcpy   0x0000000008004de4       0x1c c:/st/stm32cubeide_1.7.0/stm32cubeide/plugins/com.st.stm32cube.ide.mcu.externaltools.gnu-tools-for-stm32.9-2020-q2-update.win32_2.0.0.202105311346/tools/bin/../lib/gcc/arm-none-eabi/9.3.1/../../../../arm-none-eabi/lib/thumb/v7-m/nofp\libc_nano.a(lib_a-memcpy-stub.o)
                0x0000000008004de4                memcpy
 .text.memset   0x0000000008004e00       0x10 c:/st/stm32cubeide_1.7.0/stm32cubeide/plugins/com.st.stm32cube.ide.mcu.externaltools.gnu-tools-for-stm32.9-2020-q2-update.win32_2.0.0.202105311346/tools/bin/../lib/gcc/arm-none-eabi/9.3.1/../../../../arm-none-eabi/lib/thumb/v7-m/nofp\libc_nano.a(lib_a-memset.o)
                0x0000000008004e00                memset
 *(.glue_7)
 .glue_7        0x0000000008004e10        0x0 linker stubs
 *(.glue_7t)
 .glue_7t       0x0000000008004e10        0x0 linker stubs
 *(.eh_frame)
 .eh_frame      0x0000000008004e10        0x0 c:/st/stm32cubeide_1.7.0/stm32cubeide/plugins/com.st.stm32cube.ide.mcu.externaltools.gnu-tools-for-stm32.9-2020-q2-update.win32_2.0.0.202105311346/tools/bin/../lib/gcc/arm-none-eabi/9.3.1/thumb/v7-m/nofp/crtbegin.o
 *(.init)
 .init          0x0000000008004e10        0x4 c:/st/stm32cubeide_1.7.0/stm32cubeide/plugins/com.st.stm32cube.ide.mcu.externaltools.gnu-tools-for-stm32.9-2020-q2-update.win32_2.0.0.202105311346/tools/bin/../lib/gcc/arm-none-eabi/9.3.1/thumb/v7-m/nofp/crti.o
                0x0000000008004e10                _init
 .init          0x0000000008004e14        0x8 c:/st/stm32cubeide_1.7.0/stm32cubeide/plugins/com.st.stm32cube.ide.mcu.externaltools.gnu-tools-for-stm32.9-2020-q2-update.win32_2.0.0.202105311346/tools/bin/../lib/gcc/arm-none-eabi/9.3.1/thumb/v7-m/nofp/crtn.o
 *(.fini)
 .fini          0x0000000008004e1c        0x4 c:/st/stm32cubeide_1.7.0/stm32cubeide/plugins/com.st.stm32cube.ide.mcu.externaltools.gnu-tools-for-stm32.9-2020-q2-update.win32_2.0.0.202105311346/tools/bin/../lib/gcc/arm-none-eabi/9.3.1/thumb/v7-m/nofp/crti.o
                0x0000000008004e1c                _fini
 .fini          0x0000000008004e20        0x8 c:/st/stm32cubeide_1.7.0/stm32cubeide/plugins/com.st.stm32cube.ide.mcu.externaltools.gnu-tools-for-stm32.9-2020-q2-update.win32_2.0.0.202105311346/tools/bin/../lib/gcc/arm-none-eabi/9.3.1/thumb/v7-m/nofp/crtn.o
                0x0000000008004e28                . = ALIGN (0x4)
                0x0000000008004e28                _etext = .

.vfp11_veneer   0x0000000008004e28        0x0
 .vfp11_veneer  0x0000000008004e28        0x0 linker stubs

.v4_bx          0x0000000008004e28        0x0
 .v4_bx         0x0000000008004e28        0x0 linker stubs

.iplt           0x0000000008004e28        0x0
 .iplt          0x0000000008004e28        0x0 c:/st/stm32cubeide_1.7.0/stm32cubeide/plugins/com.st.stm32cube.ide.mcu.externaltools.gnu-tools-for-stm32.9-2020-q2-update.win32_2.0.0.202105311346/tools/bin/../lib/gcc/arm-none-eabi/9.3.1/thumb/v7-m/nofp/crtbegin.o

.rodata         0x0000000008004e28       0xf4
                0x0000000008004e28                . = ALIGN (0x4)
 *(.rodata)
 .rodata        0x0000000008004e28       0x2e ./Core/Src/main.o
 *fill*         0x0000000008004e56        0x2 
 .rodata        0x0000000008004e58       0x10 ./Drivers/STM32F1xx_HAL_Driver/Src/stm32f1xx_hal_rcc.o
 .rodata        0x0000000008004e68        0x5 ./Middlewares/Third_Party/FreeRTOS/Source/tasks.o
 *fill*         0x0000000008004e6d        0x3 
 .rodata        0x0000000008004e70        0xd ./Middlewares/Third_Party/FreeRTOS/Source/timers.o
 *(.rodata*)
 *fill*         0x0000000008004e7d        0x3 
 .rodata.triggerup_task_attributes
                0x0000000008004e80       0x24 ./Core/Src/main.o
                0x0000000008004e80                triggerup_task_attributes
 .rodata.rs485_task_attributes
                0x0000000008004ea4       0x24 ./Core/Src/main.o
                0x0000000008004ea4                rs485_task_attributes
 .rodata.btn_task_attributes
                0x0000000008004ec8       0x24 ./Core/Src/main.o
                0x0000000008004ec8                btn_task_attributes
 .rodata.cmd_q_attributes
                0x0000000008004eec       0x18 ./Core/Src/main.o
                0x0000000008004eec                cmd_q_attributes
 .rodata.AHBPrescTable
                0x0000000008004f04       0x10 ./Core/Src/system_stm32f1xx.o
                0x0000000008004f04                AHBPrescTable
 .rodata.APBPrescTable
                0x0000000008004f14        0x8 ./Core/Src/system_stm32f1xx.o
                0x0000000008004f14                APBPrescTable
                0x0000000008004f1c                . = ALIGN (0x4)

.rel.dyn        0x0000000008004f1c        0x0
 .rel.iplt      0x0000000008004f1c        0x0 c:/st/stm32cubeide_1.7.0/stm32cubeide/plugins/com.st.stm32cube.ide.mcu.externaltools.gnu-tools-for-stm32.9-2020-q2-update.win32_2.0.0.202105311346/tools/bin/../lib/gcc/arm-none-eabi/9.3.1/thumb/v7-m/nofp/crtbegin.o

.ARM.extab      0x0000000008004f1c        0x0
                0x0000000008004f1c                . = ALIGN (0x4)
 *(.ARM.extab* .gnu.linkonce.armextab.*)
                0x0000000008004f1c                . = ALIGN (0x4)

.ARM            0x0000000008004f1c        0x0
                0x0000000008004f1c                . = ALIGN (0x4)
                0x0000000008004f1c                __exidx_start = .
 *(.ARM.exidx*)
                0x0000000008004f1c                __exidx_end = .
                0x0000000008004f1c                . = ALIGN (0x4)

.preinit_array  0x0000000008004f1c        0x0
                0x0000000008004f1c                . = ALIGN (0x4)
                0x0000000008004f1c                PROVIDE (__preinit_array_start = .)
 *(.preinit_array*)
                0x0000000008004f1c                PROVIDE (__preinit_array_end = .)
                0x0000000008004f1c                . = ALIGN (0x4)

.init_array     0x0000000008004f1c        0x4
                0x0000000008004f1c                . = ALIGN (0x4)
                0x0000000008004f1c                PROVIDE (__init_array_start = .)
 *(SORT_BY_NAME(.init_array.*))
 *(.init_array*)
 .init_array    0x0000000008004f1c        0x4 c:/st/stm32cubeide_1.7.0/stm32cubeide/plugins/com.st.stm32cube.ide.mcu.externaltools.gnu-tools-for-stm32.9-2020-q2-update.win32_2.0.0.202105311346/tools/bin/../lib/gcc/arm-none-eabi/9.3.1/thumb/v7-m/nofp/crtbegin.o
                0x0000000008004f20                PROVIDE (__init_array_end = .)
                0x0000000008004f20                . = ALIGN (0x4)

.fini_array     0x0000000008004f20        0x4
                0x0000000008004f20                . = ALIGN (0x4)
                [!provide]                        PROVIDE (__fini_array_start = .)
 *(SORT_BY_NAME(.fini_array.*))
 *(.fini_array*)
 .fini_array    0x0000000008004f20        0x4 c:/st/stm32cubeide_1.7.0/stm32cubeide/plugins/com.st.stm32cube.ide.mcu.externaltools.gnu-tools-for-stm32.9-2020-q2-update.win32_2.0.0.202105311346/tools/bin/../lib/gcc/arm-none-eabi/9.3.1/thumb/v7-m/nofp/crtbegin.o
                [!provide]                        PROVIDE (__fini_array_end = .)
                0x0000000008004f24                . = ALIGN (0x4)
                0x0000000008004f24                _sidata = LOADADDR (.data)

.data           0x0000000020000000       0x84 load address 0x0000000008004f24
                0x0000000020000000                . = ALIGN (0x4)
                0x0000000020000000                _sdata = .
 *(.data)
 *(.data*)
 .data.cmd_mapper
                0x0000000020000000       0x68 ./Core/Src/btn_matrix.o
                0x0000000020000000                cmd_mapper
 .data.out_pin_mapper
                0x0000000020000068        0x8 ./Core/Src/btn_matrix.o
                0x0000000020000068                out_pin_mapper
 .data.in_pin_mapper
                0x0000000020000070        0x4 ./Core/Src/btn_matrix.o
                0x0000000020000070                in_pin_mapper
 .data.SystemCoreClock
                0x0000000020000074        0x4 ./Core/Src/system_stm32f1xx.o
                0x0000000020000074                SystemCoreClock
 .data.uwTickPrio
                0x0000000020000078        0x4 ./Drivers/STM32F1xx_HAL_Driver/Src/stm32f1xx_hal.o
                0x0000000020000078                uwTickPrio
 .data.uwTickFreq
                0x000000002000007c        0x1 ./Drivers/STM32F1xx_HAL_Driver/Src/stm32f1xx_hal.o
                0x000000002000007c                uwTickFreq
 *fill*         0x000000002000007d        0x3 
 .data.uxCriticalNesting
                0x0000000020000080        0x4 ./Middlewares/Third_Party/FreeRTOS/Source/portable/GCC/ARM_CM3/port.o
 *(.RamFunc)
 *(.RamFunc*)
                0x0000000020000084                . = ALIGN (0x4)
                0x0000000020000084                _edata = .

.igot.plt       0x0000000020000084        0x0 load address 0x0000000008004fa8
 .igot.plt      0x0000000020000084        0x0 c:/st/stm32cubeide_1.7.0/stm32cubeide/plugins/com.st.stm32cube.ide.mcu.externaltools.gnu-tools-for-stm32.9-2020-q2-update.win32_2.0.0.202105311346/tools/bin/../lib/gcc/arm-none-eabi/9.3.1/thumb/v7-m/nofp/crtbegin.o
                0x0000000020000084                . = ALIGN (0x4)

.bss            0x0000000020000084     0x1a6c load address 0x0000000008004fa8
                0x0000000020000084                _sbss = .
                0x0000000020000084                __bss_start__ = _sbss
 *(.bss)
 .bss           0x0000000020000084       0x1c c:/st/stm32cubeide_1.7.0/stm32cubeide/plugins/com.st.stm32cube.ide.mcu.externaltools.gnu-tools-for-stm32.9-2020-q2-update.win32_2.0.0.202105311346/tools/bin/../lib/gcc/arm-none-eabi/9.3.1/thumb/v7-m/nofp/crtbegin.o
 *(.bss*)
 .bss.trigger_uplink_flag
                0x00000000200000a0        0x1 ./Core/Src/main.o
                0x00000000200000a0                trigger_uplink_flag
 *fill*         0x00000000200000a1        0x3 
 .bss.huart     0x00000000200000a4        0x4 ./Core/Src/rs485.o
 .bss.KernelState
                0x00000000200000a8        0x4 ./Middlewares/Third_Party/FreeRTOS/Source/CMSIS_RTOS_V2/cmsis_os2.o
 .bss.Idle_TCB  0x00000000200000ac       0x5c ./Middlewares/Third_Party/FreeRTOS/Source/CMSIS_RTOS_V2/cmsis_os2.o
 .bss.Idle_Stack
                0x0000000020000108      0x200 ./Middlewares/Third_Party/FreeRTOS/Source/CMSIS_RTOS_V2/cmsis_os2.o
 .bss.Timer_TCB
                0x0000000020000308       0x5c ./Middlewares/Third_Party/FreeRTOS/Source/CMSIS_RTOS_V2/cmsis_os2.o
 .bss.Timer_Stack
                0x0000000020000364      0x400 ./Middlewares/Third_Party/FreeRTOS/Source/CMSIS_RTOS_V2/cmsis_os2.o
 .bss.pxCurrentTCB
                0x0000000020000764        0x4 ./Middlewares/Third_Party/FreeRTOS/Source/tasks.o
                0x0000000020000764                pxCurrentTCB
 .bss.pxReadyTasksLists
                0x0000000020000768      0x460 ./Middlewares/Third_Party/FreeRTOS/Source/tasks.o
 .bss.xDelayedTaskList1
                0x0000000020000bc8       0x14 ./Middlewares/Third_Party/FreeRTOS/Source/tasks.o
 .bss.xDelayedTaskList2
                0x0000000020000bdc       0x14 ./Middlewares/Third_Party/FreeRTOS/Source/tasks.o
 .bss.pxDelayedTaskList
                0x0000000020000bf0        0x4 ./Middlewares/Third_Party/FreeRTOS/Source/tasks.o
 .bss.pxOverflowDelayedTaskList
                0x0000000020000bf4        0x4 ./Middlewares/Third_Party/FreeRTOS/Source/tasks.o
 .bss.xPendingReadyList
                0x0000000020000bf8       0x14 ./Middlewares/Third_Party/FreeRTOS/Source/tasks.o
 .bss.xTasksWaitingTermination
                0x0000000020000c0c       0x14 ./Middlewares/Third_Party/FreeRTOS/Source/tasks.o
 .bss.uxDeletedTasksWaitingCleanUp
                0x0000000020000c20        0x4 ./Middlewares/Third_Party/FreeRTOS/Source/tasks.o
 .bss.xSuspendedTaskList
                0x0000000020000c24       0x14 ./Middlewares/Third_Party/FreeRTOS/Source/tasks.o
 .bss.uxCurrentNumberOfTasks
                0x0000000020000c38        0x4 ./Middlewares/Third_Party/FreeRTOS/Source/tasks.o
 .bss.xTickCount
                0x0000000020000c3c        0x4 ./Middlewares/Third_Party/FreeRTOS/Source/tasks.o
 .bss.uxTopReadyPriority
                0x0000000020000c40        0x4 ./Middlewares/Third_Party/FreeRTOS/Source/tasks.o
 .bss.xSchedulerRunning
                0x0000000020000c44        0x4 ./Middlewares/Third_Party/FreeRTOS/Source/tasks.o
 .bss.uxPendedTicks
                0x0000000020000c48        0x4 ./Middlewares/Third_Party/FreeRTOS/Source/tasks.o
 .bss.xYieldPending
                0x0000000020000c4c        0x4 ./Middlewares/Third_Party/FreeRTOS/Source/tasks.o
 .bss.xNumOfOverflows
                0x0000000020000c50        0x4 ./Middlewares/Third_Party/FreeRTOS/Source/tasks.o
 .bss.uxTaskNumber
                0x0000000020000c54        0x4 ./Middlewares/Third_Party/FreeRTOS/Source/tasks.o
 .bss.xNextTaskUnblockTime
                0x0000000020000c58        0x4 ./Middlewares/Third_Party/FreeRTOS/Source/tasks.o
 .bss.xIdleTaskHandle
                0x0000000020000c5c        0x4 ./Middlewares/Third_Party/FreeRTOS/Source/tasks.o
 .bss.uxSchedulerSuspended
                0x0000000020000c60        0x4 ./Middlewares/Third_Party/FreeRTOS/Source/tasks.o
 .bss.xActiveTimerList1
                0x0000000020000c64       0x14 ./Middlewares/Third_Party/FreeRTOS/Source/timers.o
 .bss.xActiveTimerList2
                0x0000000020000c78       0x14 ./Middlewares/Third_Party/FreeRTOS/Source/timers.o
 .bss.pxCurrentTimerList
                0x0000000020000c8c        0x4 ./Middlewares/Third_Party/FreeRTOS/Source/timers.o
 .bss.pxOverflowTimerList
                0x0000000020000c90        0x4 ./Middlewares/Third_Party/FreeRTOS/Source/timers.o
 .bss.xTimerQueue
                0x0000000020000c94        0x4 ./Middlewares/Third_Party/FreeRTOS/Source/timers.o
 .bss.xTimerTaskHandle
                0x0000000020000c98        0x4 ./Middlewares/Third_Party/FreeRTOS/Source/timers.o
 .bss.xLastTime.5526
                0x0000000020000c9c        0x4 ./Middlewares/Third_Party/FreeRTOS/Source/timers.o
 .bss.ucStaticTimerQueueStorage.5577
                0x0000000020000ca0       0xa0 ./Middlewares/Third_Party/FreeRTOS/Source/timers.o
 .bss.xStaticTimerQueue.5576
                0x0000000020000d40       0x50 ./Middlewares/Third_Party/FreeRTOS/Source/timers.o
 .bss.ucMaxSysCallPriority
                0x0000000020000d90        0x1 ./Middlewares/Third_Party/FreeRTOS/Source/portable/GCC/ARM_CM3/port.o
 *fill*         0x0000000020000d91        0x3 
 .bss.ulMaxPRIGROUPValue
                0x0000000020000d94        0x4 ./Middlewares/Third_Party/FreeRTOS/Source/portable/GCC/ARM_CM3/port.o
 .bss.ucHeap    0x0000000020000d98      0xc00 ./Middlewares/Third_Party/FreeRTOS/Source/portable/MemMang/heap_4.o
 .bss.xStart    0x0000000020001998        0x8 ./Middlewares/Third_Party/FreeRTOS/Source/portable/MemMang/heap_4.o
 .bss.pxEnd     0x00000000200019a0        0x4 ./Middlewares/Third_Party/FreeRTOS/Source/portable/MemMang/heap_4.o
 .bss.xFreeBytesRemaining
                0x00000000200019a4        0x4 ./Middlewares/Third_Party/FreeRTOS/Source/portable/MemMang/heap_4.o
 .bss.xMinimumEverFreeBytesRemaining
                0x00000000200019a8        0x4 ./Middlewares/Third_Party/FreeRTOS/Source/portable/MemMang/heap_4.o
 .bss.xBlockAllocatedBit
                0x00000000200019ac        0x4 ./Middlewares/Third_Party/FreeRTOS/Source/portable/MemMang/heap_4.o
 *(COMMON)
 COMMON         0x00000000200019b0       0x20 ./Core/Src/btn_matrix.o
                0x00000000200019b0                valid_buffer
                0x00000000200019b8                valid_buffer_prev
                0x00000000200019c0                debounce_buffer_1
                0x00000000200019c8                debounce_buffer_2
 COMMON         0x00000000200019d0       0xdc ./Core/Src/main.o
                0x00000000200019d0                triggerup_taskHandle
                0x00000000200019d4                hdma_usart3_rx
                0x0000000020001a18                huart3
                0x0000000020001a5c                btn_taskHandle
                0x0000000020001a60                huart1
                0x0000000020001aa4                rs485_taskHandle
                0x0000000020001aa8                cmd_qHandle
 COMMON         0x0000000020001aac        0x4 ./Drivers/STM32F1xx_HAL_Driver/Src/stm32f1xx_hal.o
                0x0000000020001aac                uwTick
 COMMON         0x0000000020001ab0       0x40 ./Middlewares/Third_Party/FreeRTOS/Source/queue.o
                0x0000000020001ab0                xQueueRegistry
                0x0000000020001af0                . = ALIGN (0x4)
                0x0000000020001af0                _ebss = .
                0x0000000020001af0                __bss_end__ = _ebss

._user_heap_stack
                0x0000000020001af0      0x600 load address 0x0000000008004fa8
                0x0000000020001af0                . = ALIGN (0x8)
                [!provide]                        PROVIDE (end = .)
                0x0000000020001af0                PROVIDE (_end = .)
                0x0000000020001cf0                . = (. + _Min_Heap_Size)
 *fill*         0x0000000020001af0      0x200 
                0x00000000200020f0                . = (. + _Min_Stack_Size)
 *fill*         0x0000000020001cf0      0x400 
                0x00000000200020f0                . = ALIGN (0x8)

/DISCARD/
 libc.a(*)
 libm.a(*)
 libgcc.a(*)

.ARM.attributes
                0x0000000000000000       0x29
 *(.ARM.attributes)
 .ARM.attributes
                0x0000000000000000       0x1d c:/st/stm32cubeide_1.7.0/stm32cubeide/plugins/com.st.stm32cube.ide.mcu.externaltools.gnu-tools-for-stm32.9-2020-q2-update.win32_2.0.0.202105311346/tools/bin/../lib/gcc/arm-none-eabi/9.3.1/thumb/v7-m/nofp/crti.o
 .ARM.attributes
                0x000000000000001d       0x2d c:/st/stm32cubeide_1.7.0/stm32cubeide/plugins/com.st.stm32cube.ide.mcu.externaltools.gnu-tools-for-stm32.9-2020-q2-update.win32_2.0.0.202105311346/tools/bin/../lib/gcc/arm-none-eabi/9.3.1/thumb/v7-m/nofp/crtbegin.o
 .ARM.attributes
                0x000000000000004a       0x2d ./Core/Src/btn_matrix.o
 .ARM.attributes
                0x0000000000000077       0x2d ./Core/Src/main.o
 .ARM.attributes
                0x00000000000000a4       0x2d ./Core/Src/rs485.o
 .ARM.attributes
                0x00000000000000d1       0x2d ./Core/Src/stm32f1xx_hal_msp.o
 .ARM.attributes
                0x00000000000000fe       0x2d ./Core/Src/stm32f1xx_it.o
 .ARM.attributes
                0x000000000000012b       0x2d ./Core/Src/system_stm32f1xx.o
 .ARM.attributes
                0x0000000000000158       0x21 ./Core/Startup/startup_stm32f103c8tx.o
 .ARM.attributes
                0x0000000000000179       0x2d ./Drivers/STM32F1xx_HAL_Driver/Src/stm32f1xx_hal.o
 .ARM.attributes
                0x00000000000001a6       0x2d ./Drivers/STM32F1xx_HAL_Driver/Src/stm32f1xx_hal_cortex.o
 .ARM.attributes
                0x00000000000001d3       0x2d ./Drivers/STM32F1xx_HAL_Driver/Src/stm32f1xx_hal_dma.o
 .ARM.attributes
                0x0000000000000200       0x2d ./Drivers/STM32F1xx_HAL_Driver/Src/stm32f1xx_hal_gpio.o
 .ARM.attributes
                0x000000000000022d       0x2d ./Drivers/STM32F1xx_HAL_Driver/Src/stm32f1xx_hal_rcc.o
 .ARM.attributes
                0x000000000000025a       0x2d ./Drivers/STM32F1xx_HAL_Driver/Src/stm32f1xx_hal_uart.o
 .ARM.attributes
                0x0000000000000287       0x2d ./Middlewares/Third_Party/FreeRTOS/Source/CMSIS_RTOS_V2/cmsis_os2.o
 .ARM.attributes
                0x00000000000002b4       0x2d ./Middlewares/Third_Party/FreeRTOS/Source/list.o
 .ARM.attributes
                0x00000000000002e1       0x2d ./Middlewares/Third_Party/FreeRTOS/Source/queue.o
 .ARM.attributes
                0x000000000000030e       0x2d ./Middlewares/Third_Party/FreeRTOS/Source/tasks.o
 .ARM.attributes
                0x000000000000033b       0x2d ./Middlewares/Third_Party/FreeRTOS/Source/timers.o
 .ARM.attributes
                0x0000000000000368       0x2d ./Middlewares/Third_Party/FreeRTOS/Source/portable/GCC/ARM_CM3/port.o
 .ARM.attributes
                0x0000000000000395       0x2d ./Middlewares/Third_Party/FreeRTOS/Source/portable/MemMang/heap_4.o
 .ARM.attributes
                0x00000000000003c2       0x2d c:/st/stm32cubeide_1.7.0/stm32cubeide/plugins/com.st.stm32cube.ide.mcu.externaltools.gnu-tools-for-stm32.9-2020-q2-update.win32_2.0.0.202105311346/tools/bin/../lib/gcc/arm-none-eabi/9.3.1/../../../../arm-none-eabi/lib/thumb/v7-m/nofp\libc_nano.a(lib_a-init.o)
 .ARM.attributes
                0x00000000000003ef       0x2d c:/st/stm32cubeide_1.7.0/stm32cubeide/plugins/com.st.stm32cube.ide.mcu.externaltools.gnu-tools-for-stm32.9-2020-q2-update.win32_2.0.0.202105311346/tools/bin/../lib/gcc/arm-none-eabi/9.3.1/../../../../arm-none-eabi/lib/thumb/v7-m/nofp\libc_nano.a(lib_a-memcpy-stub.o)
 .ARM.attributes
                0x000000000000041c       0x2d c:/st/stm32cubeide_1.7.0/stm32cubeide/plugins/com.st.stm32cube.ide.mcu.externaltools.gnu-tools-for-stm32.9-2020-q2-update.win32_2.0.0.202105311346/tools/bin/../lib/gcc/arm-none-eabi/9.3.1/../../../../arm-none-eabi/lib/thumb/v7-m/nofp\libc_nano.a(lib_a-memset.o)
 .ARM.attributes
                0x0000000000000449       0x1d c:/st/stm32cubeide_1.7.0/stm32cubeide/plugins/com.st.stm32cube.ide.mcu.externaltools.gnu-tools-for-stm32.9-2020-q2-update.win32_2.0.0.202105311346/tools/bin/../lib/gcc/arm-none-eabi/9.3.1/thumb/v7-m/nofp/crtn.o
OUTPUT(physical-io.elf elf32-littlearm)
LOAD linker stubs
LOAD c:/st/stm32cubeide_1.7.0/stm32cubeide/plugins/com.st.stm32cube.ide.mcu.externaltools.gnu-tools-for-stm32.9-2020-q2-update.win32_2.0.0.202105311346/tools/bin/../lib/gcc/arm-none-eabi/9.3.1/../../../../arm-none-eabi/lib/thumb/v7-m/nofp\libc.a
LOAD c:/st/stm32cubeide_1.7.0/stm32cubeide/plugins/com.st.stm32cube.ide.mcu.externaltools.gnu-tools-for-stm32.9-2020-q2-update.win32_2.0.0.202105311346/tools/bin/../lib/gcc/arm-none-eabi/9.3.1/../../../../arm-none-eabi/lib/thumb/v7-m/nofp\libm.a
LOAD c:/st/stm32cubeide_1.7.0/stm32cubeide/plugins/com.st.stm32cube.ide.mcu.externaltools.gnu-tools-for-stm32.9-2020-q2-update.win32_2.0.0.202105311346/tools/bin/../lib/gcc/arm-none-eabi/9.3.1/thumb/v7-m/nofp\libgcc.a

.debug_info     0x0000000000000000    0x15cfa
 .debug_info    0x0000000000000000      0xd59 ./Core/Src/btn_matrix.o
 .debug_info    0x0000000000000d59     0x1968 ./Core/Src/main.o
 .debug_info    0x00000000000026c1     0x1141 ./Core/Src/rs485.o
 .debug_info    0x0000000000003802     0x132b ./Core/Src/stm32f1xx_hal_msp.o
 .debug_info    0x0000000000004b2d      0xcf2 ./Core/Src/stm32f1xx_it.o
 .debug_info    0x000000000000581f      0x2be ./Core/Src/system_stm32f1xx.o
 .debug_info    0x0000000000005add       0x22 ./Core/Startup/startup_stm32f103c8tx.o
 .debug_info    0x0000000000005aff      0x76a ./Drivers/STM32F1xx_HAL_Driver/Src/stm32f1xx_hal.o
 .debug_info    0x0000000000006269      0xbdc ./Drivers/STM32F1xx_HAL_Driver/Src/stm32f1xx_hal_cortex.o
 .debug_info    0x0000000000006e45      0x81e ./Drivers/STM32F1xx_HAL_Driver/Src/stm32f1xx_hal_dma.o
 .debug_info    0x0000000000007663      0x701 ./Drivers/STM32F1xx_HAL_Driver/Src/stm32f1xx_hal_gpio.o
 .debug_info    0x0000000000007d64      0x88e ./Drivers/STM32F1xx_HAL_Driver/Src/stm32f1xx_hal_rcc.o
 .debug_info    0x00000000000085f2     0x161a ./Drivers/STM32F1xx_HAL_Driver/Src/stm32f1xx_hal_uart.o
 .debug_info    0x0000000000009c0c     0x3cd3 ./Middlewares/Third_Party/FreeRTOS/Source/CMSIS_RTOS_V2/cmsis_os2.o
 .debug_info    0x000000000000d8df      0xb7c ./Middlewares/Third_Party/FreeRTOS/Source/list.o
 .debug_info    0x000000000000e45b     0x22de ./Middlewares/Third_Party/FreeRTOS/Source/queue.o
 .debug_info    0x0000000000010739     0x29ae ./Middlewares/Third_Party/FreeRTOS/Source/tasks.o
 .debug_info    0x00000000000130e7     0x1afb ./Middlewares/Third_Party/FreeRTOS/Source/timers.o
 .debug_info    0x0000000000014be2      0x4a1 ./Middlewares/Third_Party/FreeRTOS/Source/portable/GCC/ARM_CM3/port.o
 .debug_info    0x0000000000015083      0xc77 ./Middlewares/Third_Party/FreeRTOS/Source/portable/MemMang/heap_4.o

.debug_abbrev   0x0000000000000000     0x30aa
 .debug_abbrev  0x0000000000000000      0x269 ./Core/Src/btn_matrix.o
 .debug_abbrev  0x0000000000000269      0x318 ./Core/Src/main.o
 .debug_abbrev  0x0000000000000581      0x281 ./Core/Src/rs485.o
 .debug_abbrev  0x0000000000000802      0x221 ./Core/Src/stm32f1xx_hal_msp.o
 .debug_abbrev  0x0000000000000a23      0x1e0 ./Core/Src/stm32f1xx_it.o
 .debug_abbrev  0x0000000000000c03      0x14e ./Core/Src/system_stm32f1xx.o
 .debug_abbrev  0x0000000000000d51       0x12 ./Core/Startup/startup_stm32f103c8tx.o
 .debug_abbrev  0x0000000000000d63      0x1ed ./Drivers/STM32F1xx_HAL_Driver/Src/stm32f1xx_hal.o
 .debug_abbrev  0x0000000000000f50      0x313 ./Drivers/STM32F1xx_HAL_Driver/Src/stm32f1xx_hal_cortex.o
 .debug_abbrev  0x0000000000001263      0x228 ./Drivers/STM32F1xx_HAL_Driver/Src/stm32f1xx_hal_dma.o
 .debug_abbrev  0x000000000000148b      0x1e8 ./Drivers/STM32F1xx_HAL_Driver/Src/stm32f1xx_hal_gpio.o
 .debug_abbrev  0x0000000000001673      0x273 ./Drivers/STM32F1xx_HAL_Driver/Src/stm32f1xx_hal_rcc.o
 .debug_abbrev  0x00000000000018e6      0x28b ./Drivers/STM32F1xx_HAL_Driver/Src/stm32f1xx_hal_uart.o
 .debug_abbrev  0x0000000000001b71      0x3ed ./Middlewares/Third_Party/FreeRTOS/Source/CMSIS_RTOS_V2/cmsis_os2.o
 .debug_abbrev  0x0000000000001f5e      0x1f7 ./Middlewares/Third_Party/FreeRTOS/Source/list.o
 .debug_abbrev  0x0000000000002155      0x3a2 ./Middlewares/Third_Party/FreeRTOS/Source/queue.o
 .debug_abbrev  0x00000000000024f7      0x39a ./Middlewares/Third_Party/FreeRTOS/Source/tasks.o
 .debug_abbrev  0x0000000000002891      0x317 ./Middlewares/Third_Party/FreeRTOS/Source/timers.o
 .debug_abbrev  0x0000000000002ba8      0x22f ./Middlewares/Third_Party/FreeRTOS/Source/portable/GCC/ARM_CM3/port.o
 .debug_abbrev  0x0000000000002dd7      0x2d3 ./Middlewares/Third_Party/FreeRTOS/Source/portable/MemMang/heap_4.o

.debug_aranges  0x0000000000000000      0xe78
 .debug_aranges
                0x0000000000000000       0x38 ./Core/Src/btn_matrix.o
 .debug_aranges
                0x0000000000000038       0x68 ./Core/Src/main.o
 .debug_aranges
                0x00000000000000a0       0x58 ./Core/Src/rs485.o
 .debug_aranges
                0x00000000000000f8       0x30 ./Core/Src/stm32f1xx_hal_msp.o
 .debug_aranges
                0x0000000000000128       0x58 ./Core/Src/stm32f1xx_it.o
 .debug_aranges
                0x0000000000000180       0x28 ./Core/Src/system_stm32f1xx.o
 .debug_aranges
                0x00000000000001a8       0x28 ./Core/Startup/startup_stm32f103c8tx.o
 .debug_aranges
                0x00000000000001d0       0xe0 ./Drivers/STM32F1xx_HAL_Driver/Src/stm32f1xx_hal.o
 .debug_aranges
                0x00000000000002b0      0x100 ./Drivers/STM32F1xx_HAL_Driver/Src/stm32f1xx_hal_cortex.o
 .debug_aranges
                0x00000000000003b0       0x80 ./Drivers/STM32F1xx_HAL_Driver/Src/stm32f1xx_hal_dma.o
 .debug_aranges
                0x0000000000000430       0x58 ./Drivers/STM32F1xx_HAL_Driver/Src/stm32f1xx_hal_gpio.o
 .debug_aranges
                0x0000000000000488       0x90 ./Drivers/STM32F1xx_HAL_Driver/Src/stm32f1xx_hal_rcc.o
 .debug_aranges
                0x0000000000000518      0x200 ./Drivers/STM32F1xx_HAL_Driver/Src/stm32f1xx_hal_uart.o
 .debug_aranges
                0x0000000000000718      0x228 ./Middlewares/Third_Party/FreeRTOS/Source/CMSIS_RTOS_V2/cmsis_os2.o
 .debug_aranges
                0x0000000000000940       0x40 ./Middlewares/Third_Party/FreeRTOS/Source/list.o
 .debug_aranges
                0x0000000000000980      0x158 ./Middlewares/Third_Party/FreeRTOS/Source/queue.o
 .debug_aranges
                0x0000000000000ad8      0x1f8 ./Middlewares/Third_Party/FreeRTOS/Source/tasks.o
 .debug_aranges
                0x0000000000000cd0       0xe0 ./Middlewares/Third_Party/FreeRTOS/Source/timers.o
 .debug_aranges
                0x0000000000000db0       0x78 ./Middlewares/Third_Party/FreeRTOS/Source/portable/GCC/ARM_CM3/port.o
 .debug_aranges
                0x0000000000000e28       0x50 ./Middlewares/Third_Party/FreeRTOS/Source/portable/MemMang/heap_4.o

.debug_ranges   0x0000000000000000      0xd70
 .debug_ranges  0x0000000000000000       0x28 ./Core/Src/btn_matrix.o
 .debug_ranges  0x0000000000000028       0x58 ./Core/Src/main.o
 .debug_ranges  0x0000000000000080       0x48 ./Core/Src/rs485.o
 .debug_ranges  0x00000000000000c8       0x20 ./Core/Src/stm32f1xx_hal_msp.o
 .debug_ranges  0x00000000000000e8       0x48 ./Core/Src/stm32f1xx_it.o
 .debug_ranges  0x0000000000000130       0x18 ./Core/Src/system_stm32f1xx.o
 .debug_ranges  0x0000000000000148       0x20 ./Core/Startup/startup_stm32f103c8tx.o
 .debug_ranges  0x0000000000000168       0xd0 ./Drivers/STM32F1xx_HAL_Driver/Src/stm32f1xx_hal.o
 .debug_ranges  0x0000000000000238       0xf0 ./Drivers/STM32F1xx_HAL_Driver/Src/stm32f1xx_hal_cortex.o
 .debug_ranges  0x0000000000000328       0x70 ./Drivers/STM32F1xx_HAL_Driver/Src/stm32f1xx_hal_dma.o
 .debug_ranges  0x0000000000000398       0x48 ./Drivers/STM32F1xx_HAL_Driver/Src/stm32f1xx_hal_gpio.o
 .debug_ranges  0x00000000000003e0       0x80 ./Drivers/STM32F1xx_HAL_Driver/Src/stm32f1xx_hal_rcc.o
 .debug_ranges  0x0000000000000460      0x220 ./Drivers/STM32F1xx_HAL_Driver/Src/stm32f1xx_hal_uart.o
 .debug_ranges  0x0000000000000680      0x218 ./Middlewares/Third_Party/FreeRTOS/Source/CMSIS_RTOS_V2/cmsis_os2.o
 .debug_ranges  0x0000000000000898       0x30 ./Middlewares/Third_Party/FreeRTOS/Source/list.o
 .debug_ranges  0x00000000000008c8      0x148 ./Middlewares/Third_Party/FreeRTOS/Source/queue.o
 .debug_ranges  0x0000000000000a10      0x1e8 ./Middlewares/Third_Party/FreeRTOS/Source/tasks.o
 .debug_ranges  0x0000000000000bf8       0xd0 ./Middlewares/Third_Party/FreeRTOS/Source/timers.o
 .debug_ranges  0x0000000000000cc8       0x68 ./Middlewares/Third_Party/FreeRTOS/Source/portable/GCC/ARM_CM3/port.o
 .debug_ranges  0x0000000000000d30       0x40 ./Middlewares/Third_Party/FreeRTOS/Source/portable/MemMang/heap_4.o

.debug_macro    0x0000000000000000    0x18929
 .debug_macro   0x0000000000000000      0x34d ./Core/Src/btn_matrix.o
 .debug_macro   0x000000000000034d      0xa9c ./Core/Src/btn_matrix.o
 .debug_macro   0x0000000000000de9      0x21b ./Core/Src/btn_matrix.o
 .debug_macro   0x0000000000001004       0x2e ./Core/Src/btn_matrix.o
 .debug_macro   0x0000000000001032       0x22 ./Core/Src/btn_matrix.o
 .debug_macro   0x0000000000001054       0x22 ./Core/Src/btn_matrix.o
 .debug_macro   0x0000000000001076       0x8e ./Core/Src/btn_matrix.o
 .debug_macro   0x0000000000001104       0x51 ./Core/Src/btn_matrix.o
 .debug_macro   0x0000000000001155      0x103 ./Core/Src/btn_matrix.o
 .debug_macro   0x0000000000001258       0x6a ./Core/Src/btn_matrix.o
 .debug_macro   0x00000000000012c2      0x1df ./Core/Src/btn_matrix.o
 .debug_macro   0x00000000000014a1       0x1c ./Core/Src/btn_matrix.o
 .debug_macro   0x00000000000014bd       0x22 ./Core/Src/btn_matrix.o
 .debug_macro   0x00000000000014df       0xc3 ./Core/Src/btn_matrix.o
 .debug_macro   0x00000000000015a2      0xd23 ./Core/Src/btn_matrix.o
 .debug_macro   0x00000000000022c5     0xe09e ./Core/Src/btn_matrix.o
 .debug_macro   0x0000000000010363       0x6d ./Core/Src/btn_matrix.o
 .debug_macro   0x00000000000103d0     0x3468 ./Core/Src/btn_matrix.o
 .debug_macro   0x0000000000013838      0x174 ./Core/Src/btn_matrix.o
 .debug_macro   0x00000000000139ac       0x5c ./Core/Src/btn_matrix.o
 .debug_macro   0x0000000000013a08      0x5be ./Core/Src/btn_matrix.o
 .debug_macro   0x0000000000013fc6      0x289 ./Core/Src/btn_matrix.o
 .debug_macro   0x000000000001424f      0x1cb ./Core/Src/btn_matrix.o
 .debug_macro   0x000000000001441a      0x114 ./Core/Src/btn_matrix.o
 .debug_macro   0x000000000001452e      0x1b2 ./Core/Src/btn_matrix.o
 .debug_macro   0x00000000000146e0       0x27 ./Core/Src/btn_matrix.o
 .debug_macro   0x0000000000014707      0x136 ./Core/Src/btn_matrix.o
 .debug_macro   0x000000000001483d      0x1bc ./Core/Src/btn_matrix.o
 .debug_macro   0x00000000000149f9       0x34 ./Core/Src/btn_matrix.o
 .debug_macro   0x0000000000014a2d       0x3c ./Core/Src/btn_matrix.o
 .debug_macro   0x0000000000014a69       0x57 ./Core/Src/btn_matrix.o
 .debug_macro   0x0000000000014ac0       0x88 ./Core/Src/btn_matrix.o
 .debug_macro   0x0000000000014b48      0x241 ./Core/Src/btn_matrix.o
 .debug_macro   0x0000000000014d89      0x141 ./Core/Src/btn_matrix.o
 .debug_macro   0x0000000000014eca      0x279 ./Core/Src/btn_matrix.o
 .debug_macro   0x0000000000015143       0x83 ./Core/Src/btn_matrix.o
 .debug_macro   0x00000000000151c6       0x52 ./Core/Src/btn_matrix.o
 .debug_macro   0x0000000000015218       0x18 ./Core/Src/btn_matrix.o
 .debug_macro   0x0000000000015230       0x3c ./Core/Src/btn_matrix.o
 .debug_macro   0x000000000001526c       0x34 ./Core/Src/btn_matrix.o
 .debug_macro   0x00000000000152a0       0x16 ./Core/Src/btn_matrix.o
 .debug_macro   0x00000000000152b6       0x43 ./Core/Src/btn_matrix.o
 .debug_macro   0x00000000000152f9       0x34 ./Core/Src/btn_matrix.o
 .debug_macro   0x000000000001532d       0x10 ./Core/Src/btn_matrix.o
 .debug_macro   0x000000000001533d       0x58 ./Core/Src/btn_matrix.o
 .debug_macro   0x0000000000015395       0x71 ./Core/Src/btn_matrix.o
 .debug_macro   0x0000000000015406       0x1c ./Core/Src/btn_matrix.o
 .debug_macro   0x0000000000015422      0x12a ./Core/Src/btn_matrix.o
 .debug_macro   0x000000000001554c      0x333 ./Core/Src/btn_matrix.o
 .debug_macro   0x000000000001587f       0x10 ./Core/Src/btn_matrix.o
 .debug_macro   0x000000000001588f       0x35 ./Core/Src/btn_matrix.o
 .debug_macro   0x00000000000158c4       0x20 ./Core/Src/btn_matrix.o
 .debug_macro   0x00000000000158e4       0x1c ./Core/Src/btn_matrix.o
 .debug_macro   0x0000000000015900       0x10 ./Core/Src/btn_matrix.o
 .debug_macro   0x0000000000015910       0x10 ./Core/Src/btn_matrix.o
 .debug_macro   0x0000000000015920       0x1c ./Core/Src/btn_matrix.o
 .debug_macro   0x000000000001593c       0x52 ./Core/Src/btn_matrix.o
 .debug_macro   0x000000000001598e       0x22 ./Core/Src/btn_matrix.o
 .debug_macro   0x00000000000159b0       0x10 ./Core/Src/btn_matrix.o
 .debug_macro   0x00000000000159c0       0x40 ./Core/Src/btn_matrix.o
 .debug_macro   0x0000000000015a00       0xd5 ./Core/Src/btn_matrix.o
 .debug_macro   0x0000000000015ad5       0x1c ./Core/Src/btn_matrix.o
 .debug_macro   0x0000000000015af1       0x3d ./Core/Src/btn_matrix.o
 .debug_macro   0x0000000000015b2e       0x16 ./Core/Src/btn_matrix.o
 .debug_macro   0x0000000000015b44      0x145 ./Core/Src/btn_matrix.o
 .debug_macro   0x0000000000015c89       0x1c ./Core/Src/btn_matrix.o
 .debug_macro   0x0000000000015ca5       0x6a ./Core/Src/btn_matrix.o
 .debug_macro   0x0000000000015d0f      0x3c6 ./Core/Src/main.o
 .debug_macro   0x00000000000160d5       0x5b ./Core/Src/main.o
 .debug_macro   0x0000000000016130       0x74 ./Core/Src/main.o
 .debug_macro   0x00000000000161a4      0x11c ./Core/Src/main.o
 .debug_macro   0x00000000000162c0       0xdd ./Core/Src/main.o
 .debug_macro   0x000000000001639d      0x352 ./Core/Src/rs485.o
 .debug_macro   0x00000000000166ef      0x327 ./Core/Src/stm32f1xx_hal_msp.o
 .debug_macro   0x0000000000016a16      0x399 ./Core/Src/stm32f1xx_it.o
 .debug_macro   0x0000000000016daf      0x18e ./Core/Src/system_stm32f1xx.o
 .debug_macro   0x0000000000016f3d      0x1b2 ./Drivers/STM32F1xx_HAL_Driver/Src/stm32f1xx_hal.o
 .debug_macro   0x00000000000170ef      0x18e ./Drivers/STM32F1xx_HAL_Driver/Src/stm32f1xx_hal_cortex.o
 .debug_macro   0x000000000001727d      0x18e ./Drivers/STM32F1xx_HAL_Driver/Src/stm32f1xx_hal_dma.o
 .debug_macro   0x000000000001740b      0x1f9 ./Drivers/STM32F1xx_HAL_Driver/Src/stm32f1xx_hal_gpio.o
 .debug_macro   0x0000000000017604      0x1a0 ./Drivers/STM32F1xx_HAL_Driver/Src/stm32f1xx_hal_rcc.o
 .debug_macro   0x00000000000177a4      0x18f ./Drivers/STM32F1xx_HAL_Driver/Src/stm32f1xx_hal_uart.o
 .debug_macro   0x0000000000017933      0x247 ./Middlewares/Third_Party/FreeRTOS/Source/CMSIS_RTOS_V2/cmsis_os2.o
 .debug_macro   0x0000000000017b7a       0x10 ./Middlewares/Third_Party/FreeRTOS/Source/CMSIS_RTOS_V2/cmsis_os2.o
 .debug_macro   0x0000000000017b8a       0xb7 ./Middlewares/Third_Party/FreeRTOS/Source/CMSIS_RTOS_V2/cmsis_os2.o
 .debug_macro   0x0000000000017c41       0x91 ./Middlewares/Third_Party/FreeRTOS/Source/CMSIS_RTOS_V2/cmsis_os2.o
 .debug_macro   0x0000000000017cd2       0x8d ./Middlewares/Third_Party/FreeRTOS/Source/CMSIS_RTOS_V2/cmsis_os2.o
 .debug_macro   0x0000000000017d5f       0x9a ./Middlewares/Third_Party/FreeRTOS/Source/CMSIS_RTOS_V2/cmsis_os2.o
 .debug_macro   0x0000000000017df9      0x187 ./Middlewares/Third_Party/FreeRTOS/Source/list.o
 .debug_macro   0x0000000000017f80      0x212 ./Middlewares/Third_Party/FreeRTOS/Source/queue.o
 .debug_macro   0x0000000000018192       0x16 ./Middlewares/Third_Party/FreeRTOS/Source/queue.o
 .debug_macro   0x00000000000181a8      0x287 ./Middlewares/Third_Party/FreeRTOS/Source/tasks.o
 .debug_macro   0x000000000001842f       0x10 ./Middlewares/Third_Party/FreeRTOS/Source/tasks.o
 .debug_macro   0x000000000001843f      0x1ca ./Middlewares/Third_Party/FreeRTOS/Source/timers.o
 .debug_macro   0x0000000000018609      0x172 ./Middlewares/Third_Party/FreeRTOS/Source/portable/GCC/ARM_CM3/port.o
 .debug_macro   0x000000000001877b      0x1ae ./Middlewares/Third_Party/FreeRTOS/Source/portable/MemMang/heap_4.o

.debug_line     0x0000000000000000    0x107de
 .debug_line    0x0000000000000000      0x94b ./Core/Src/btn_matrix.o
 .debug_line    0x000000000000094b      0xbb6 ./Core/Src/main.o
 .debug_line    0x0000000000001501      0xac6 ./Core/Src/rs485.o
 .debug_line    0x0000000000001fc7      0x90f ./Core/Src/stm32f1xx_hal_msp.o
 .debug_line    0x00000000000028d6      0xa1e ./Core/Src/stm32f1xx_it.o
 .debug_line    0x00000000000032f4      0x6ca ./Core/Src/system_stm32f1xx.o
 .debug_line    0x00000000000039be       0x87 ./Core/Startup/startup_stm32f103c8tx.o
 .debug_line    0x0000000000003a45      0x8f7 ./Drivers/STM32F1xx_HAL_Driver/Src/stm32f1xx_hal.o
 .debug_line    0x000000000000433c      0xadf ./Drivers/STM32F1xx_HAL_Driver/Src/stm32f1xx_hal_cortex.o
 .debug_line    0x0000000000004e1b      0xd4f ./Drivers/STM32F1xx_HAL_Driver/Src/stm32f1xx_hal_dma.o
 .debug_line    0x0000000000005b6a      0x98e ./Drivers/STM32F1xx_HAL_Driver/Src/stm32f1xx_hal_gpio.o
 .debug_line    0x00000000000064f8      0xd05 ./Drivers/STM32F1xx_HAL_Driver/Src/stm32f1xx_hal_rcc.o
 .debug_line    0x00000000000071fd     0x19d2 ./Drivers/STM32F1xx_HAL_Driver/Src/stm32f1xx_hal_uart.o
 .debug_line    0x0000000000008bcf     0x2458 ./Middlewares/Third_Party/FreeRTOS/Source/CMSIS_RTOS_V2/cmsis_os2.o
 .debug_line    0x000000000000b027      0x70a ./Middlewares/Third_Party/FreeRTOS/Source/list.o
 .debug_line    0x000000000000b731     0x16cd ./Middlewares/Third_Party/FreeRTOS/Source/queue.o
 .debug_line    0x000000000000cdfe     0x1d25 ./Middlewares/Third_Party/FreeRTOS/Source/tasks.o
 .debug_line    0x000000000000eb23      0xc9a ./Middlewares/Third_Party/FreeRTOS/Source/timers.o
 .debug_line    0x000000000000f7bd      0x755 ./Middlewares/Third_Party/FreeRTOS/Source/portable/GCC/ARM_CM3/port.o
 .debug_line    0x000000000000ff12      0x8cc ./Middlewares/Third_Party/FreeRTOS/Source/portable/MemMang/heap_4.o

.debug_str      0x0000000000000000    0x8c434
 .debug_str     0x0000000000000000    0x807c3 ./Core/Src/btn_matrix.o
                                      0x80bd8 (size before relaxing)
 .debug_str     0x00000000000807c3     0x44a4 ./Core/Src/main.o
                                      0x85091 (size before relaxing)
 .debug_str     0x0000000000084c67       0x9a ./Core/Src/rs485.o
                                      0x80de6 (size before relaxing)
 .debug_str     0x0000000000084d01       0x7e ./Core/Src/stm32f1xx_hal_msp.o
                                      0x810c9 (size before relaxing)
 .debug_str     0x0000000000084d7f      0xdf9 ./Core/Src/stm32f1xx_it.o
                                      0x84472 (size before relaxing)
 .debug_str     0x0000000000085b78       0x52 ./Core/Src/system_stm32f1xx.o
                                      0x7c843 (size before relaxing)
 .debug_str     0x0000000000085bca       0x36 ./Core/Startup/startup_stm32f103c8tx.o
                                         0x9f (size before relaxing)
 .debug_str     0x0000000000085c00      0x304 ./Drivers/STM32F1xx_HAL_Driver/Src/stm32f1xx_hal.o
                                      0x7ced4 (size before relaxing)
 .debug_str     0x0000000000085f04      0x2f7 ./Drivers/STM32F1xx_HAL_Driver/Src/stm32f1xx_hal_cortex.o
                                      0x7cedc (size before relaxing)
 .debug_str     0x00000000000861fb      0x23a ./Drivers/STM32F1xx_HAL_Driver/Src/stm32f1xx_hal_dma.o
                                      0x7cc1e (size before relaxing)
 .debug_str     0x0000000000086435      0x302 ./Drivers/STM32F1xx_HAL_Driver/Src/stm32f1xx_hal_gpio.o
                                      0x7cc07 (size before relaxing)
 .debug_str     0x0000000000086737      0x24f ./Drivers/STM32F1xx_HAL_Driver/Src/stm32f1xx_hal_rcc.o
                                      0x7cc40 (size before relaxing)
 .debug_str     0x0000000000086986      0x5f9 ./Drivers/STM32F1xx_HAL_Driver/Src/stm32f1xx_hal_uart.o
                                      0x7d232 (size before relaxing)
 .debug_str     0x0000000000086f7f     0x27c0 ./Middlewares/Third_Party/FreeRTOS/Source/CMSIS_RTOS_V2/cmsis_os2.o
                                       0xe0c3 (size before relaxing)
 .debug_str     0x000000000008973f      0x225 ./Middlewares/Third_Party/FreeRTOS/Source/list.o
                                       0xa71c (size before relaxing)
 .debug_str     0x0000000000089964      0x8fd ./Middlewares/Third_Party/FreeRTOS/Source/queue.o
                                       0xbf46 (size before relaxing)
 .debug_str     0x000000000008a261     0x12fa ./Middlewares/Third_Party/FreeRTOS/Source/tasks.o
                                       0xcb5c (size before relaxing)
 .debug_str     0x000000000008b55b      0x586 ./Middlewares/Third_Party/FreeRTOS/Source/timers.o
                                       0xc464 (size before relaxing)
 .debug_str     0x000000000008bae1      0x702 ./Middlewares/Third_Party/FreeRTOS/Source/portable/GCC/ARM_CM3/port.o
                                       0x807a (size before relaxing)
 .debug_str     0x000000000008c1e3      0x251 ./Middlewares/Third_Party/FreeRTOS/Source/portable/MemMang/heap_4.o
                                       0xae3f (size before relaxing)

.comment        0x0000000000000000       0x53
 .comment       0x0000000000000000       0x53 ./Core/Src/btn_matrix.o
                                         0x54 (size before relaxing)
 .comment       0x0000000000000053       0x54 ./Core/Src/main.o
 .comment       0x0000000000000053       0x54 ./Core/Src/rs485.o
 .comment       0x0000000000000053       0x54 ./Core/Src/stm32f1xx_hal_msp.o
 .comment       0x0000000000000053       0x54 ./Core/Src/stm32f1xx_it.o
 .comment       0x0000000000000053       0x54 ./Core/Src/system_stm32f1xx.o
 .comment       0x0000000000000053       0x54 ./Drivers/STM32F1xx_HAL_Driver/Src/stm32f1xx_hal.o
 .comment       0x0000000000000053       0x54 ./Drivers/STM32F1xx_HAL_Driver/Src/stm32f1xx_hal_cortex.o
 .comment       0x0000000000000053       0x54 ./Drivers/STM32F1xx_HAL_Driver/Src/stm32f1xx_hal_dma.o
 .comment       0x0000000000000053       0x54 ./Drivers/STM32F1xx_HAL_Driver/Src/stm32f1xx_hal_gpio.o
 .comment       0x0000000000000053       0x54 ./Drivers/STM32F1xx_HAL_Driver/Src/stm32f1xx_hal_rcc.o
 .comment       0x0000000000000053       0x54 ./Drivers/STM32F1xx_HAL_Driver/Src/stm32f1xx_hal_uart.o
 .comment       0x0000000000000053       0x54 ./Middlewares/Third_Party/FreeRTOS/Source/CMSIS_RTOS_V2/cmsis_os2.o
 .comment       0x0000000000000053       0x54 ./Middlewares/Third_Party/FreeRTOS/Source/list.o
 .comment       0x0000000000000053       0x54 ./Middlewares/Third_Party/FreeRTOS/Source/queue.o
 .comment       0x0000000000000053       0x54 ./Middlewares/Third_Party/FreeRTOS/Source/tasks.o
 .comment       0x0000000000000053       0x54 ./Middlewares/Third_Party/FreeRTOS/Source/timers.o
 .comment       0x0000000000000053       0x54 ./Middlewares/Third_Party/FreeRTOS/Source/portable/GCC/ARM_CM3/port.o
 .comment       0x0000000000000053       0x54 ./Middlewares/Third_Party/FreeRTOS/Source/portable/MemMang/heap_4.o

.debug_frame    0x0000000000000000     0x3a70
 .debug_frame   0x0000000000000000       0xa4 ./Core/Src/btn_matrix.o
 .debug_frame   0x00000000000000a4      0x148 ./Core/Src/main.o
 .debug_frame   0x00000000000001ec      0x13c ./Core/Src/rs485.o
 .debug_frame   0x0000000000000328       0x7c ./Core/Src/stm32f1xx_hal_msp.o
 .debug_frame   0x00000000000003a4       0xe0 ./Core/Src/stm32f1xx_it.o
 .debug_frame   0x0000000000000484       0x58 ./Core/Src/system_stm32f1xx.o
 .debug_frame   0x00000000000004dc      0x334 ./Drivers/STM32F1xx_HAL_Driver/Src/stm32f1xx_hal.o
 .debug_frame   0x0000000000000810      0x428 ./Drivers/STM32F1xx_HAL_Driver/Src/stm32f1xx_hal_cortex.o
 .debug_frame   0x0000000000000c38      0x208 ./Drivers/STM32F1xx_HAL_Driver/Src/stm32f1xx_hal_dma.o
 .debug_frame   0x0000000000000e40      0x14c ./Drivers/STM32F1xx_HAL_Driver/Src/stm32f1xx_hal_gpio.o
 .debug_frame   0x0000000000000f8c      0x21c ./Drivers/STM32F1xx_HAL_Driver/Src/stm32f1xx_hal_rcc.o
 .debug_frame   0x00000000000011a8      0x914 ./Drivers/STM32F1xx_HAL_Driver/Src/stm32f1xx_hal_uart.o
 .debug_frame   0x0000000000001abc      0x980 ./Middlewares/Third_Party/FreeRTOS/Source/CMSIS_RTOS_V2/cmsis_os2.o
 .debug_frame   0x000000000000243c       0xd8 ./Middlewares/Third_Party/FreeRTOS/Source/list.o
 .debug_frame   0x0000000000002514      0x5ec ./Middlewares/Third_Party/FreeRTOS/Source/queue.o
 .debug_frame   0x0000000000002b00      0x8a8 ./Middlewares/Third_Party/FreeRTOS/Source/tasks.o
 .debug_frame   0x00000000000033a8      0x3b4 ./Middlewares/Third_Party/FreeRTOS/Source/timers.o
 .debug_frame   0x000000000000375c      0x198 ./Middlewares/Third_Party/FreeRTOS/Source/portable/GCC/ARM_CM3/port.o
 .debug_frame   0x00000000000038f4      0x108 ./Middlewares/Third_Party/FreeRTOS/Source/portable/MemMang/heap_4.o
 .debug_frame   0x00000000000039fc       0x2c c:/st/stm32cubeide_1.7.0/stm32cubeide/plugins/com.st.stm32cube.ide.mcu.externaltools.gnu-tools-for-stm32.9-2020-q2-update.win32_2.0.0.202105311346/tools/bin/../lib/gcc/arm-none-eabi/9.3.1/../../../../arm-none-eabi/lib/thumb/v7-m/nofp\libc_nano.a(lib_a-init.o)
 .debug_frame   0x0000000000003a28       0x28 c:/st/stm32cubeide_1.7.0/stm32cubeide/plugins/com.st.stm32cube.ide.mcu.externaltools.gnu-tools-for-stm32.9-2020-q2-update.win32_2.0.0.202105311346/tools/bin/../lib/gcc/arm-none-eabi/9.3.1/../../../../arm-none-eabi/lib/thumb/v7-m/nofp\libc_nano.a(lib_a-memcpy-stub.o)
 .debug_frame   0x0000000000003a50       0x20 c:/st/stm32cubeide_1.7.0/stm32cubeide/plugins/com.st.stm32cube.ide.mcu.externaltools.gnu-tools-for-stm32.9-2020-q2-update.win32_2.0.0.202105311346/tools/bin/../lib/gcc/arm-none-eabi/9.3.1/../../../../arm-none-eabi/lib/thumb/v7-m/nofp\libc_nano.a(lib_a-memset.o)
